Archive member included to satisfy reference by file (symbol)

../../libDaisy//build\libdaisy.a(daisy_seed.o)
                              build/MyNewProject.o (daisy::DaisySeed::GetPin(unsigned char))
../../libDaisy//build\libdaisy.a(codec_ak4556.o)
                              ../../libDaisy//build\libdaisy.a(daisy_seed.o) (daisy::Ak4556::Init(dsy_gpio_pin))
../../libDaisy//build\libdaisy.a(codec_wm8731.o)
                              ../../libDaisy//build\libdaisy.a(daisy_seed.o) (daisy::Wm8731::Init(daisy::Wm8731::Config const&, daisy::I2CHandle))
../../libDaisy//build\libdaisy.a(sdram.o)
                              ../../libDaisy//build\libdaisy.a(daisy_seed.o) (SdramHandle::Init())
../../libDaisy//build\libdaisy.a(audio.o)
                              ../../libDaisy//build\libdaisy.a(daisy_seed.o) (daisy::AudioHandle::Init(daisy::AudioHandle::Config const&, daisy::SaiHandle))
../../libDaisy//build\libdaisy.a(ctrl.o)
                              build/MyNewProject.o (daisy::AnalogControl::Init(unsigned short*, float, bool, bool, float))
../../libDaisy//build\libdaisy.a(logger.o)
                              build/MyNewProject.o (daisy::Logger<(daisy::LoggerDestination)1>::PrintLine(char const*, ...))
../../libDaisy//build\libdaisy.a(parameter.o)
                              build/MyNewProject.o (daisy::Parameter::Init(daisy::AnalogControl, float, float, daisy::Parameter::Curve))
../../libDaisy//build\libdaisy.a(switch.o)
                              build/MyNewProject.o (daisy::Switch::Init(dsy_gpio_pin, float))
../../libDaisy//build\libdaisy.a(usb.o)
                              ../../libDaisy//build\libdaisy.a(logger.o) (daisy::UsbHandle::Init(daisy::UsbHandle::UsbPeriph))
../../libDaisy//build\libdaisy.a(adc.o)
                              build/MyNewProject.o (daisy::AdcChannelConfig::InitSingle(dsy_gpio_pin))
../../libDaisy//build\libdaisy.a(gpio.o)
                              ../../libDaisy//build\libdaisy.a(daisy_seed.o) (dsy_gpio_init)
../../libDaisy//build\libdaisy.a(i2c.o)
                              ../../libDaisy//build\libdaisy.a(daisy_seed.o) (daisy::I2CHandle::Init(daisy::I2CHandle::Config const&))
../../libDaisy//build\libdaisy.a(qspi.o)
                              ../../libDaisy//build\libdaisy.a(daisy_seed.o) (daisy::QSPIHandle::Init(daisy::QSPIHandle::Config const&))
../../libDaisy//build\libdaisy.a(sai.o)
                              ../../libDaisy//build\libdaisy.a(daisy_seed.o) (daisy::SaiHandle::Init(daisy::SaiHandle::Config const&))
../../libDaisy//build\libdaisy.a(tim.o)
                              build/MyNewProject.o (daisy::TimerHandle::Init(daisy::TimerHandle::Config const&))
../../libDaisy//build\libdaisy.a(system.o)
                              ../../libDaisy//build\libdaisy.a(daisy_seed.o) (daisy::System::DeInit())
../../libDaisy//build\libdaisy.a(system_stm32h7xx.o)
                              build/startup_stm32h750xx.o (SystemInit)
../../libDaisy//build\libdaisy.a(usbd_cdc_if.o)
                              ../../libDaisy//build\libdaisy.a(usb.o) (CDC_Transmit_FS)
../../libDaisy//build\libdaisy.a(usbd_conf.o)
                              ../../libDaisy//build\libdaisy.a(system.o) (hpcd_USB_OTG_HS)
../../libDaisy//build\libdaisy.a(usbd_desc.o)
                              ../../libDaisy//build\libdaisy.a(usb.o) (HS_Desc)
../../libDaisy//build\libdaisy.a(usbh_conf.o)
                              ../../libDaisy//build\libdaisy.a(system.o) (hhcd_USB_OTG_HS)
../../libDaisy//build\libdaisy.a(hal_map.o)
                              ../../libDaisy//build\libdaisy.a(gpio.o) (dsy_hal_map_get_port)
../../libDaisy//build\libdaisy.a(stm32h7xx_hal.o)
                              ../../libDaisy//build\libdaisy.a(system.o) (HAL_Init)
../../libDaisy//build\libdaisy.a(stm32h7xx_hal_adc.o)
                              ../../libDaisy//build\libdaisy.a(adc.o) (HAL_ADC_ConfigChannel)
../../libDaisy//build\libdaisy.a(stm32h7xx_hal_adc_ex.o)
                              ../../libDaisy//build\libdaisy.a(adc.o) (HAL_ADCEx_Calibration_Start)
../../libDaisy//build\libdaisy.a(stm32h7xx_hal_cortex.o)
                              ../../libDaisy//build\libdaisy.a(stm32h7xx_hal.o) (HAL_NVIC_SetPriorityGrouping)
../../libDaisy//build\libdaisy.a(stm32h7xx_hal_dma.o)
                              ../../libDaisy//build\libdaisy.a(adc.o) (HAL_DMA_Init)
../../libDaisy//build\libdaisy.a(stm32h7xx_hal_gpio.o)
                              ../../libDaisy//build\libdaisy.a(sdram.o) (HAL_GPIO_Init)
../../libDaisy//build\libdaisy.a(stm32h7xx_hal_hcd.o)
                              ../../libDaisy//build\libdaisy.a(usbh_conf.o) (HAL_HCD_HC_Init)
../../libDaisy//build\libdaisy.a(stm32h7xx_hal_i2c.o)
                              ../../libDaisy//build\libdaisy.a(i2c.o) (HAL_I2C_Init)
../../libDaisy//build\libdaisy.a(stm32h7xx_hal_i2c_ex.o)
                              ../../libDaisy//build\libdaisy.a(i2c.o) (HAL_I2CEx_ConfigAnalogFilter)
[...]
Memory Configuration

Name             Origin             Length             Attributes
FLASH            0x08000000         0x00020000         xr
DTCMRAM          0x20000000         0x00020000         xrw
SRAM             0x24000000         0x00080000         xrw
RAM_D2           0x30000000         0x00048000         xrw
RAM_D3           0x38000000         0x00010000         xrw
ITCMRAM          0x00000000         0x00010000         xrw
SDRAM            0xc0000000         0x04000000         xrw
QSPIFLASH        0x90000000         0x00800000         xr
*default*        0x00000000         0xffffffff

Linker script and memory map

LOAD c:/program files/daisytoolchain/bin/../lib/gcc/arm-none-eabi/10.2.1/thumb/v7e-m+dp/hard/crti.o
LOAD c:/program files/daisytoolchain/bin/../lib/gcc/arm-none-eabi/10.2.1/thumb/v7e-m+dp/hard/crtbegin.o
LOAD c:/program files/daisytoolchain/bin/../lib/gcc/arm-none-eabi/10.2.1/../../../../arm-none-eabi/lib/thumb/v7e-m+dp/hard/crt0.o
LOAD build/startup_stm32h750xx.o
LOAD build/MyNewProject.o
LOAD build/Delay.o
LOAD build/ToneFilter.o
LOAD build/TapTempo.o
LOAD ../../libDaisy//build\libdaisy.a
LOAD c:/program files/daisytoolchain/bin/../lib/gcc/arm-none-eabi/10.2.1/../../../../arm-none-eabi/lib/thumb/v7e-m+dp/hard\libnosys.a
LOAD ../../DaisySP//build\libdaisysp.a
LOAD c:/program files/daisytoolchain/bin/../lib/gcc/arm-none-eabi/10.2.1/../../../../arm-none-eabi/lib/thumb/v7e-m+dp/hard\libstdc++_nano.a
LOAD c:/program files/daisytoolchain/bin/../lib/gcc/arm-none-eabi/10.2.1/../../../../arm-none-eabi/lib/thumb/v7e-m+dp/hard\libm.a
LOAD c:/program files/daisytoolchain/bin/../lib/gcc/arm-none-eabi/10.2.1/../../../../arm-none-eabi/lib/thumb/v7e-m+dp/hard\libc_nano.a
START GROUP
LOAD c:/program files/daisytoolchain/bin/../lib/gcc/arm-none-eabi/10.2.1/thumb/v7e-m+dp/hard\libgcc.a
LOAD c:/program files/daisytoolchain/bin/../lib/gcc/arm-none-eabi/10.2.1/../../../../arm-none-eabi/lib/thumb/v7e-m+dp/hard\libc_nano.a
END GROUP
START GROUP
LOAD c:/program files/daisytoolchain/bin/../lib/gcc/arm-none-eabi/10.2.1/thumb/v7e-m+dp/hard\libgcc.a
LOAD c:/program files/daisytoolchain/bin/../lib/gcc/arm-none-eabi/10.2.1/../../../../arm-none-eabi/lib/thumb/v7e-m+dp/hard\libc_nano.a
LOAD c:/program files/daisytoolchain/bin/../lib/gcc/arm-none-eabi/10.2.1/../../../../arm-none-eabi/lib/thumb/v7e-m+dp/hard\libnosys.a
END GROUP
START GROUP
LOAD c:/program files/daisytoolchain/bin/../lib/gcc/arm-none-eabi/10.2.1/thumb/v7e-m+dp/hard\libgcc.a
LOAD c:/program files/daisytoolchain/bin/../lib/gcc/arm-none-eabi/10.2.1/../../../../arm-none-eabi/lib/thumb/v7e-m+dp/hard\libc_nano.a
LOAD c:/program files/daisytoolchain/bin/../lib/gcc/arm-none-eabi/10.2.1/../../../../arm-none-eabi/lib/thumb/v7e-m+dp/hard\libnosys.a
END GROUP
LOAD c:/program files/daisytoolchain/bin/../lib/gcc/arm-none-eabi/10.2.1/thumb/v7e-m+dp/hard/crtend.o
LOAD c:/program files/daisytoolchain/bin/../lib/gcc/arm-none-eabi/10.2.1/thumb/v7e-m+dp/hard/crtn.o
                0x20020000                _estack = 0x20020000

.isr_vector     0x08000000      0x298
                0x08000000                . = ALIGN (0x4)
 *(.isr_vector)
 .isr_vector    0x08000000      0x298 build/startup_stm32h750xx.o
                0x08000000                g_pfnVectors
                0x08000298                . = ALIGN (0x4)

.text           0x080002a0    0x16d6c
                0x080002a0                . = ALIGN (0x4)
                0x080002a0                _stext = .
 *(.text)
 .text          0x080002a0       0x40 c:/program files/daisytoolchain/bin/../lib/gcc/arm-none-eabi/10.2.1/thumb/v7e-m+dp/hard/crtbegin.o
 .text          0x080002e0       0x10 c:/program files/daisytoolchain/bin/../lib/gcc/arm-none-eabi/10.2.1/../../../../arm-none-eabi/lib/thumb/v7e-m+dp/hard\libc_nano.a(lib_a-strlen.o)
                0x080002e0                strlen
 .text          0x080002f0       0xa0 c:/program files/daisytoolchain/bin/../lib/gcc/arm-none-eabi/10.2.1/../../../../arm-none-eabi/lib/thumb/v7e-m+dp/hard\libc_nano.a(lib_a-memchr.o)
                0x080002f0                memchr
 .text          0x08000390      0x378 c:/program files/daisytoolchain/bin/../lib/gcc/arm-none-eabi/10.2.1/thumb/v7e-m+dp/hard\libgcc.a(_arm_addsubdf3.o)
                0x08000390                __aeabi_drsub
                0x08000398                __aeabi_dsub
                0x08000398                __subdf3
                0x0800039c                __aeabi_dadd
                0x0800039c                __adddf3
                0x08000614                __floatunsidf
                0x08000614                __aeabi_ui2d
                0x08000634                __floatsidf
                0x08000634                __aeabi_i2d
                0x08000658                __aeabi_f2d
                0x08000658                __extendsfdf2
                0x0800069c                __floatundidf
                0x0800069c                __aeabi_ul2d
                0x080006ac                __floatdidf
                0x080006ac                __aeabi_l2d
 .text          0x08000708       0x30 c:/program files/daisytoolchain/bin/../lib/gcc/arm-none-eabi/10.2.1/thumb/v7e-m+dp/hard\libgcc.a(_aeabi_uldivmod.o)
                0x08000708                __aeabi_uldivmod
 .text          0x08000738      0x2d0 c:/program files/daisytoolchain/bin/../lib/gcc/arm-none-eabi/10.2.1/thumb/v7e-m+dp/hard\libgcc.a(_udivmoddi4.o)
                0x08000738                __udivmoddi4
 .text          0x08000a08        0x4 c:/program files/daisytoolchain/bin/../lib/gcc/arm-none-eabi/10.2.1/thumb/v7e-m+dp/hard\libgcc.a(_dvmd_tls.o)
                0x08000a08                __aeabi_idiv0
                0x08000a08                __aeabi_ldiv0
 *(.text*)
 .text.Default_Handler
                0x08000a0c        0x4 build/startup_stm32h750xx.o
                0x08000a0c                RTC_Alarm_IRQHandler
                0x08000a0c                HASH_RNG_IRQHandler
                0x08000a0c                EXTI2_IRQHandler
                0x08000a0c                TIM8_CC_IRQHandler
                0x08000a0c                HRTIM1_Master_IRQHandler
                0x08000a0c                DebugMon_Handler
                0x08000a0c                TIM1_CC_IRQHandler
                0x08000a0c                BDMA_Channel6_IRQHandler
                0x08000a0c                DMA2_Stream5_IRQHandler
                0x08000a0c                HRTIM1_FLT_IRQHandler
                0x08000a0c                JPEG_IRQHandler
                0x08000a0c                BDMA_Channel1_IRQHandler
                0x08000a0c                HRTIM1_TIMD_IRQHandler
                0x08000a0c                TAMP_STAMP_IRQHandler
                0x08000a0c                PendSV_Handler
                0x08000a0c                NMI_Handler
                0x08000a0c                EXTI3_IRQHandler
                0x08000a0c                LPTIM4_IRQHandler
                0x08000a0c                TIM8_TRG_COM_TIM14_IRQHandler
                0x08000a0c                LPTIM2_IRQHandler
                0x08000a0c                DFSDM1_FLT1_IRQHandler
                0x08000a0c                DMAMUX2_OVR_IRQHandler
                0x08000a0c                TIM8_UP_TIM13_IRQHandler
                0x08000a0c                I2C3_ER_IRQHandler
                0x08000a0c                DFSDM1_FLT2_IRQHandler
                0x08000a0c                MDMA_IRQHandler
                0x08000a0c                LPTIM3_IRQHandler
                0x08000a0c                HSEM1_IRQHandler
                0x08000a0c                EXTI0_IRQHandler
                0x08000a0c                FPU_IRQHandler
                0x08000a0c                OTG_HS_WKUP_IRQHandler
                0x08000a0c                FDCAN1_IT1_IRQHandler
                0x08000a0c                UsageFault_Handler
                0x08000a0c                LTDC_ER_IRQHandler
                0x08000a0c                HRTIM1_TIME_IRQHandler
                0x08000a0c                TIM6_DAC_IRQHandler
                0x08000a0c                DCMI_IRQHandler
                0x08000a0c                HRTIM1_TIMC_IRQHandler
                0x08000a0c                SAI2_IRQHandler
                0x08000a0c                DFSDM1_FLT3_IRQHandler
                0x08000a0c                TIM17_IRQHandler
                0x08000a0c                CRYP_IRQHandler
                0x08000a0c                BDMA_Channel7_IRQHandler
                0x08000a0c                LPTIM5_IRQHandler
                0x08000a0c                ADC3_IRQHandler
                0x08000a0c                DMA2_Stream0_IRQHandler
                0x08000a0c                BDMA_Channel2_IRQHandler
                0x08000a0c                DMAMUX1_OVR_IRQHandler
                0x08000a0c                TIM16_IRQHandler
                0x08000a0c                BDMA_Channel5_IRQHandler
                0x08000a0c                RCC_IRQHandler
                0x08000a0c                TIM8_BRK_TIM12_IRQHandler
                0x08000a0c                TIM1_TRG_COM_IRQHandler
                0x08000a0c                Default_Handler
                0x08000a0c                ECC_IRQHandler
                0x08000a0c                CEC_IRQHandler
                0x08000a0c                EXTI15_10_IRQHandler
                0x08000a0c                BDMA_Channel0_IRQHandler
                0x08000a0c                ADC_IRQHandler
                0x08000a0c                DMA1_Stream7_IRQHandler
                0x08000a0c                HRTIM1_TIMA_IRQHandler
                0x08000a0c                TIM7_IRQHandler
                0x08000a0c                SDMMC1_IRQHandler
                0x08000a0c                DMA2_Stream7_IRQHandler
                0x08000a0c                TIM15_IRQHandler
                0x08000a0c                PVD_AVD_IRQHandler
                0x08000a0c                EXTI9_5_IRQHandler
                0x08000a0c                RTC_WKUP_IRQHandler
                0x08000a0c                LTDC_IRQHandler
                0x08000a0c                SAI3_IRQHandler
                0x08000a0c                ETH_WKUP_IRQHandler
                0x08000a0c                SPDIF_RX_IRQHandler
                0x08000a0c                MemManage_Handler
                0x08000a0c                SVC_Handler
                0x08000a0c                CRS_IRQHandler
                0x08000a0c                EXTI4_IRQHandler
                0x08000a0c                HRTIM1_TIMB_IRQHandler
                0x08000a0c                FDCAN2_IT1_IRQHandler
                0x08000a0c                ETH_IRQHandler
                0x08000a0c                TIM1_UP_IRQHandler
                0x08000a0c                BDMA_Channel4_IRQHandler
                0x08000a0c                WWDG_IRQHandler
                0x08000a0c                SPI6_IRQHandler
                0x08000a0c                I2C4_EV_IRQHandler
                0x08000a0c                MDIOS_IRQHandler
                0x08000a0c                FDCAN2_IT0_IRQHandler
                0x08000a0c                FDCAN1_IT0_IRQHandler
                0x08000a0c                OTG_FS_WKUP_IRQHandler
                0x08000a0c                DMA2D_IRQHandler
                0x08000a0c                TIM1_BRK_IRQHandler
                0x08000a0c                EXTI1_IRQHandler
                0x08000a0c                SDMMC2_IRQHandler
                0x08000a0c                BDMA_Channel3_IRQHandler
                0x08000a0c                MDIOS_WKUP_IRQHandler
                0x08000a0c                DFSDM1_FLT0_IRQHandler
                0x08000a0c                SAI4_IRQHandler
                0x08000a0c                I2C2_ER_IRQHandler
                0x08000a0c                DMA2_Stream1_IRQHandler
                0x08000a0c                FLASH_IRQHandler
                0x08000a0c                BusFault_Handler
                0x08000a0c                WAKEUP_PIN_IRQHandler
                0x08000a0c                I2C1_ER_IRQHandler
                0x08000a0c                FMC_IRQHandler
                0x08000a0c                FDCAN_CAL_IRQHandler
                0x08000a0c                SWPMI1_IRQHandler
                0x08000a0c                COMP1_IRQHandler
                0x08000a0c                LPTIM1_IRQHandler
                0x08000a0c                I2C4_ER_IRQHandler
                0x08000a0c                DMA2_Stream6_IRQHandler
                0x08000a0c                SAI1_IRQHandler
 .text.Reset_Handler
                0x08000a10       0x44 build/startup_stm32h750xx.o
                0x08000a10                Reset_Handler
 .text._ZN7daisysp7BalanceD2Ev
                0x08000a54        0x4 build/MyNewProject.o
                0x08000a54                daisysp::Balance::~Balance()
                0x08000a54                daisysp::Balance::~Balance()
 .text._ZN7daisysp9CrossFadeD2Ev
                0x08000a58        0x4 build/MyNewProject.o
                0x08000a58                daisysp::CrossFade::~CrossFade()
                0x08000a58                daisysp::CrossFade::~CrossFade()
 .text._ZN5daisy11TimerHandleD2Ev
                0x08000a5c        0x4 build/MyNewProject.o
                0x08000a5c                daisy::TimerHandle::~TimerHandle()
                0x08000a5c                daisy::TimerHandle::~TimerHandle()
 .text._ZN5daisy6SwitchD2Ev
                0x08000a60        0x4 build/MyNewProject.o
                0x08000a60                daisy::Switch::~Switch()
                0x08000a60                daisy::Switch::~Switch()
 .text._ZN5daisy9ParameterD2Ev
                0x08000a64        0x4 build/MyNewProject.o
                0x08000a64                daisy::Parameter::~Parameter()
                0x08000a64                daisy::Parameter::~Parameter()
 .text._ZN5daisy9DaisySeedD2Ev
                0x08000a68        0x4 build/MyNewProject.o
                0x08000a68                daisy::DaisySeed::~DaisySeed()
                0x08000a68                daisy::DaisySeed::~DaisySeed()
 .text.__tcf_0  0x08000a6c        0x4 build/MyNewProject.o
 .text._ZN10ToneFilterD2Ev
                0x08000a70        0x4 build/MyNewProject.o
                0x08000a70                ToneFilter::~ToneFilter()
                0x08000a70                ToneFilter::~ToneFilter()
 .text.__tcf_1  0x08000a74        0x4 build/MyNewProject.o
 .text._Z15InitHeadButtonsv
                0x08000a78       0x38 build/MyNewProject.o
                0x08000a78                InitHeadButtons()
 .text._Z15ProcessControlsv
                0x08000ab0       0x90 build/MyNewProject.o
                0x08000ab0                ProcessControls()
 .text._ZL13AudioCallbackPKPKfPPfj
                0x08000b40      0x14c build/MyNewProject.o
 .text._Z9initDelayv
                0x08000c8c       0x40 build/MyNewProject.o
                0x08000c8c                initDelay()
 .text.startup.main
                0x08000ccc      0x1dc build/MyNewProject.o
                0x08000ccc                main
 .text.startup._GLOBAL__sub_I_delayMems
                0x08000ea8      0x12c build/MyNewProject.o
 .text._ZN6DelayyC2Ev
                0x08000fd4       0x20 build/Delay.o
                0x08000fd4                Delayy::Delayy()
                0x08000fd4                Delayy::Delayy()
 .text._ZN6Delayy7stopAllEv
                0x08000ff4        0x8 build/Delay.o
                0x08000ff4                Delayy::stopAll()
 .text._ZN6Delayy6setBPMEf
                0x08000ffc        0x8 build/Delay.o
                0x08000ffc                Delayy::setBPM(float)
 .text._ZN6Delayy11setFeedbackERKf
                0x08001004        0x8 build/Delay.o
                0x08001004                Delayy::setFeedback(float const&)
 .text._ZN6Delayy7processEf
                0x0800100c      0x11c build/Delay.o
                0x0800100c                Delayy::process(float)
 .text._ZN6Delayy10toggleHeadERKi
                0x08001128       0x10 build/Delay.o
                0x08001128                Delayy::toggleHead(int const&)
 .text._ZN10ToneFilterC2Ef
                0x08001138       0x48 build/ToneFilter.o
                0x08001138                ToneFilter::ToneFilter(float)
                0x08001138                ToneFilter::ToneFilter(float)
 .text._ZN10ToneFilter7setFreqEf
                0x08001180       0xac build/ToneFilter.o
                0x08001180                ToneFilter::setFreq(float)
 .text._ZN10ToneFilter7processEf
                0x0800122c       0x40 build/ToneFilter.o
                0x0800122c                ToneFilter::process(float)
 .text._ZN10ToneFilter9getFactorEv
                0x0800126c        0x8 build/ToneFilter.o
                0x0800126c                ToneFilter::getFactor()
 *fill*         0x08001274        0x4 
 .text._ZN8TapTempo6getBPMEv
                0x08001278       0x20 build/TapTempo.o
                0x08001278                TapTempo::getBPM()
 .text._ZN8TapTempo13addTapToChainEm
                0x08001298       0xbc build/TapTempo.o
                0x08001298                TapTempo::addTapToChain(unsigned long)
 .text._ZN8TapTempo3tapEm
                0x08001354       0x40 build/TapTempo.o
                0x08001354                TapTempo::tap(unsigned long)
 .text._ZN8TapTempo6updateEb
                0x08001394       0x2c build/TapTempo.o
                0x08001394                TapTempo::update(bool)
 .text._ZN5daisy9DaisySeed6GetPinEh
                0x080013c0       0x2c ../../libDaisy//build\libdaisy.a(daisy_seed.o)
                0x080013c0                daisy::DaisySeed::GetPin(unsigned char)
 .text._ZN5daisy9DaisySeed10StartAudioEPFvPKPKfPPfjE
                0x080013ec        0x8 ../../libDaisy//build\libdaisy.a(daisy_seed.o)
                0x080013ec                daisy::DaisySeed::StartAudio(void (*)(float const* const*, float**, unsigned int))
 .text._ZN5daisy9DaisySeed18SetAudioSampleRateENS_9SaiHandle6Config10SampleRateE
                0x080013f4       0x38 ../../libDaisy//build\libdaisy.a(daisy_seed.o)
                0x080013f4                daisy::DaisySeed::SetAudioSampleRate(daisy::SaiHandle::Config::SampleRate)
 .text._ZN5daisy9DaisySeed15AudioSampleRateEv
                0x0800142c        0x8 ../../libDaisy//build\libdaisy.a(daisy_seed.o)
                0x0800142c                daisy::DaisySeed::AudioSampleRate()
 .text._ZN5daisy9DaisySeed17SetAudioBlockSizeEj
                0x08001434       0x38 ../../libDaisy//build\libdaisy.a(daisy_seed.o)
                0x08001434                daisy::DaisySeed::SetAudioBlockSize(unsigned int)
 .text._ZN5daisy9DaisySeed14ConfigureAudioEv
                0x0800146c       0xd0 ../../libDaisy//build\libdaisy.a(daisy_seed.o)
                0x0800146c                daisy::DaisySeed::ConfigureAudio()
 .text._ZN5daisy9DaisySeed4InitEb
                0x0800153c       0xf0 ../../libDaisy//build\libdaisy.a(daisy_seed.o)
                0x0800153c                daisy::DaisySeed::Init(bool)
 .text._ZN5daisy6Ak45564InitE12dsy_gpio_pin
                0x0800162c       0x44 ../../libDaisy//build\libdaisy.a(codec_ak4556.o)
                0x0800162c                daisy::Ak4556::Init(dsy_gpio_pin)
 .text._ZN5daisy6Wm873120WriteControlRegisterEht
                0x08001670       0x3c ../../libDaisy//build\libdaisy.a(codec_wm8731.o)
                0x08001670                daisy::Wm8731::WriteControlRegister(unsigned char, unsigned short)
 .text._ZN5daisy6Wm87314InitERKNS0_6ConfigENS_9I2CHandleE
                0x080016ac      0x1bc ../../libDaisy//build\libdaisy.a(codec_wm8731.o)
                0x080016ac                daisy::Wm8731::Init(daisy::Wm8731::Config const&, daisy::I2CHandle)
 .text._ZN11SdramHandle10DeviceInitEv
                0x08001868       0x98 ../../libDaisy//build\libdaisy.a(sdram.o)
                0x08001868                SdramHandle::DeviceInit()
 .text._ZN11SdramHandle4InitEv
                0x08001900       0x7c ../../libDaisy//build\libdaisy.a(sdram.o)
                0x08001900                SdramHandle::Init()
 .text.HAL_SDRAM_MspInit
                0x0800197c      0x1a8 ../../libDaisy//build\libdaisy.a(sdram.o)
                0x0800197c                HAL_SDRAM_MspInit
 .text._ZN5daisy11AudioHandle4Impl16InternalCallbackEPlS2_j
                0x08001b24      0xbbc ../../libDaisy//build\libdaisy.a(audio.o)
                0x08001b24                daisy::AudioHandle::Impl::InternalCallback(long*, long*, unsigned int)
 .text._ZN5daisy11AudioHandle4InitERKNS0_6ConfigENS_9SaiHandleE
                0x080026e0       0x70 ../../libDaisy//build\libdaisy.a(audio.o)
                0x080026e0                daisy::AudioHandle::Init(daisy::AudioHandle::Config const&, daisy::SaiHandle)
 .text._ZNK5daisy11AudioHandle9GetConfigEv
                0x08002750        0x8 ../../libDaisy//build\libdaisy.a(audio.o)
                0x08002750                daisy::AudioHandle::GetConfig() const
 .text._ZN5daisy11AudioHandle12SetBlockSizeEj
                0x08002758       0x1c ../../libDaisy//build\libdaisy.a(audio.o)
                0x08002758                daisy::AudioHandle::SetBlockSize(unsigned int)
 .text._ZN5daisy11AudioHandle13GetSampleRateEv
                0x08002774        0x8 ../../libDaisy//build\libdaisy.a(audio.o)
                0x08002774                daisy::AudioHandle::GetSampleRate()
 .text._ZN5daisy11AudioHandle13SetSampleRateENS_9SaiHandle6Config10SampleRateE
                0x0800277c       0x88 ../../libDaisy//build\libdaisy.a(audio.o)
                0x0800277c                daisy::AudioHandle::SetSampleRate(daisy::SaiHandle::Config::SampleRate)
 .text._ZN5daisy11AudioHandle5StartEPFvPKPKfPPfjE
                0x08002804       0x44 ../../libDaisy//build\libdaisy.a(audio.o)
                0x08002804                daisy::AudioHandle::Start(void (*)(float const* const*, float**, unsigned int))
 .text.startup._GLOBAL__sub_I__ZN5daisy11AudioHandle4Impl4InitENS0_6ConfigENS_9SaiHandleE
                0x08002848       0x24 ../../libDaisy//build\libdaisy.a(audio.o)
 .text._ZN5daisy13AnalogControl4InitEPtfbbf
                0x0800286c       0x64 ../../libDaisy//build\libdaisy.a(ctrl.o)
                0x0800286c                daisy::AnalogControl::Init(unsigned short*, float, bool, bool, float)
 .text._ZN5daisy13AnalogControl7ProcessEv
                0x080028d0       0x48 ../../libDaisy//build\libdaisy.a(ctrl.o)
                0x080028d0                daisy::AnalogControl::Process()
 .text._ZN5daisy9UsbHandleD2Ev
                0x08002918        0x4 ../../libDaisy//build\libdaisy.a(logger.o)
                0x08002918                daisy::UsbHandle::~UsbHandle()
                0x08002918                daisy::UsbHandle::~UsbHandle()
 .text._ZN5daisy6LoggerILNS_17LoggerDestinationE1EE11TransmitBufEv
                0x0800291c       0x60 ../../libDaisy//build\libdaisy.a(logger.o)
                0x0800291c                daisy::Logger<(daisy::LoggerDestination)1>::TransmitBuf()
 .text._ZN5daisy6LoggerILNS_17LoggerDestinationE1EE13AppendNewLineEv
                0x0800297c       0x60 ../../libDaisy//build\libdaisy.a(logger.o)
                0x0800297c                daisy::Logger<(daisy::LoggerDestination)1>::AppendNewLine()
 .text._ZN5daisy6LoggerILNS_17LoggerDestinationE1EE10PrintLineVEPKcSt9__va_list
                0x080029dc       0x30 ../../libDaisy//build\libdaisy.a(logger.o)
                0x080029dc                daisy::Logger<(daisy::LoggerDestination)1>::PrintLineV(char const*, std::__va_list)
 .text._ZN5daisy6LoggerILNS_17LoggerDestinationE1EE9PrintLineEPKcz
                0x08002a0c       0x1c ../../libDaisy//build\libdaisy.a(logger.o)
                0x08002a0c                daisy::Logger<(daisy::LoggerDestination)1>::PrintLine(char const*, ...)
 .text._ZN5daisy6LoggerILNS_17LoggerDestinationE1EE8StartLogEb
                0x08002a28       0x40 ../../libDaisy//build\libdaisy.a(logger.o)
                0x08002a28                daisy::Logger<(daisy::LoggerDestination)1>::StartLog(bool)
 .text.startup._GLOBAL__sub_I__ZN5daisy10LoggerImplILNS_17LoggerDestinationE1EE11usb_handle_E
                0x08002a68       0x2c ../../libDaisy//build\libdaisy.a(logger.o)
 .text._ZN5daisy9Parameter4InitENS_13AnalogControlEffNS0_5CurveE
                0x08002a94       0x60 ../../libDaisy//build\libdaisy.a(parameter.o)
                0x08002a94                daisy::Parameter::Init(daisy::AnalogControl, float, float, daisy::Parameter::Curve)
 .text._ZN5daisy9Parameter7ProcessEv
                0x08002af4       0xac ../../libDaisy//build\libdaisy.a(parameter.o)
                0x08002af4                daisy::Parameter::Process()
 .text._ZN5daisy6Switch4InitE12dsy_gpio_pinf
                0x08002ba0       0x34 ../../libDaisy//build\libdaisy.a(switch.o)
                0x08002ba0                daisy::Switch::Init(dsy_gpio_pin, float)
 .text._ZN5daisy6Switch8DebounceEv
                0x08002bd4       0x5c ../../libDaisy//build\libdaisy.a(switch.o)
                0x08002bd4                daisy::Switch::Debounce()
 .text.DummyRxCallback
                0x08002c30        0x4 ../../libDaisy//build\libdaisy.a(usb.o)
                0x08002c30                DummyRxCallback
 .text._ZN5daisy9UsbHandle4InitENS0_9UsbPeriphE
                0x08002c34      0x10c ../../libDaisy//build\libdaisy.a(usb.o)
                0x08002c34                daisy::UsbHandle::Init(daisy::UsbHandle::UsbPeriph)
 .text._ZN5daisy9UsbHandle16TransmitInternalEPhj
                0x08002d40       0x14 ../../libDaisy//build\libdaisy.a(usb.o)
                0x08002d40                daisy::UsbHandle::TransmitInternal(unsigned char*, unsigned int)
 .text.OTG_FS_EP1_OUT_IRQHandler
                0x08002d54        0xc ../../libDaisy//build\libdaisy.a(usb.o)
                0x08002d54                OTG_FS_EP1_OUT_IRQHandler
 .text.OTG_FS_EP1_IN_IRQHandler
                0x08002d60        0xc ../../libDaisy//build\libdaisy.a(usb.o)
                0x08002d60                OTG_FS_EP1_IN_IRQHandler
 .text.OTG_FS_IRQHandler
                0x08002d6c        0xc ../../libDaisy//build\libdaisy.a(usb.o)
                0x08002d6c                OTG_FS_IRQHandler
 .text._ZN5daisy16AdcChannelConfig10InitSingleE12dsy_gpio_pin
                0x08002d78       0x1c ../../libDaisy//build\libdaisy.a(adc.o)
                0x08002d78                daisy::AdcChannelConfig::InitSingle(dsy_gpio_pin)
 .text._ZN5daisy9AdcHandle4InitEPNS_16AdcChannelConfigEjNS0_12OverSamplingE
                0x08002d94      0x3c8 ../../libDaisy//build\libdaisy.a(adc.o)
                0x08002d94                daisy::AdcHandle::Init(daisy::AdcChannelConfig*, unsigned int, daisy::AdcHandle::OverSampling)
 .text._ZN5daisy9AdcHandle5StartEv
                0x0800315c       0x2c ../../libDaisy//build\libdaisy.a(adc.o)
                0x0800315c                daisy::AdcHandle::Start()
 .text._ZNK5daisy9AdcHandle6GetPtrEh
                0x08003188       0x14 ../../libDaisy//build\libdaisy.a(adc.o)
                0x08003188                daisy::AdcHandle::GetPtr(unsigned char) const
 .text.HAL_ADC_MspInit
                0x0800319c       0x98 ../../libDaisy//build\libdaisy.a(adc.o)
                0x0800319c                HAL_ADC_MspInit
 .text.DMA1_Stream2_IRQHandler
                0x08003234        0xc ../../libDaisy//build\libdaisy.a(adc.o)
                0x08003234                DMA1_Stream2_IRQHandler
 .text.HAL_ADC_ConvCpltCallback
                0x08003240      0x148 ../../libDaisy//build\libdaisy.a(adc.o)
                0x08003240                HAL_ADC_ConvCpltCallback
 .text.HAL_ADC_ErrorCallback
                0x08003388        0x4 ../../libDaisy//build\libdaisy.a(adc.o)
                0x08003388                HAL_ADC_ErrorCallback
 .text.dsy_gpio_init
                0x0800338c      0x1b8 ../../libDaisy//build\libdaisy.a(gpio.o)
                0x0800338c                dsy_gpio_init
 .text.dsy_gpio_read
                0x08003544       0x1c ../../libDaisy//build\libdaisy.a(gpio.o)
                0x08003544                dsy_gpio_read
 .text.dsy_gpio_write
                0x08003560       0x24 ../../libDaisy//build\libdaisy.a(gpio.o)
                0x08003560                dsy_gpio_write
 .text._ZN5daisy9I2CHandle4Impl8InitPinsEv
                0x08003584       0x58 ../../libDaisy//build\libdaisy.a(i2c.o)
                0x08003584                daisy::I2CHandle::Impl::InitPins()
 .text.HAL_I2C_MspInit
                0x080035dc      0x1b4 ../../libDaisy//build\libdaisy.a(i2c.o)
                0x080035dc                HAL_I2C_MspInit
 .text.dsy_i2c_global_init
                0x08003790       0x78 ../../libDaisy//build\libdaisy.a(i2c.o)
                0x08003790                dsy_i2c_global_init
 .text.DMA1_Stream6_IRQHandler
                0x08003808       0x34 ../../libDaisy//build\libdaisy.a(i2c.o)
                0x08003808                DMA1_Stream6_IRQHandler
 .text.I2C1_EV_IRQHandler
                0x0800383c        0xc ../../libDaisy//build\libdaisy.a(i2c.o)
                0x0800383c                I2C1_EV_IRQHandler
 .text.I2C2_EV_IRQHandler
                0x08003848        0xc ../../libDaisy//build\libdaisy.a(i2c.o)
                0x08003848                I2C2_EV_IRQHandler
 .text.I2C3_EV_IRQHandler
                0x08003854        0xc ../../libDaisy//build\libdaisy.a(i2c.o)
                0x08003854                I2C3_EV_IRQHandler
 .text._ZN5daisy9I2CHandle4InitERKNS0_6ConfigE
                0x08003860      0x12c ../../libDaisy//build\libdaisy.a(i2c.o)
                0x08003860                daisy::I2CHandle::Init(daisy::I2CHandle::Config const&)
 .text._ZN5daisy9I2CHandle16TransmitBlockingEtPhtm
                0x0800398c       0x50 ../../libDaisy//build\libdaisy.a(i2c.o)
                0x0800398c                daisy::I2CHandle::TransmitBlocking(unsigned short, unsigned char*, unsigned short, unsigned long)
 .text.startup._GLOBAL__sub_I__ZN5daisy9I2CHandle4Impl10GlobalInitEv
                0x080039dc       0x18 ../../libDaisy//build\libdaisy.a(i2c.o)
 .text._ZN5daisy10QSPIHandle4Impl11WriteEnableEv
                0x080039f4       0x8c ../../libDaisy//build\libdaisy.a(qspi.o)
                0x080039f4                daisy::QSPIHandle::Impl::WriteEnable()
 .text._ZN5daisy10QSPIHandle4Impl17DummyCyclesConfigENS0_6Config6DeviceE
                0x08003a80      0x118 ../../libDaisy//build\libdaisy.a(qspi.o)
                0x08003a80                daisy::QSPIHandle::Impl::DummyCyclesConfig(daisy::QSPIHandle::Config::Device)
 .text._ZN5daisy10QSPIHandle4Impl10QuadEnableEv
                0x08003b98      0x158 ../../libDaisy//build\libdaisy.a(qspi.o)
                0x08003b98                daisy::QSPIHandle::Impl::QuadEnable()
 .text._ZN5daisy10QSPIHandle4InitERKNS0_6ConfigE
                0x08003cf0      0x198 ../../libDaisy//build\libdaisy.a(qspi.o)
                0x08003cf0                daisy::QSPIHandle::Init(daisy::QSPIHandle::Config const&)
 .text.HAL_QSPI_MspInit
                0x08003e88      0x11c ../../libDaisy//build\libdaisy.a(qspi.o)
                0x08003e88                HAL_QSPI_MspInit
 .text.HAL_QSPI_MspDeInit
                0x08003fa4       0x54 ../../libDaisy//build\libdaisy.a(qspi.o)
                0x08003fa4                HAL_QSPI_MspDeInit
 .text.QUADSPI_IRQHandler
                0x08003ff8        0xc ../../libDaisy//build\libdaisy.a(qspi.o)
                0x08003ff8                QUADSPI_IRQHandler
 .text.startup._GLOBAL__sub_I__ZN5daisy10QSPIHandle4Impl4InitERKNS0_6ConfigE
                0x08004004       0x28 ../../libDaisy//build\libdaisy.a(qspi.o)
 .text._ZN5daisy9SaiHandle4Impl7InitDmaENS1_15PeripheralBlockE
                0x0800402c       0xa0 ../../libDaisy//build\libdaisy.a(sai.o)
                0x0800402c                daisy::SaiHandle::Impl::InitDma(daisy::SaiHandle::Impl::PeripheralBlock)
 .text._ZN5daisy9SaiHandle4Impl8InitPinsEv
                0x080040cc       0xa8 ../../libDaisy//build\libdaisy.a(sai.o)
                0x080040cc                daisy::SaiHandle::Impl::InitPins()
 .text.HAL_SAI_MspInit
                0x08004174      0x164 ../../libDaisy//build\libdaisy.a(sai.o)
                0x08004174                HAL_SAI_MspInit
 .text.DMA1_Stream0_IRQHandler
                0x080042d8        0xc ../../libDaisy//build\libdaisy.a(sai.o)
                0x080042d8                DMA1_Stream0_IRQHandler
 .text.DMA1_Stream1_IRQHandler
                0x080042e4        0xc ../../libDaisy//build\libdaisy.a(sai.o)
                0x080042e4                DMA1_Stream1_IRQHandler
 .text.DMA1_Stream3_IRQHandler
                0x080042f0        0xc ../../libDaisy//build\libdaisy.a(sai.o)
                0x080042f0                DMA1_Stream3_IRQHandler
 .text.DMA1_Stream4_IRQHandler
                0x080042fc        0xc ../../libDaisy//build\libdaisy.a(sai.o)
                0x080042fc                DMA1_Stream4_IRQHandler
 .text.HAL_SAI_RxHalfCpltCallback
                0x08004308       0x78 ../../libDaisy//build\libdaisy.a(sai.o)
                0x08004308                HAL_SAI_RxHalfCpltCallback
 .text.HAL_SAI_RxCpltCallback
                0x08004380       0x70 ../../libDaisy//build\libdaisy.a(sai.o)
                0x08004380                HAL_SAI_RxCpltCallback
 .text._ZN5daisy9SaiHandle4InitERKNS0_6ConfigE
                0x080043f0      0x1f0 ../../libDaisy//build\libdaisy.a(sai.o)
                0x080043f0                daisy::SaiHandle::Init(daisy::SaiHandle::Config const&)
 .text._ZNK5daisy9SaiHandle9GetConfigEv
                0x080045e0        0x4 ../../libDaisy//build\libdaisy.a(sai.o)
                0x080045e0                daisy::SaiHandle::GetConfig() const
 .text._ZN5daisy9SaiHandle8StartDmaEPlS1_jPFvS1_S1_jE
                0x080045e4       0xbc ../../libDaisy//build\libdaisy.a(sai.o)
                0x080045e4                daisy::SaiHandle::StartDma(long*, long*, unsigned int, void (*)(long*, long*, unsigned int))
 .text._ZN5daisy9SaiHandle13GetSampleRateEv
                0x080046a0       0x24 ../../libDaisy//build\libdaisy.a(sai.o)
                0x080046a0                daisy::SaiHandle::GetSampleRate()
 .text._ZNK5daisy9SaiHandle9GetOffsetEv
                0x080046c4        0x8 ../../libDaisy//build\libdaisy.a(sai.o)
                0x080046c4                daisy::SaiHandle::GetOffset() const
 .text.HAL_TIM_Base_MspInit
                0x080046cc      0x1e0 ../../libDaisy//build\libdaisy.a(tim.o)
                0x080046cc                HAL_TIM_Base_MspInit
 .text.HAL_TIM_PeriodElapsedCallback
                0x080048ac       0x44 ../../libDaisy//build\libdaisy.a(tim.o)
                0x080048ac                HAL_TIM_PeriodElapsedCallback
 .text.TIM2_IRQHandler
                0x080048f0        0xc ../../libDaisy//build\libdaisy.a(tim.o)
                0x080048f0                TIM2_IRQHandler
 .text.TIM3_IRQHandler
                0x080048fc        0xc ../../libDaisy//build\libdaisy.a(tim.o)
                0x080048fc                TIM3_IRQHandler
 .text.TIM4_IRQHandler
                0x08004908        0xc ../../libDaisy//build\libdaisy.a(tim.o)
                0x08004908                TIM4_IRQHandler
 .text.TIM5_IRQHandler
                0x08004914        0xc ../../libDaisy//build\libdaisy.a(tim.o)
                0x08004914                TIM5_IRQHandler
 .text._ZN5daisy11TimerHandle4InitERKNS0_6ConfigE
                0x08004920       0xd0 ../../libDaisy//build\libdaisy.a(tim.o)
                0x08004920                daisy::TimerHandle::Init(daisy::TimerHandle::Config const&)
 .text._ZN5daisy11TimerHandle5StartEv
                0x080049f0       0x24 ../../libDaisy//build\libdaisy.a(tim.o)
                0x080049f0                daisy::TimerHandle::Start()
 .text._ZN5daisy11TimerHandle4StopEv
                0x08004a14       0x14 ../../libDaisy//build\libdaisy.a(tim.o)
                0x08004a14                daisy::TimerHandle::Stop()
 .text.startup._GLOBAL__sub_I__ZN5daisy11TimerHandle4Impl4InitERKNS0_6ConfigE
                0x08004a28       0x38 ../../libDaisy//build\libdaisy.a(tim.o)
 .text.SysTick_Handler
                0x08004a60       0x10 ../../libDaisy//build\libdaisy.a(system.o)
                0x08004a60                SysTick_Handler
 .text.OTG_HS_EP1_OUT_IRQHandler
                0x08004a70       0x24 ../../libDaisy//build\libdaisy.a(system.o)
                0x08004a70                OTG_HS_EP1_OUT_IRQHandler
 .text.OTG_HS_EP1_IN_IRQHandler
                0x08004a94       0x24 ../../libDaisy//build\libdaisy.a(system.o)
                0x08004a94                OTG_HS_EP1_IN_IRQHandler
 .text.OTG_HS_IRQHandler
                0x08004ab8       0x24 ../../libDaisy//build\libdaisy.a(system.o)
                0x08004ab8                OTG_HS_IRQHandler
 .text.HardFault_Handler
                0x08004adc       0xe0 ../../libDaisy//build\libdaisy.a(system.o)
                0x08004adc                HardFault_Handler
 .text._ZN5daisy6System6GetNowEv
                0x08004bbc        0x4 ../../libDaisy//build\libdaisy.a(system.o)
                0x08004bbc                daisy::System::GetNow()
 .text._ZN5daisy6System5DelayEm
                0x08004bc0        0x4 ../../libDaisy//build\libdaisy.a(system.o)
                0x08004bc0                daisy::System::Delay(unsigned long)
 .text._ZN5daisy6System15ConfigureClocksEv
                0x08004bc4      0x194 ../../libDaisy//build\libdaisy.a(system.o)
                0x08004bc4                daisy::System::ConfigureClocks()
 .text._ZN5daisy6System4InitERKNS0_6ConfigE
                0x08004d58      0x140 ../../libDaisy//build\libdaisy.a(system.o)
                0x08004d58                daisy::System::Init(daisy::System::Config const&)
 .text._ZN5daisy6System12GetPClk1FreqEv
                0x08004e98        0x4 ../../libDaisy//build\libdaisy.a(system.o)
                0x08004e98                daisy::System::GetPClk1Freq()
 .text._ZN5daisy6System22GetProgramMemoryRegionEv
                0x08004e9c       0x78 ../../libDaisy//build\libdaisy.a(system.o)
                0x08004e9c                daisy::System::GetProgramMemoryRegion()
 .text.startup._GLOBAL__sub_I_SysTick_Handler
                0x08004f14       0x1c ../../libDaisy//build\libdaisy.a(system.o)
 .text.SystemInit
                0x08004f30       0x9c ../../libDaisy//build\libdaisy.a(system_stm32h7xx.o)
                0x08004f30                SystemInit
 .text.dummy_rx_callback
                0x08004fcc        0x4 ../../libDaisy//build\libdaisy.a(usbd_cdc_if.o)
                0x08004fcc                dummy_rx_callback
 .text.CDC_DeInit_FS
                0x08004fd0        0x4 ../../libDaisy//build\libdaisy.a(usbd_cdc_if.o)
 .text.CDC_Receive_FS
                0x08004fd4       0x2c ../../libDaisy//build\libdaisy.a(usbd_cdc_if.o)
 .text.CDC_Receive_HS
                0x08005000       0x2c ../../libDaisy//build\libdaisy.a(usbd_cdc_if.o)
 .text.CDC_Init_FS
                0x0800502c       0x3c ../../libDaisy//build\libdaisy.a(usbd_cdc_if.o)
 .text.CDC_Init_HS
                0x08005068       0x3c ../../libDaisy//build\libdaisy.a(usbd_cdc_if.o)
 .text.CDC_Control_FS
                0x080050a4       0x34 ../../libDaisy//build\libdaisy.a(usbd_cdc_if.o)
 .text.CDC_Control_HS
                0x080050d8       0x34 ../../libDaisy//build\libdaisy.a(usbd_cdc_if.o)
 .text.CDC_DeInit_HS
                0x0800510c        0x4 ../../libDaisy//build\libdaisy.a(usbd_cdc_if.o)
 .text.CDC_Transmit_FS
                0x08005110       0x2c ../../libDaisy//build\libdaisy.a(usbd_cdc_if.o)
                0x08005110                CDC_Transmit_FS
 .text.HAL_PCD_MspInit
                0x0800513c      0x144 ../../libDaisy//build\libdaisy.a(usbd_conf.o)
                0x0800513c                HAL_PCD_MspInit
 .text.HAL_PCD_SetupStageCallback
                0x08005280        0xc ../../libDaisy//build\libdaisy.a(usbd_conf.o)
                0x08005280                HAL_PCD_SetupStageCallback
 .text.HAL_PCD_DataOutStageCallback
                0x0800528c       0x14 ../../libDaisy//build\libdaisy.a(usbd_conf.o)
                0x0800528c                HAL_PCD_DataOutStageCallback
 .text.HAL_PCD_DataInStageCallback
                0x080052a0       0x14 ../../libDaisy//build\libdaisy.a(usbd_conf.o)
                0x080052a0                HAL_PCD_DataInStageCallback
 .text.HAL_PCD_SOFCallback
                0x080052b4        0x8 ../../libDaisy//build\libdaisy.a(usbd_conf.o)
                0x080052b4                HAL_PCD_SOFCallback
 .text.HAL_PCD_ResetCallback
                0x080052bc       0x24 ../../libDaisy//build\libdaisy.a(usbd_conf.o)
                0x080052bc                HAL_PCD_ResetCallback
 .text.HAL_PCD_SuspendCallback
                0x080052e0       0x30 ../../libDaisy//build\libdaisy.a(usbd_conf.o)
                0x080052e0                HAL_PCD_SuspendCallback
 .text.HAL_PCD_ResumeCallback
                0x08005310        0x8 ../../libDaisy//build\libdaisy.a(usbd_conf.o)
                0x08005310                HAL_PCD_ResumeCallback
 .text.HAL_PCD_ISOOUTIncompleteCallback
                0x08005318        0x8 ../../libDaisy//build\libdaisy.a(usbd_conf.o)
                0x08005318                HAL_PCD_ISOOUTIncompleteCallback
 .text.HAL_PCD_ISOINIncompleteCallback
                0x08005320        0x8 ../../libDaisy//build\libdaisy.a(usbd_conf.o)
                0x08005320                HAL_PCD_ISOINIncompleteCallback
 .text.HAL_PCD_ConnectCallback
                0x08005328        0x8 ../../libDaisy//build\libdaisy.a(usbd_conf.o)
                0x08005328                HAL_PCD_ConnectCallback
 .text.HAL_PCD_DisconnectCallback
                0x08005330        0x8 ../../libDaisy//build\libdaisy.a(usbd_conf.o)
                0x08005330                HAL_PCD_DisconnectCallback
 .text.USBD_LL_Init
                0x08005338       0xe4 ../../libDaisy//build\libdaisy.a(usbd_conf.o)
                0x08005338                USBD_LL_Init
 .text.USBD_LL_Start
                0x0800541c       0x1c ../../libDaisy//build\libdaisy.a(usbd_conf.o)
                0x0800541c                USBD_LL_Start
 .text.USBD_LL_OpenEP
                0x08005438       0x24 ../../libDaisy//build\libdaisy.a(usbd_conf.o)
                0x08005438                USBD_LL_OpenEP
 .text.USBD_LL_CloseEP
                0x0800545c       0x1c ../../libDaisy//build\libdaisy.a(usbd_conf.o)
                0x0800545c                USBD_LL_CloseEP
 .text.USBD_LL_StallEP
                0x08005478       0x1c ../../libDaisy//build\libdaisy.a(usbd_conf.o)
                0x08005478                USBD_LL_StallEP
 .text.USBD_LL_ClearStallEP
                0x08005494       0x1c ../../libDaisy//build\libdaisy.a(usbd_conf.o)
                0x08005494                USBD_LL_ClearStallEP
 .text.USBD_LL_IsStallEP
                0x080054b0       0x28 ../../libDaisy//build\libdaisy.a(usbd_conf.o)
                0x080054b0                USBD_LL_IsStallEP
 .text.USBD_LL_SetUSBAddress
                0x080054d8       0x1c ../../libDaisy//build\libdaisy.a(usbd_conf.o)
                0x080054d8                USBD_LL_SetUSBAddress
 .text.USBD_LL_Transmit
                0x080054f4       0x1c ../../libDaisy//build\libdaisy.a(usbd_conf.o)
                0x080054f4                USBD_LL_Transmit
 .text.USBD_LL_PrepareReceive
                0x08005510       0x1c ../../libDaisy//build\libdaisy.a(usbd_conf.o)
                0x08005510                USBD_LL_PrepareReceive
 .text.USBD_LL_GetRxDataSize
                0x0800552c        0x8 ../../libDaisy//build\libdaisy.a(usbd_conf.o)
                0x0800552c                USBD_LL_GetRxDataSize
 .text.USBD_HS_DeviceDescriptor
                0x08005534        0xc ../../libDaisy//build\libdaisy.a(usbd_desc.o)
                0x08005534                USBD_HS_DeviceDescriptor
 .text.USBD_FS_DeviceDescriptor
                0x08005540        0xc ../../libDaisy//build\libdaisy.a(usbd_desc.o)
                0x08005540                USBD_FS_DeviceDescriptor
 .text.USBD_FS_LangIDStrDescriptor
                0x0800554c        0xc ../../libDaisy//build\libdaisy.a(usbd_desc.o)
                0x0800554c                USBD_FS_LangIDStrDescriptor
 .text.USBD_FS_ManufacturerStrDescriptor
                0x08005558       0x1c ../../libDaisy//build\libdaisy.a(usbd_desc.o)
                0x08005558                USBD_FS_ManufacturerStrDescriptor
 .text.USBD_HS_ProductStrDescriptor
                0x08005574       0x1c ../../libDaisy//build\libdaisy.a(usbd_desc.o)
                0x08005574                USBD_HS_ProductStrDescriptor
 .text.USBD_FS_ConfigStrDescriptor
                0x08005590       0x1c ../../libDaisy//build\libdaisy.a(usbd_desc.o)
                0x08005590                USBD_FS_ConfigStrDescriptor
 .text.USBD_FS_InterfaceStrDescriptor
                0x080055ac       0x1c ../../libDaisy//build\libdaisy.a(usbd_desc.o)
                0x080055ac                USBD_FS_InterfaceStrDescriptor
 .text.USBD_FS_ProductStrDescriptor
                0x080055c8       0x1c ../../libDaisy//build\libdaisy.a(usbd_desc.o)
                0x080055c8                USBD_FS_ProductStrDescriptor
 .text.USBD_HS_LangIDStrDescriptor
                0x080055e4        0xc ../../libDaisy//build\libdaisy.a(usbd_desc.o)
                0x080055e4                USBD_HS_LangIDStrDescriptor
 .text.USBD_HS_ManufacturerStrDescriptor
                0x080055f0       0x1c ../../libDaisy//build\libdaisy.a(usbd_desc.o)
                0x080055f0                USBD_HS_ManufacturerStrDescriptor
 .text.USBD_FS_SerialStrDescriptor
                0x0800560c      0x124 ../../libDaisy//build\libdaisy.a(usbd_desc.o)
                0x0800560c                USBD_FS_SerialStrDescriptor
 .text.USBD_HS_SerialStrDescriptor
                0x08005730      0x124 ../../libDaisy//build\libdaisy.a(usbd_desc.o)
                0x08005730                USBD_HS_SerialStrDescriptor
 .text.USBD_HS_InterfaceStrDescriptor
                0x08005854       0x1c ../../libDaisy//build\libdaisy.a(usbd_desc.o)
                0x08005854                USBD_HS_InterfaceStrDescriptor
 .text.USBD_HS_ConfigStrDescriptor
                0x08005870       0x1c ../../libDaisy//build\libdaisy.a(usbd_desc.o)
                0x08005870                USBD_HS_ConfigStrDescriptor
 .text.HAL_HCD_SOF_Callback
                0x0800588c        0x8 ../../libDaisy//build\libdaisy.a(usbh_conf.o)
                0x0800588c                HAL_HCD_SOF_Callback
 .text.HAL_HCD_Connect_Callback
                0x08005894        0x8 ../../libDaisy//build\libdaisy.a(usbh_conf.o)
                0x08005894                HAL_HCD_Connect_Callback
 .text.HAL_HCD_Disconnect_Callback
                0x0800589c        0x8 ../../libDaisy//build\libdaisy.a(usbh_conf.o)
                0x0800589c                HAL_HCD_Disconnect_Callback
 .text.HAL_HCD_HC_NotifyURBChange_Callback
                0x080058a4        0x4 ../../libDaisy//build\libdaisy.a(usbh_conf.o)
                0x080058a4                HAL_HCD_HC_NotifyURBChange_Callback
 .text.HAL_HCD_PortEnabled_Callback
                0x080058a8        0x8 ../../libDaisy//build\libdaisy.a(usbh_conf.o)
                0x080058a8                HAL_HCD_PortEnabled_Callback
 .text.HAL_HCD_PortDisabled_Callback
                0x080058b0        0x8 ../../libDaisy//build\libdaisy.a(usbh_conf.o)
                0x080058b0                HAL_HCD_PortDisabled_Callback
 .text.USBH_LL_Stop
                0x080058b8       0x1c ../../libDaisy//build\libdaisy.a(usbh_conf.o)
                0x080058b8                USBH_LL_Stop
 .text.dsy_hal_map_get_port
                0x080058d4       0x10 ../../libDaisy//build\libdaisy.a(hal_map.o)
                0x080058d4                dsy_hal_map_get_port
 .text.dsy_hal_map_get_pin
                0x080058e4       0x10 ../../libDaisy//build\libdaisy.a(hal_map.o)
                0x080058e4                dsy_hal_map_get_pin
 .text.dsy_hal_map_gpio_clk_enable
                0x080058f4      0x150 ../../libDaisy//build\libdaisy.a(hal_map.o)
                0x080058f4                dsy_hal_map_gpio_clk_enable
 .text.HAL_MspInit
                0x08005a44        0x4 ../../libDaisy//build\libdaisy.a(stm32h7xx_hal.o)
                0x08005a44                HAL_MspInit
 .text.HAL_InitTick
                0x08005a48       0x4c ../../libDaisy//build\libdaisy.a(stm32h7xx_hal.o)
                0x08005a48                HAL_InitTick
 .text.HAL_Init
                0x08005a94       0x60 ../../libDaisy//build\libdaisy.a(stm32h7xx_hal.o)
                0x08005a94                HAL_Init
 .text.HAL_IncTick
                0x08005af4       0x18 ../../libDaisy//build\libdaisy.a(stm32h7xx_hal.o)
                0x08005af4                HAL_IncTick
 .text.HAL_GetTick
                0x08005b0c        0xc ../../libDaisy//build\libdaisy.a(stm32h7xx_hal.o)
                0x08005b0c                HAL_GetTick
 .text.HAL_Delay
                0x08005b18       0x24 ../../libDaisy//build\libdaisy.a(stm32h7xx_hal.o)
                0x08005b18                HAL_Delay
 .text.HAL_GetREVID
                0x08005b3c        0xc ../../libDaisy//build\libdaisy.a(stm32h7xx_hal.o)
                0x08005b3c                HAL_GetREVID
 .text.HAL_ADC_ConvHalfCpltCallback
                0x08005b48        0x4 ../../libDaisy//build\libdaisy.a(stm32h7xx_hal_adc.o)
                0x08005b48                HAL_ADC_ConvHalfCpltCallback
 .text.ADC_DMAHalfConvCplt
                0x08005b4c        0xc ../../libDaisy//build\libdaisy.a(stm32h7xx_hal_adc.o)
                0x08005b4c                ADC_DMAHalfConvCplt
 .text.ADC_DMAConvCplt
                0x08005b58       0x6c ../../libDaisy//build\libdaisy.a(stm32h7xx_hal_adc.o)
                0x08005b58                ADC_DMAConvCplt
 .text.ADC_DMAError
                0x08005bc4       0x1c ../../libDaisy//build\libdaisy.a(stm32h7xx_hal_adc.o)
                0x08005bc4                ADC_DMAError
 .text.HAL_ADC_ConfigChannel
                0x08005be0      0x3fc ../../libDaisy//build\libdaisy.a(stm32h7xx_hal_adc.o)
                0x08005be0                HAL_ADC_ConfigChannel
 .text.ADC_Enable
                0x08005fdc       0xac ../../libDaisy//build\libdaisy.a(stm32h7xx_hal_adc.o)
                0x08005fdc                ADC_Enable
 .text.HAL_ADC_Start_DMA
                0x08006088      0x114 ../../libDaisy//build\libdaisy.a(stm32h7xx_hal_adc.o)
                0x08006088                HAL_ADC_Start_DMA
 .text.ADC_Disable
                0x0800619c       0x68 ../../libDaisy//build\libdaisy.a(stm32h7xx_hal_adc.o)
                0x0800619c                ADC_Disable
 .text.ADC_ConfigureBoostMode
                0x08006204      0x184 ../../libDaisy//build\libdaisy.a(stm32h7xx_hal_adc.o)
                0x08006204                ADC_ConfigureBoostMode
 .text.HAL_ADC_Init
                0x08006388      0x218 ../../libDaisy//build\libdaisy.a(stm32h7xx_hal_adc.o)
                0x08006388                HAL_ADC_Init
 .text.HAL_ADCEx_Calibration_Start
                0x080065a0       0xa4 ../../libDaisy//build\libdaisy.a(stm32h7xx_hal_adc_ex.o)
                0x080065a0                HAL_ADCEx_Calibration_Start
 .text.HAL_ADCEx_MultiModeConfigChannel
                0x08006644       0xc4 ../../libDaisy//build\libdaisy.a(stm32h7xx_hal_adc_ex.o)
                0x08006644                HAL_ADCEx_MultiModeConfigChannel
 .text.HAL_NVIC_SetPriorityGrouping
                0x08006708       0x24 ../../libDaisy//build\libdaisy.a(stm32h7xx_hal_cortex.o)
                0x08006708                HAL_NVIC_SetPriorityGrouping
 .text.HAL_NVIC_SetPriority
                0x0800672c       0x7c ../../libDaisy//build\libdaisy.a(stm32h7xx_hal_cortex.o)
                0x0800672c                HAL_NVIC_SetPriority
 .text.HAL_NVIC_EnableIRQ
                0x080067a8       0x1c ../../libDaisy//build\libdaisy.a(stm32h7xx_hal_cortex.o)
                0x080067a8                HAL_NVIC_EnableIRQ
 .text.HAL_NVIC_DisableIRQ
                0x080067c4       0x28 ../../libDaisy//build\libdaisy.a(stm32h7xx_hal_cortex.o)
                0x080067c4                HAL_NVIC_DisableIRQ
 .text.HAL_SYSTICK_Config
                0x080067ec       0x2c ../../libDaisy//build\libdaisy.a(stm32h7xx_hal_cortex.o)
                0x080067ec                HAL_SYSTICK_Config
 .text.HAL_MPU_Disable
                0x08006818       0x1c ../../libDaisy//build\libdaisy.a(stm32h7xx_hal_cortex.o)
                0x08006818                HAL_MPU_Disable
 .text.HAL_MPU_Enable
                0x08006834       0x20 ../../libDaisy//build\libdaisy.a(stm32h7xx_hal_cortex.o)
                0x08006834                HAL_MPU_Enable
 .text.HAL_MPU_ConfigRegion
                0x08006854       0x64 ../../libDaisy//build\libdaisy.a(stm32h7xx_hal_cortex.o)
                0x08006854                HAL_MPU_ConfigRegion
 .text.HAL_SYSTICK_Callback
                0x080068b8        0x4 ../../libDaisy//build\libdaisy.a(stm32h7xx_hal_cortex.o)
                0x080068b8                HAL_SYSTICK_Callback
 .text.HAL_SYSTICK_IRQHandler
                0x080068bc        0x8 ../../libDaisy//build\libdaisy.a(stm32h7xx_hal_cortex.o)
                0x080068bc                HAL_SYSTICK_IRQHandler
 .text.DMA_CalcBaseAndBitshift
                0x080068c4       0xf4 ../../libDaisy//build\libdaisy.a(stm32h7xx_hal_dma.o)
 .text.DMA_CalcDMAMUXChannelBaseAndMask
                0x080069b8       0xd8 ../../libDaisy//build\libdaisy.a(stm32h7xx_hal_dma.o)
 .text.HAL_DMA_Init
                0x08006a90      0x37c ../../libDaisy//build\libdaisy.a(stm32h7xx_hal_dma.o)
                0x08006a90                HAL_DMA_Init
 .text.HAL_DMA_Start_IT
                0x08006e0c      0x240 ../../libDaisy//build\libdaisy.a(stm32h7xx_hal_dma.o)
                0x08006e0c                HAL_DMA_Start_IT
 .text.HAL_DMA_Abort_IT
                0x0800704c      0x134 ../../libDaisy//build\libdaisy.a(stm32h7xx_hal_dma.o)
                0x0800704c                HAL_DMA_Abort_IT
 .text.HAL_DMA_IRQHandler
                0x08007180      0x6a0 ../../libDaisy//build\libdaisy.a(stm32h7xx_hal_dma.o)
                0x08007180                HAL_DMA_IRQHandler
 .text.HAL_DMA_GetError
                0x08007820        0x4 ../../libDaisy//build\libdaisy.a(stm32h7xx_hal_dma.o)
                0x08007820                HAL_DMA_GetError
 .text.HAL_GPIO_Init
                0x08007824      0x280 ../../libDaisy//build\libdaisy.a(stm32h7xx_hal_gpio.o)
                0x08007824                HAL_GPIO_Init
 .text.HAL_GPIO_DeInit
                0x08007aa4      0x190 ../../libDaisy//build\libdaisy.a(stm32h7xx_hal_gpio.o)
                0x08007aa4                HAL_GPIO_DeInit
 .text.HAL_GPIO_ReadPin
                0x08007c34        0xc ../../libDaisy//build\libdaisy.a(stm32h7xx_hal_gpio.o)
                0x08007c34                HAL_GPIO_ReadPin
 .text.HAL_GPIO_WritePin
                0x08007c40        0x8 ../../libDaisy//build\libdaisy.a(stm32h7xx_hal_gpio.o)
                0x08007c40                HAL_GPIO_WritePin
 .text.HAL_HCD_IRQHandler
                0x08007c48      0x780 ../../libDaisy//build\libdaisy.a(stm32h7xx_hal_hcd.o)
                0x08007c48                HAL_HCD_IRQHandler
 .text.HAL_HCD_Stop
                0x080083c8       0x28 ../../libDaisy//build\libdaisy.a(stm32h7xx_hal_hcd.o)
                0x080083c8                HAL_HCD_Stop
 .text.I2C_WaitOnTXISFlagUntilTimeout
                0x080083f0       0xb8 ../../libDaisy//build\libdaisy.a(stm32h7xx_hal_i2c.o)
 .text.I2C_WaitOnSTOPFlagUntilTimeout
                0x080084a8       0xac ../../libDaisy//build\libdaisy.a(stm32h7xx_hal_i2c.o)
 .text.HAL_I2C_Init
                0x08008554       0xac ../../libDaisy//build\libdaisy.a(stm32h7xx_hal_i2c.o)
                0x08008554                HAL_I2C_Init
 .text.HAL_I2C_Master_Transmit
                0x08008600      0x1a8 ../../libDaisy//build\libdaisy.a(stm32h7xx_hal_i2c.o)
                0x08008600                HAL_I2C_Master_Transmit
 .text.HAL_I2C_Slave_Transmit
                0x080087a8      0x1c8 ../../libDaisy//build\libdaisy.a(stm32h7xx_hal_i2c.o)
                0x080087a8                HAL_I2C_Slave_Transmit
 .text.HAL_I2C_EV_IRQHandler
                0x08008970       0x10 ../../libDaisy//build\libdaisy.a(stm32h7xx_hal_i2c.o)
                0x08008970                HAL_I2C_EV_IRQHandler
 .text.HAL_I2C_GetState
                0x08008980        0x8 ../../libDaisy//build\libdaisy.a(stm32h7xx_hal_i2c.o)
                0x08008980                HAL_I2C_GetState
 .text.HAL_I2CEx_ConfigAnalogFilter
                0x08008988       0x54 ../../libDaisy//build\libdaisy.a(stm32h7xx_hal_i2c_ex.o)
                0x08008988                HAL_I2CEx_ConfigAnalogFilter
 .text.HAL_I2CEx_ConfigDigitalFilter
                0x080089dc       0x58 ../../libDaisy//build\libdaisy.a(stm32h7xx_hal_i2c_ex.o)
                0x080089dc                HAL_I2CEx_ConfigDigitalFilter
 .text.HAL_PCD_Init
                0x08008a34      0x12c ../../libDaisy//build\libdaisy.a(stm32h7xx_hal_pcd.o)
                0x08008a34                HAL_PCD_Init
 .text.HAL_PCD_Start
                0x08008b60       0x44 ../../libDaisy//build\libdaisy.a(stm32h7xx_hal_pcd.o)
                0x08008b60                HAL_PCD_Start
 .text.HAL_PCD_IRQHandler
                0x08008ba4      0x69c ../../libDaisy//build\libdaisy.a(stm32h7xx_hal_pcd.o)
                0x08008ba4                HAL_PCD_IRQHandler
 .text.HAL_PCD_SetAddress
                0x08009240       0x2c ../../libDaisy//build\libdaisy.a(stm32h7xx_hal_pcd.o)
                0x08009240                HAL_PCD_SetAddress
 .text.HAL_PCD_EP_Open
                0x0800926c       0x7c ../../libDaisy//build\libdaisy.a(stm32h7xx_hal_pcd.o)
                0x0800926c                HAL_PCD_EP_Open
 .text.HAL_PCD_EP_Close
                0x080092e8       0x6c ../../libDaisy//build\libdaisy.a(stm32h7xx_hal_pcd.o)
                0x080092e8                HAL_PCD_EP_Close
 .text.HAL_PCD_EP_Receive
                0x08009354       0x50 ../../libDaisy//build\libdaisy.a(stm32h7xx_hal_pcd.o)
                0x08009354                HAL_PCD_EP_Receive
 .text.HAL_PCD_EP_GetRxCount
                0x080093a4       0x14 ../../libDaisy//build\libdaisy.a(stm32h7xx_hal_pcd.o)
                0x080093a4                HAL_PCD_EP_GetRxCount
 .text.HAL_PCD_EP_Transmit
                0x080093b8       0x50 ../../libDaisy//build\libdaisy.a(stm32h7xx_hal_pcd.o)
                0x080093b8                HAL_PCD_EP_Transmit
 .text.HAL_PCD_EP_SetStall
                0x08009408       0x88 ../../libDaisy//build\libdaisy.a(stm32h7xx_hal_pcd.o)
                0x08009408                HAL_PCD_EP_SetStall
 .text.HAL_PCD_EP_ClrStall
                0x08009490       0x78 ../../libDaisy//build\libdaisy.a(stm32h7xx_hal_pcd.o)
                0x08009490                HAL_PCD_EP_ClrStall
 .text.HAL_PCDEx_SetTxFiFo
                0x08009508       0x54 ../../libDaisy//build\libdaisy.a(stm32h7xx_hal_pcd_ex.o)
                0x08009508                HAL_PCDEx_SetTxFiFo
 .text.HAL_PCDEx_SetRxFiFo
                0x0800955c        0xc ../../libDaisy//build\libdaisy.a(stm32h7xx_hal_pcd_ex.o)
                0x0800955c                HAL_PCDEx_SetRxFiFo
 .text.HAL_PCDEx_ActivateLPM
                0x08009568       0x30 ../../libDaisy//build\libdaisy.a(stm32h7xx_hal_pcd_ex.o)
                0x08009568                HAL_PCDEx_ActivateLPM
 .text.HAL_PCDEx_LPM_Callback
                0x08009598        0x4 ../../libDaisy//build\libdaisy.a(stm32h7xx_hal_pcd_ex.o)
                0x08009598                HAL_PCDEx_LPM_Callback
 .text.HAL_PWREx_ConfigSupply
                0x0800959c       0x4c ../../libDaisy//build\libdaisy.a(stm32h7xx_hal_pwr_ex.o)
                0x0800959c                HAL_PWREx_ConfigSupply
 .text.HAL_PWREx_EnableUSBVoltageDetector
                0x080095e8       0x10 ../../libDaisy//build\libdaisy.a(stm32h7xx_hal_pwr_ex.o)
                0x080095e8                HAL_PWREx_EnableUSBVoltageDetector
 .text.QSPI_Config
                0x080095f8      0x174 ../../libDaisy//build\libdaisy.a(stm32h7xx_hal_qspi.o)
 .text.HAL_QSPI_Init
                0x0800976c       0xd8 ../../libDaisy//build\libdaisy.a(stm32h7xx_hal_qspi.o)
                0x0800976c                HAL_QSPI_Init
 .text.HAL_QSPI_DeInit
                0x08009844       0x3c ../../libDaisy//build\libdaisy.a(stm32h7xx_hal_qspi.o)
                0x08009844                HAL_QSPI_DeInit
 .text.HAL_QSPI_Command
                0x08009880       0xd4 ../../libDaisy//build\libdaisy.a(stm32h7xx_hal_qspi.o)
                0x08009880                HAL_QSPI_Command
 .text.HAL_QSPI_Transmit
                0x08009954       0xfc ../../libDaisy//build\libdaisy.a(stm32h7xx_hal_qspi.o)
                0x08009954                HAL_QSPI_Transmit
 .text.HAL_QSPI_Receive
                0x08009a50      0x108 ../../libDaisy//build\libdaisy.a(stm32h7xx_hal_qspi.o)
                0x08009a50                HAL_QSPI_Receive
 .text.HAL_QSPI_AutoPolling
                0x08009b58       0xf0 ../../libDaisy//build\libdaisy.a(stm32h7xx_hal_qspi.o)
                0x08009b58                HAL_QSPI_AutoPolling
 .text.HAL_QSPI_MemoryMapped
                0x08009c48       0xc0 ../../libDaisy//build\libdaisy.a(stm32h7xx_hal_qspi.o)
                0x08009c48                HAL_QSPI_MemoryMapped
 .text.HAL_QSPI_ErrorCallback
                0x08009d08        0x4 ../../libDaisy//build\libdaisy.a(stm32h7xx_hal_qspi.o)
                0x08009d08                HAL_QSPI_ErrorCallback
 .text.QSPI_DMAAbortCplt
                0x08009d0c       0x38 ../../libDaisy//build\libdaisy.a(stm32h7xx_hal_qspi.o)
 .text.HAL_QSPI_AbortCpltCallback
                0x08009d44        0x4 ../../libDaisy//build\libdaisy.a(stm32h7xx_hal_qspi.o)
                0x08009d44                HAL_QSPI_AbortCpltCallback
 .text.HAL_QSPI_CmdCpltCallback
                0x08009d48        0x4 ../../libDaisy//build\libdaisy.a(stm32h7xx_hal_qspi.o)
                0x08009d48                HAL_QSPI_CmdCpltCallback
 .text.HAL_QSPI_RxCpltCallback
                0x08009d4c        0x4 ../../libDaisy//build\libdaisy.a(stm32h7xx_hal_qspi.o)
                0x08009d4c                HAL_QSPI_RxCpltCallback
 .text.HAL_QSPI_TxCpltCallback
                0x08009d50        0x4 ../../libDaisy//build\libdaisy.a(stm32h7xx_hal_qspi.o)
                0x08009d50                HAL_QSPI_TxCpltCallback
 .text.HAL_QSPI_FifoThresholdCallback
                0x08009d54        0x4 ../../libDaisy//build\libdaisy.a(stm32h7xx_hal_qspi.o)
                0x08009d54                HAL_QSPI_FifoThresholdCallback
 .text.HAL_QSPI_StatusMatchCallback
                0x08009d58        0x4 ../../libDaisy//build\libdaisy.a(stm32h7xx_hal_qspi.o)
                0x08009d58                HAL_QSPI_StatusMatchCallback
 .text.HAL_QSPI_TimeOutCallback
                0x08009d5c        0x4 ../../libDaisy//build\libdaisy.a(stm32h7xx_hal_qspi.o)
                0x08009d5c                HAL_QSPI_TimeOutCallback
 .text.HAL_QSPI_IRQHandler
                0x08009d60      0x210 ../../libDaisy//build\libdaisy.a(stm32h7xx_hal_qspi.o)
                0x08009d60                HAL_QSPI_IRQHandler
 .text.HAL_RCC_OscConfig
                0x08009f70      0x51c ../../libDaisy//build\libdaisy.a(stm32h7xx_hal_rcc.o)
                0x08009f70                HAL_RCC_OscConfig
 .text.HAL_RCC_GetSysClockFreq
                0x0800a48c      0x140 ../../libDaisy//build\libdaisy.a(stm32h7xx_hal_rcc.o)
                0x0800a48c                HAL_RCC_GetSysClockFreq
 .text.HAL_RCC_ClockConfig
                0x0800a5cc      0x234 ../../libDaisy//build\libdaisy.a(stm32h7xx_hal_rcc.o)
                0x0800a5cc                HAL_RCC_ClockConfig
 .text.HAL_RCC_GetHCLKFreq
                0x0800a800       0x2c ../../libDaisy//build\libdaisy.a(stm32h7xx_hal_rcc.o)
                0x0800a800                HAL_RCC_GetHCLKFreq
 .text.HAL_RCC_GetPCLK1Freq
                0x0800a82c       0x38 ../../libDaisy//build\libdaisy.a(stm32h7xx_hal_rcc.o)
                0x0800a82c                HAL_RCC_GetPCLK1Freq
 .text.HAL_RCC_GetPCLK2Freq
                0x0800a864       0x38 ../../libDaisy//build\libdaisy.a(stm32h7xx_hal_rcc.o)
                0x0800a864                HAL_RCC_GetPCLK2Freq
 .text.RCCEx_PLL2_Config
                0x0800a89c       0xf4 ../../libDaisy//build\libdaisy.a(stm32h7xx_hal_rcc_ex.o)
 .text.RCCEx_PLL3_Config
                0x0800a990       0xf4 ../../libDaisy//build\libdaisy.a(stm32h7xx_hal_rcc_ex.o)
 .text.HAL_RCCEx_PeriphCLKConfig
                0x0800aa84      0xa7c ../../libDaisy//build\libdaisy.a(stm32h7xx_hal_rcc_ex.o)
                0x0800aa84                HAL_RCCEx_PeriphCLKConfig
 .text.HAL_RCCEx_GetD3PCLK1Freq
                0x0800b500       0x24 ../../libDaisy//build\libdaisy.a(stm32h7xx_hal_rcc_ex.o)
                0x0800b500                HAL_RCCEx_GetD3PCLK1Freq
 .text.HAL_RCCEx_GetPLL2ClockFreq
                0x0800b524      0x17c ../../libDaisy//build\libdaisy.a(stm32h7xx_hal_rcc_ex.o)
                0x0800b524                HAL_RCCEx_GetPLL2ClockFreq
 .text.HAL_RCCEx_GetPLL3ClockFreq
                0x0800b6a0      0x17c ../../libDaisy//build\libdaisy.a(stm32h7xx_hal_rcc_ex.o)
                0x0800b6a0                HAL_RCCEx_GetPLL3ClockFreq
 .text.HAL_RCCEx_GetPLL1ClockFreq
                0x0800b81c      0x17c ../../libDaisy//build\libdaisy.a(stm32h7xx_hal_rcc_ex.o)
                0x0800b81c                HAL_RCCEx_GetPLL1ClockFreq
 .text.HAL_RCCEx_GetPeriphCLKFreq
                0x0800b998      0x198 ../../libDaisy//build\libdaisy.a(stm32h7xx_hal_rcc_ex.o)
                0x0800b998                HAL_RCCEx_GetPeriphCLKFreq
 .text.HAL_RCCEx_GetD1SysClockFreq
                0x0800bb30       0x2c ../../libDaisy//build\libdaisy.a(stm32h7xx_hal_rcc_ex.o)
                0x0800bb30                HAL_RCCEx_GetD1SysClockFreq
 .text.HAL_SAI_Init.part.0
                0x0800bb5c      0x348 ../../libDaisy//build\libdaisy.a(stm32h7xx_hal_sai.o)
 .text.HAL_SAI_InitProtocol
                0x0800bea4      0x178 ../../libDaisy//build\libdaisy.a(stm32h7xx_hal_sai.o)
                0x0800bea4                HAL_SAI_InitProtocol
 .text.HAL_SAI_Transmit_DMA
                0x0800c01c      0x124 ../../libDaisy//build\libdaisy.a(stm32h7xx_hal_sai.o)
                0x0800c01c                HAL_SAI_Transmit_DMA
 .text.HAL_SAI_Receive_DMA
                0x0800c140       0xd0 ../../libDaisy//build\libdaisy.a(stm32h7xx_hal_sai.o)
                0x0800c140                HAL_SAI_Receive_DMA
 .text.HAL_SAI_TxCpltCallback
                0x0800c210        0x4 ../../libDaisy//build\libdaisy.a(stm32h7xx_hal_sai.o)
                0x0800c210                HAL_SAI_TxCpltCallback
 .text.SAI_DMATxCplt
                0x0800c214       0x64 ../../libDaisy//build\libdaisy.a(stm32h7xx_hal_sai.o)
 .text.HAL_SAI_TxHalfCpltCallback
                0x0800c278        0x4 ../../libDaisy//build\libdaisy.a(stm32h7xx_hal_sai.o)
                0x0800c278                HAL_SAI_TxHalfCpltCallback
 .text.SAI_DMATxHalfCplt
                0x0800c27c        0xc ../../libDaisy//build\libdaisy.a(stm32h7xx_hal_sai.o)
 .text.SAI_DMARxCplt
                0x0800c288       0x64 ../../libDaisy//build\libdaisy.a(stm32h7xx_hal_sai.o)
 .text.SAI_DMARxHalfCplt
                0x0800c2ec        0xc ../../libDaisy//build\libdaisy.a(stm32h7xx_hal_sai.o)
 .text.HAL_SAI_ErrorCallback
                0x0800c2f8        0x4 ../../libDaisy//build\libdaisy.a(stm32h7xx_hal_sai.o)
                0x0800c2f8                HAL_SAI_ErrorCallback
 .text.SAI_DMAError
                0x0800c2fc       0x6c ../../libDaisy//build\libdaisy.a(stm32h7xx_hal_sai.o)
 .text.HAL_SDRAM_Init
                0x0800c368       0x54 ../../libDaisy//build\libdaisy.a(stm32h7xx_hal_sdram.o)
                0x0800c368                HAL_SDRAM_Init
 .text.HAL_SDRAM_SendCommand
                0x0800c3bc       0x40 ../../libDaisy//build\libdaisy.a(stm32h7xx_hal_sdram.o)
                0x0800c3bc                HAL_SDRAM_SendCommand
 .text.HAL_SDRAM_ProgramRefreshRate
                0x0800c3fc       0x30 ../../libDaisy//build\libdaisy.a(stm32h7xx_hal_sdram.o)
                0x0800c3fc                HAL_SDRAM_ProgramRefreshRate
 .text.HAL_TIM_Base_Init
                0x0800c42c      0x140 ../../libDaisy//build\libdaisy.a(stm32h7xx_hal_tim.o)
                0x0800c42c                HAL_TIM_Base_Init
 .text.HAL_TIM_Base_Start
                0x0800c56c       0x34 ../../libDaisy//build\libdaisy.a(stm32h7xx_hal_tim.o)
                0x0800c56c                HAL_TIM_Base_Start
 .text.HAL_TIM_Base_Stop
                0x0800c5a0       0x34 ../../libDaisy//build\libdaisy.a(stm32h7xx_hal_tim.o)
                0x0800c5a0                HAL_TIM_Base_Stop
 .text.HAL_TIM_Base_Start_IT
                0x0800c5d4       0x2c ../../libDaisy//build\libdaisy.a(stm32h7xx_hal_tim.o)
                0x0800c5d4                HAL_TIM_Base_Start_IT
 .text.HAL_TIM_ConfigClockSource
                0x0800c600      0x17c ../../libDaisy//build\libdaisy.a(stm32h7xx_hal_tim.o)
                0x0800c600                HAL_TIM_ConfigClockSource
 .text.HAL_TIM_OC_DelayElapsedCallback
                0x0800c77c        0x4 ../../libDaisy//build\libdaisy.a(stm32h7xx_hal_tim.o)
                0x0800c77c                HAL_TIM_OC_DelayElapsedCallback
 .text.HAL_TIM_IC_CaptureCallback
                0x0800c780        0x4 ../../libDaisy//build\libdaisy.a(stm32h7xx_hal_tim.o)
                0x0800c780                HAL_TIM_IC_CaptureCallback
 .text.HAL_TIM_PWM_PulseFinishedCallback
                0x0800c784        0x4 ../../libDaisy//build\libdaisy.a(stm32h7xx_hal_tim.o)
                0x0800c784                HAL_TIM_PWM_PulseFinishedCallback
 .text.HAL_TIM_TriggerCallback
                0x0800c788        0x4 ../../libDaisy//build\libdaisy.a(stm32h7xx_hal_tim.o)
                0x0800c788                HAL_TIM_TriggerCallback
 .text.HAL_TIM_IRQHandler
                0x0800c78c      0x170 ../../libDaisy//build\libdaisy.a(stm32h7xx_hal_tim.o)
                0x0800c78c                HAL_TIM_IRQHandler
 .text.HAL_TIMEx_MasterConfigSynchronization
                0x0800c8fc       0x64 ../../libDaisy//build\libdaisy.a(stm32h7xx_hal_tim_ex.o)
                0x0800c8fc                HAL_TIMEx_MasterConfigSynchronization
 .text.HAL_TIMEx_CommutCallback
                0x0800c960        0x4 ../../libDaisy//build\libdaisy.a(stm32h7xx_hal_tim_ex.o)
                0x0800c960                HAL_TIMEx_CommutCallback
 .text.HAL_TIMEx_BreakCallback
                0x0800c964        0x4 ../../libDaisy//build\libdaisy.a(stm32h7xx_hal_tim_ex.o)
                0x0800c964                HAL_TIMEx_BreakCallback
 .text.HAL_TIMEx_Break2Callback
                0x0800c968        0x4 ../../libDaisy//build\libdaisy.a(stm32h7xx_hal_tim_ex.o)
                0x0800c968                HAL_TIMEx_Break2Callback
 .text.FMC_SDRAM_Init
                0x0800c96c       0x7c ../../libDaisy//build\libdaisy.a(stm32h7xx_ll_fmc.o)
                0x0800c96c                FMC_SDRAM_Init
 .text.FMC_SDRAM_Timing_Init
                0x0800c9e8       0x98 ../../libDaisy//build\libdaisy.a(stm32h7xx_ll_fmc.o)
                0x0800c9e8                FMC_SDRAM_Timing_Init
 .text.FMC_SDRAM_SendCommand
                0x0800ca80       0x28 ../../libDaisy//build\libdaisy.a(stm32h7xx_ll_fmc.o)
                0x0800ca80                FMC_SDRAM_SendCommand
 .text.FMC_SDRAM_ProgramRefreshRate
                0x0800caa8       0x1c ../../libDaisy//build\libdaisy.a(stm32h7xx_ll_fmc.o)
                0x0800caa8                FMC_SDRAM_ProgramRefreshRate
 .text.USB_CoreInit
                0x0800cac4      0x124 ../../libDaisy//build\libdaisy.a(stm32h7xx_ll_usb.o)
                0x0800cac4                USB_CoreInit
 .text.USB_SetTurnaroundTime
                0x0800cbe8      0x104 ../../libDaisy//build\libdaisy.a(stm32h7xx_ll_usb.o)
                0x0800cbe8                USB_SetTurnaroundTime
 .text.USB_EnableGlobalInt
                0x0800ccec       0x10 ../../libDaisy//build\libdaisy.a(stm32h7xx_ll_usb.o)
                0x0800ccec                USB_EnableGlobalInt
 .text.USB_DisableGlobalInt
                0x0800ccfc       0x10 ../../libDaisy//build\libdaisy.a(stm32h7xx_ll_usb.o)
                0x0800ccfc                USB_DisableGlobalInt
 .text.USB_SetCurrentMode
                0x0800cd0c       0x30 ../../libDaisy//build\libdaisy.a(stm32h7xx_ll_usb.o)
                0x0800cd0c                USB_SetCurrentMode
 .text.USB_DevInit
                0x0800cd3c      0x20c ../../libDaisy//build\libdaisy.a(stm32h7xx_ll_usb.o)
                0x0800cd3c                USB_DevInit
 .text.USB_FlushTxFifo
                0x0800cf48       0x34 ../../libDaisy//build\libdaisy.a(stm32h7xx_ll_usb.o)
                0x0800cf48                USB_FlushTxFifo
 .text.USB_GetDevSpeed
                0x0800cf7c       0x24 ../../libDaisy//build\libdaisy.a(stm32h7xx_ll_usb.o)
                0x0800cf7c                USB_GetDevSpeed
 .text.USB_ActivateEndpoint
                0x0800cfa0       0x90 ../../libDaisy//build\libdaisy.a(stm32h7xx_ll_usb.o)
                0x0800cfa0                USB_ActivateEndpoint
 .text.USB_DeactivateEndpoint
                0x0800d030       0x84 ../../libDaisy//build\libdaisy.a(stm32h7xx_ll_usb.o)
                0x0800d030                USB_DeactivateEndpoint
 .text.USB_EPStartXfer
                0x0800d0b4      0x230 ../../libDaisy//build\libdaisy.a(stm32h7xx_ll_usb.o)
                0x0800d0b4                USB_EPStartXfer
 .text.USB_EP0StartXfer
                0x0800d2e4      0x174 ../../libDaisy//build\libdaisy.a(stm32h7xx_ll_usb.o)
                0x0800d2e4                USB_EP0StartXfer
 .text.USB_WritePacket
                0x0800d458       0x2c ../../libDaisy//build\libdaisy.a(stm32h7xx_ll_usb.o)
                0x0800d458                USB_WritePacket
 .text.USB_ReadPacket
                0x0800d484       0x20 ../../libDaisy//build\libdaisy.a(stm32h7xx_ll_usb.o)
                0x0800d484                USB_ReadPacket
 .text.USB_EPSetStall
                0x0800d4a4       0x68 ../../libDaisy//build\libdaisy.a(stm32h7xx_ll_usb.o)
                0x0800d4a4                USB_EPSetStall
 .text.USB_EPClearStall
                0x0800d50c       0x58 ../../libDaisy//build\libdaisy.a(stm32h7xx_ll_usb.o)
                0x0800d50c                USB_EPClearStall
 .text.USB_SetDevAddress
                0x0800d564       0x24 ../../libDaisy//build\libdaisy.a(stm32h7xx_ll_usb.o)
                0x0800d564                USB_SetDevAddress
 .text.USB_DevConnect
                0x0800d588       0x1c ../../libDaisy//build\libdaisy.a(stm32h7xx_ll_usb.o)
                0x0800d588                USB_DevConnect
 .text.USB_DevDisconnect
                0x0800d5a4       0x1c ../../libDaisy//build\libdaisy.a(stm32h7xx_ll_usb.o)
                0x0800d5a4                USB_DevDisconnect
 .text.USB_ReadInterrupts
                0x0800d5c0       0x14 ../../libDaisy//build\libdaisy.a(stm32h7xx_ll_usb.o)
                0x0800d5c0                USB_ReadInterrupts
 .text.USB_ReadDevAllOutEpInterrupt
                0x0800d5d4       0x1c ../../libDaisy//build\libdaisy.a(stm32h7xx_ll_usb.o)
                0x0800d5d4                USB_ReadDevAllOutEpInterrupt
 .text.USB_ReadDevAllInEpInterrupt
                0x0800d5f0       0x1c ../../libDaisy//build\libdaisy.a(stm32h7xx_ll_usb.o)
                0x0800d5f0                USB_ReadDevAllInEpInterrupt
 .text.USB_ReadDevOutEPInterrupt
                0x0800d60c       0x1c ../../libDaisy//build\libdaisy.a(stm32h7xx_ll_usb.o)
                0x0800d60c                USB_ReadDevOutEPInterrupt
 .text.USB_ReadDevInEPInterrupt
                0x0800d628       0x38 ../../libDaisy//build\libdaisy.a(stm32h7xx_ll_usb.o)
                0x0800d628                USB_ReadDevInEPInterrupt
 .text.USB_GetMode
                0x0800d660        0x8 ../../libDaisy//build\libdaisy.a(stm32h7xx_ll_usb.o)
                0x0800d660                USB_GetMode
 .text.USB_ActivateSetup
                0x0800d668       0x38 ../../libDaisy//build\libdaisy.a(stm32h7xx_ll_usb.o)
                0x0800d668                USB_ActivateSetup
 .text.USB_EP0_OutStart
                0x0800d6a0       0x58 ../../libDaisy//build\libdaisy.a(stm32h7xx_ll_usb.o)
                0x0800d6a0                USB_EP0_OutStart
 .text.USB_InitFSLSPClkSel
                0x0800d6f8       0x44 ../../libDaisy//build\libdaisy.a(stm32h7xx_ll_usb.o)
                0x0800d6f8                USB_InitFSLSPClkSel
 .text.USB_HC_ReadInterrupt
                0x0800d73c        0x8 ../../libDaisy//build\libdaisy.a(stm32h7xx_ll_usb.o)
                0x0800d73c                USB_HC_ReadInterrupt
 .text.USB_HC_Halt
                0x0800d744       0xc0 ../../libDaisy//build\libdaisy.a(stm32h7xx_ll_usb.o)
                0x0800d744                USB_HC_Halt
 .text.USB_StopHost
                0x0800d804      0x2ec ../../libDaisy//build\libdaisy.a(stm32h7xx_ll_usb.o)
                0x0800d804                USB_StopHost
 .text.USBD_CDC_EP0_RxReady
                0x0800daf0       0x2c ../../libDaisy//build\libdaisy.a(usbd_cdc.o)
 .text.USBD_CDC_GetFSCfgDesc
                0x0800db1c       0x24 ../../libDaisy//build\libdaisy.a(usbd_cdc.o)
 .text.USBD_CDC_GetHSCfgDesc
                0x0800db40       0x24 ../../libDaisy//build\libdaisy.a(usbd_cdc.o)
 .text.USBD_CDC_GetOtherSpeedCfgDesc
                0x0800db64       0x24 ../../libDaisy//build\libdaisy.a(usbd_cdc.o)
 .text.USBD_CDC_GetDeviceQualifierDescriptor
                0x0800db88       0x10 ../../libDaisy//build\libdaisy.a(usbd_cdc.o)
                0x0800db88                USBD_CDC_GetDeviceQualifierDescriptor
 .text.USBD_CDC_DataOut
                0x0800db98       0x30 ../../libDaisy//build\libdaisy.a(usbd_cdc.o)
 .text.USBD_CDC_DataIn
                0x0800dbc8       0x50 ../../libDaisy//build\libdaisy.a(usbd_cdc.o)
 .text.USBD_CDC_Setup
                0x0800dc18       0xcc ../../libDaisy//build\libdaisy.a(usbd_cdc.o)
 .text.USBD_CDC_DeInit
                0x0800dce4       0x44 ../../libDaisy//build\libdaisy.a(usbd_cdc.o)
 .text.USBD_CDC_Init
                0x0800dd28       0x94 ../../libDaisy//build\libdaisy.a(usbd_cdc.o)
 .text.USBD_CDC_RegisterInterface
                0x0800ddbc       0x10 ../../libDaisy//build\libdaisy.a(usbd_cdc.o)
                0x0800ddbc                USBD_CDC_RegisterInterface
 .text.USBD_CDC_SetTxBuffer
                0x0800ddcc       0x14 ../../libDaisy//build\libdaisy.a(usbd_cdc.o)
                0x0800ddcc                USBD_CDC_SetTxBuffer
 .text.USBD_CDC_SetRxBuffer
                0x0800dde0       0x10 ../../libDaisy//build\libdaisy.a(usbd_cdc.o)
                0x0800dde0                USBD_CDC_SetRxBuffer
 .text.USBD_CDC_TransmitPacket
                0x0800ddf0       0x34 ../../libDaisy//build\libdaisy.a(usbd_cdc.o)
                0x0800ddf0                USBD_CDC_TransmitPacket
 .text.USBD_CDC_ReceivePacket
                0x0800de24       0x38 ../../libDaisy//build\libdaisy.a(usbd_cdc.o)
                0x0800de24                USBD_CDC_ReceivePacket
 .text.USBD_Init
                0x0800de5c       0x44 ../../libDaisy//build\libdaisy.a(usbd_core.o)
                0x0800de5c                USBD_Init
 .text.USBD_RegisterClass
                0x0800dea0       0x2c ../../libDaisy//build\libdaisy.a(usbd_core.o)
                0x0800dea0                USBD_RegisterClass
 .text.USBD_Start
                0x0800decc        0xc ../../libDaisy//build\libdaisy.a(usbd_core.o)
                0x0800decc                USBD_Start
 .text.USBD_SetClassConfig
                0x0800ded8       0x14 ../../libDaisy//build\libdaisy.a(usbd_core.o)
                0x0800ded8                USBD_SetClassConfig
 .text.USBD_ClrClassConfig
                0x0800deec       0x10 ../../libDaisy//build\libdaisy.a(usbd_core.o)
                0x0800deec                USBD_ClrClassConfig
 .text.USBD_LL_SetupStage
                0x0800defc       0x5c ../../libDaisy//build\libdaisy.a(usbd_core.o)
                0x0800defc                USBD_LL_SetupStage
 .text.USBD_LL_DataOutStage
                0x0800df58       0x7c ../../libDaisy//build\libdaisy.a(usbd_core.o)
                0x0800df58                USBD_LL_DataOutStage
 .text.USBD_LL_DataInStage
                0x0800dfd4       0xcc ../../libDaisy//build\libdaisy.a(usbd_core.o)
                0x0800dfd4                USBD_LL_DataInStage
 .text.USBD_LL_Reset
                0x0800e0a0       0x50 ../../libDaisy//build\libdaisy.a(usbd_core.o)
                0x0800e0a0                USBD_LL_Reset
 .text.USBD_LL_SetSpeed
                0x0800e0f0        0x8 ../../libDaisy//build\libdaisy.a(usbd_core.o)
                0x0800e0f0                USBD_LL_SetSpeed
 .text.USBD_LL_Suspend
                0x0800e0f8       0x14 ../../libDaisy//build\libdaisy.a(usbd_core.o)
                0x0800e0f8                USBD_LL_Suspend
 .text.USBD_LL_Resume
                0x0800e10c       0x10 ../../libDaisy//build\libdaisy.a(usbd_core.o)
                0x0800e10c                USBD_LL_Resume
 .text.USBD_LL_SOF
                0x0800e11c       0x1c ../../libDaisy//build\libdaisy.a(usbd_core.o)
                0x0800e11c                USBD_LL_SOF
 .text.USBD_LL_IsoINIncomplete
                0x0800e138        0x4 ../../libDaisy//build\libdaisy.a(usbd_core.o)
                0x0800e138                USBD_LL_IsoINIncomplete
 .text.USBD_LL_IsoOUTIncomplete
                0x0800e13c        0x4 ../../libDaisy//build\libdaisy.a(usbd_core.o)
                0x0800e13c                USBD_LL_IsoOUTIncomplete
 .text.USBD_LL_DevConnected
                0x0800e140        0x4 ../../libDaisy//build\libdaisy.a(usbd_core.o)
                0x0800e140                USBD_LL_DevConnected
 .text.USBD_LL_DevDisconnected
                0x0800e144       0x18 ../../libDaisy//build\libdaisy.a(usbd_core.o)
                0x0800e144                USBD_LL_DevDisconnected
 .text.USBD_StdDevReq
                0x0800e15c      0x304 ../../libDaisy//build\libdaisy.a(usbd_ctlreq.o)
                0x0800e15c                USBD_StdDevReq
 .text.USBD_StdItfReq
                0x0800e460       0x68 ../../libDaisy//build\libdaisy.a(usbd_ctlreq.o)
                0x0800e460                USBD_StdItfReq
 .text.USBD_StdEPReq
                0x0800e4c8      0x13c ../../libDaisy//build\libdaisy.a(usbd_ctlreq.o)
                0x0800e4c8                USBD_StdEPReq
 .text.USBD_ParseSetupRequest
                0x0800e604       0x28 ../../libDaisy//build\libdaisy.a(usbd_ctlreq.o)
                0x0800e604                USBD_ParseSetupRequest
 .text.USBD_CtlError
                0x0800e62c       0x18 ../../libDaisy//build\libdaisy.a(usbd_ctlreq.o)
                0x0800e62c                USBD_CtlError
 .text.USBD_GetString
                0x0800e644       0x54 ../../libDaisy//build\libdaisy.a(usbd_ctlreq.o)
                0x0800e644                USBD_GetString
 .text.USBD_CtlSendData
                0x0800e698       0x1c ../../libDaisy//build\libdaisy.a(usbd_ioreq.o)
                0x0800e698                USBD_CtlSendData
 .text.USBD_CtlContinueSendData
                0x0800e6b4       0x14 ../../libDaisy//build\libdaisy.a(usbd_ioreq.o)
                0x0800e6b4                USBD_CtlContinueSendData
 .text.USBD_CtlPrepareRx
                0x0800e6c8       0x1c ../../libDaisy//build\libdaisy.a(usbd_ioreq.o)
                0x0800e6c8                USBD_CtlPrepareRx
 .text.USBD_CtlContinueRx
                0x0800e6e4       0x14 ../../libDaisy//build\libdaisy.a(usbd_ioreq.o)
                0x0800e6e4                USBD_CtlContinueRx
 .text.USBD_CtlSendStatus
                0x0800e6f8       0x18 ../../libDaisy//build\libdaisy.a(usbd_ioreq.o)
                0x0800e6f8                USBD_CtlSendStatus
 .text.USBD_CtlReceiveStatus
                0x0800e710       0x18 ../../libDaisy//build\libdaisy.a(usbd_ioreq.o)
                0x0800e710                USBD_CtlReceiveStatus
 .text.USBH_LL_IncTimer
                0x0800e728       0x20 ../../libDaisy//build\libdaisy.a(usbh_core.o)
                0x0800e728                USBH_LL_IncTimer
 .text.USBH_LL_PortEnabled
                0x0800e748        0x8 ../../libDaisy//build\libdaisy.a(usbh_core.o)
                0x0800e748                USBH_LL_PortEnabled
 .text.USBH_LL_PortDisabled
                0x0800e750        0x8 ../../libDaisy//build\libdaisy.a(usbh_core.o)
                0x0800e750                USBH_LL_PortDisabled
 .text.USBH_LL_Connect
                0x0800e758       0x18 ../../libDaisy//build\libdaisy.a(usbh_core.o)
                0x0800e758                USBH_LL_Connect
 .text.USBH_LL_Disconnect
                0x0800e770       0x2c ../../libDaisy//build\libdaisy.a(usbh_core.o)
                0x0800e770                USBH_LL_Disconnect
 .text.USBH_FreePipe
                0x0800e79c       0x18 ../../libDaisy//build\libdaisy.a(usbh_pipes.o)
                0x0800e79c                USBH_FreePipe
 .text._ZN5daisy6Random4InitEv
                0x0800e7b4       0x3c ../../libDaisy//build\libdaisy.a(rng.o)
                0x0800e7b4                daisy::Random::Init()
 .text._ZN5daisy9SpiHandle4Impl7InitDmaEv
                0x0800e7f0       0xec ../../libDaisy//build\libdaisy.a(spi.o)
                0x0800e7f0                daisy::SpiHandle::Impl::InitDma()
 .text._ZN5daisy9SpiHandle4Impl10StartDmaTxEPhjPFvPvEPFvS3_NS0_6ResultEES3_
                0x0800e8dc       0xc8 ../../libDaisy//build\libdaisy.a(spi.o)
                0x0800e8dc                daisy::SpiHandle::Impl::StartDmaTx(unsigned char*, unsigned int, void (*)(void*), void (*)(void*, daisy::SpiHandle::Result), void*)
 .text._ZN5daisy9SpiHandle4Impl10StartDmaRxEPhjPFvPvEPFvS3_NS0_6ResultEES3_
                0x0800e9a4       0xc8 ../../libDaisy//build\libdaisy.a(spi.o)
                0x0800e9a4                daisy::SpiHandle::Impl::StartDmaRx(unsigned char*, unsigned int, void (*)(void*), void (*)(void*, daisy::SpiHandle::Result), void*)
 .text._ZN5daisy9SpiHandle4Impl12StartDmaRxTxEPhS2_jPFvPvEPFvS3_NS0_6ResultEES3_
                0x0800ea6c       0xcc ../../libDaisy//build\libdaisy.a(spi.o)
                0x0800ea6c                daisy::SpiHandle::Impl::StartDmaRxTx(unsigned char*, unsigned char*, unsigned int, void (*)(void*), void (*)(void*, daisy::SpiHandle::Result), void*)
 .text._ZN5daisy9SpiHandle4Impl8InitPinsEv
                0x0800eb38      0x274 ../../libDaisy//build\libdaisy.a(spi.o)
                0x0800eb38                daisy::SpiHandle::Impl::InitPins()
 .text.HAL_SPI_MspInit
                0x0800edac      0x1a8 ../../libDaisy//build\libdaisy.a(spi.o)
                0x0800edac                HAL_SPI_MspInit
 .text.dsy_spi_global_init
                0x0800ef54       0x80 ../../libDaisy//build\libdaisy.a(spi.o)
                0x0800ef54                dsy_spi_global_init
 .text.SPI1_IRQHandler
                0x0800efd4        0xc ../../libDaisy//build\libdaisy.a(spi.o)
                0x0800efd4                SPI1_IRQHandler
 .text.SPI2_IRQHandler
                0x0800efe0        0xc ../../libDaisy//build\libdaisy.a(spi.o)
                0x0800efe0                SPI2_IRQHandler
 .text.SPI3_IRQHandler
                0x0800efec        0xc ../../libDaisy//build\libdaisy.a(spi.o)
                0x0800efec                SPI3_IRQHandler
 .text.SPI4_IRQHandler
                0x0800eff8        0xc ../../libDaisy//build\libdaisy.a(spi.o)
                0x0800eff8                SPI4_IRQHandler
 .text.SPI5_IRQHandler
                0x0800f004        0xc ../../libDaisy//build\libdaisy.a(spi.o)
                0x0800f004                SPI5_IRQHandler
 .text.DMA2_Stream2_IRQHandler
                0x0800f010       0x34 ../../libDaisy//build\libdaisy.a(spi.o)
                0x0800f010                DMA2_Stream2_IRQHandler
 .text.DMA2_Stream3_IRQHandler
                0x0800f044       0x38 ../../libDaisy//build\libdaisy.a(spi.o)
                0x0800f044                DMA2_Stream3_IRQHandler
 .text.HAL_SPI_TxCpltCallback
                0x0800f07c       0xc4 ../../libDaisy//build\libdaisy.a(spi.o)
                0x0800f07c                HAL_SPI_TxCpltCallback
 .text.HAL_SPI_RxCpltCallback
                0x0800f140       0xc4 ../../libDaisy//build\libdaisy.a(spi.o)
                0x0800f140                HAL_SPI_RxCpltCallback
 .text.HAL_SPI_TxRxCpltCallback
                0x0800f204       0xc4 ../../libDaisy//build\libdaisy.a(spi.o)
                0x0800f204                HAL_SPI_TxRxCpltCallback
 .text.HAL_SPI_ErrorCallback
                0x0800f2c8       0xc8 ../../libDaisy//build\libdaisy.a(spi.o)
                0x0800f2c8                HAL_SPI_ErrorCallback
 .text.startup._GLOBAL__sub_I__Z19MapInstanceToHandleP11SPI_TypeDef
                0x0800f390      0x1b0 ../../libDaisy//build\libdaisy.a(spi.o)
 .text._ZN5daisy11UartHandler4Impl7InitDmaEbb
                0x0800f540      0x164 ../../libDaisy//build\libdaisy.a(uart.o)
                0x0800f540                daisy::UartHandler::Impl::InitDma(bool, bool)
 .text._ZN5daisy11UartHandler4Impl10HandleFifoEv
                0x0800f6a4       0xec ../../libDaisy//build\libdaisy.a(uart.o)
                0x0800f6a4                daisy::UartHandler::Impl::HandleFifo()
 .text._ZN5daisy11UartHandler4Impl10StartDmaTxEPhjPFvPvEPFvS3_NS0_6ResultEES3_
                0x0800f790       0xcc ../../libDaisy//build\libdaisy.a(uart.o)
                0x0800f790                daisy::UartHandler::Impl::StartDmaTx(unsigned char*, unsigned int, void (*)(void*), void (*)(void*, daisy::UartHandler::Result), void*)
 .text._ZN5daisy11UartHandler4Impl10StartDmaRxEPhjPFvPvEPFvS3_NS0_6ResultEES3_
                0x0800f85c       0xcc ../../libDaisy//build\libdaisy.a(uart.o)
                0x0800f85c                daisy::UartHandler::Impl::StartDmaRx(unsigned char*, unsigned int, void (*)(void*), void (*)(void*, daisy::UartHandler::Result), void*)
 .text._ZN5daisy11UartHandler4Impl19DmaTransferFinishedEP20__UART_HandleTypeDefNS0_6ResultE
                0x0800f928       0xc0 ../../libDaisy//build\libdaisy.a(uart.o)
                0x0800f928                daisy::UartHandler::Impl::DmaTransferFinished(__UART_HandleTypeDef*, daisy::UartHandler::Result)
 .text._ZN5daisy11UartHandler4Impl8InitPinsEv
                0x0800f9e8      0x150 ../../libDaisy//build\libdaisy.a(uart.o)
                0x0800f9e8                daisy::UartHandler::Impl::InitPins()
 .text.HAL_UART_MspInit
                0x0800fb38      0x210 ../../libDaisy//build\libdaisy.a(uart.o)
                0x0800fb38                HAL_UART_MspInit
 .text.dsy_uart_global_init
                0x0800fd48      0x110 ../../libDaisy//build\libdaisy.a(uart.o)
                0x0800fd48                dsy_uart_global_init
 .text.USART1_IRQHandler
                0x0800fe58       0x30 ../../libDaisy//build\libdaisy.a(uart.o)
                0x0800fe58                USART1_IRQHandler
 .text.USART2_IRQHandler
                0x0800fe88       0x34 ../../libDaisy//build\libdaisy.a(uart.o)
                0x0800fe88                USART2_IRQHandler
 .text.USART3_IRQHandler
                0x0800febc       0x34 ../../libDaisy//build\libdaisy.a(uart.o)
                0x0800febc                USART3_IRQHandler
 .text.UART4_IRQHandler
                0x0800fef0       0x34 ../../libDaisy//build\libdaisy.a(uart.o)
                0x0800fef0                UART4_IRQHandler
 .text.UART5_IRQHandler
                0x0800ff24       0x34 ../../libDaisy//build\libdaisy.a(uart.o)
                0x0800ff24                UART5_IRQHandler
 .text.USART6_IRQHandler
                0x0800ff58       0x34 ../../libDaisy//build\libdaisy.a(uart.o)
                0x0800ff58                USART6_IRQHandler
 .text.UART7_IRQHandler
                0x0800ff8c       0x30 ../../libDaisy//build\libdaisy.a(uart.o)
                0x0800ff8c                UART7_IRQHandler
 .text.UART8_IRQHandler
                0x0800ffbc       0x34 ../../libDaisy//build\libdaisy.a(uart.o)
                0x0800ffbc                UART8_IRQHandler
 .text.LPUART1_IRQHandler
                0x0800fff0       0x34 ../../libDaisy//build\libdaisy.a(uart.o)
                0x0800fff0                LPUART1_IRQHandler
 .text.DMA1_Stream5_IRQHandler
                0x08010024       0x34 ../../libDaisy//build\libdaisy.a(uart.o)
                0x08010024                DMA1_Stream5_IRQHandler
 .text.DMA2_Stream4_IRQHandler
                0x08010058       0x34 ../../libDaisy//build\libdaisy.a(uart.o)
                0x08010058                DMA2_Stream4_IRQHandler
 .text.HAL_UART_TxCpltCallback
                0x0801008c        0x8 ../../libDaisy//build\libdaisy.a(uart.o)
                0x0801008c                HAL_UART_TxCpltCallback
 .text.HAL_UART_RxCpltCallback
                0x08010094        0x8 ../../libDaisy//build\libdaisy.a(uart.o)
                0x08010094                HAL_UART_RxCpltCallback
 .text.HAL_UART_ErrorCallback
                0x0801009c        0x8 ../../libDaisy//build\libdaisy.a(uart.o)
                0x0801009c                HAL_UART_ErrorCallback
 .text.startup._GLOBAL__sub_I__Z19MapInstanceToHandleP13USART_TypeDef
                0x080100a4      0x190 ../../libDaisy//build\libdaisy.a(uart.o)
 .text.dsy_dma_init
                0x08010234      0x100 ../../libDaisy//build\libdaisy.a(dma.o)
                0x08010234                dsy_dma_init
 .text.HAL_MDMA_Abort_IT
                0x08010334       0x2c ../../libDaisy//build\libdaisy.a(stm32h7xx_hal_mdma.o)
                0x08010334                HAL_MDMA_Abort_IT
 .text.SPI_CloseTransfer
                0x08010360       0xb8 ../../libDaisy//build\libdaisy.a(stm32h7xx_hal_spi.o)
 .text.HAL_SPI_Init
                0x08010418      0x15c ../../libDaisy//build\libdaisy.a(stm32h7xx_hal_spi.o)
                0x08010418                HAL_SPI_Init
 .text.HAL_SPI_Transmit_DMA
                0x08010574      0x170 ../../libDaisy//build\libdaisy.a(stm32h7xx_hal_spi.o)
                0x08010574                HAL_SPI_Transmit_DMA
 .text.HAL_SPI_TransmitReceive_DMA
                0x080106e4      0x218 ../../libDaisy//build\libdaisy.a(stm32h7xx_hal_spi.o)
                0x080106e4                HAL_SPI_TransmitReceive_DMA
 .text.HAL_SPI_Receive_DMA