Archive member included to satisfy reference by file (symbol)

../../libDaisy//build\libdaisy.a(daisy_seed.o)
                              build/MyNewProject.o (daisy::DaisySeed::GetPin(unsigned char))
../../libDaisy//build\libdaisy.a(codec_ak4556.o)
                              ../../libDaisy//build\libdaisy.a(daisy_seed.o) (daisy::Ak4556::Init(dsy_gpio_pin))
../../libDaisy//build\libdaisy.a(codec_wm8731.o)
                              ../../libDaisy//build\libdaisy.a(daisy_seed.o) (daisy::Wm8731::Init(daisy::Wm8731::Config const&, daisy::I2CHandle))
../../libDaisy//build\libdaisy.a(sdram.o)
                              ../../libDaisy//build\libdaisy.a(daisy_seed.o) (SdramHandle::Init())
../../libDaisy//build\libdaisy.a(audio.o)
                              ../../libDaisy//build\libdaisy.a(daisy_seed.o) (daisy::AudioHandle::Init(daisy::AudioHandle::Config const&, daisy::SaiHandle))
../../libDaisy//build\libdaisy.a(ctrl.o)
                              build/MyNewProject.o (daisy::AnalogControl::Init(unsigned short*, float, bool, bool, float))
../../libDaisy//build\libdaisy.a(logger.o)
                              build/MyNewProject.o (daisy::Logger<(daisy::LoggerDestination)1>::PrintLine(char const*, ...))
../../libDaisy//build\libdaisy.a(parameter.o)
                              build/MyNewProject.o (daisy::Parameter::Init(daisy::AnalogControl, float, float, daisy::Parameter::Curve))
../../libDaisy//build\libdaisy.a(switch.o)
                              build/MyNewProject.o (daisy::Switch::Init(dsy_gpio_pin, float))
../../libDaisy//build\libdaisy.a(usb.o)
                              ../../libDaisy//build\libdaisy.a(logger.o) (daisy::UsbHandle::Init(daisy::UsbHandle::UsbPeriph))
../../libDaisy//build\libdaisy.a(adc.o)
                              build/MyNewProject.o (daisy::AdcChannelConfig::InitSingle(dsy_gpio_pin))
../../libDaisy//build\libdaisy.a(gpio.o)
                              ../../libDaisy//build\libdaisy.a(daisy_seed.o) (dsy_gpio_init)
../../libDaisy//build\libdaisy.a(i2c.o)
                              ../../libDaisy//build\libdaisy.a(daisy_seed.o) (daisy::I2CHandle::Init(daisy::I2CHandle::Config const&))
../../libDaisy//build\libdaisy.a(qspi.o)
                              ../../libDaisy//build\libdaisy.a(daisy_seed.o) (daisy::QSPIHandle::Init(daisy::QSPIHandle::Config const&))
../../libDaisy//build\libdaisy.a(sai.o)
                              ../../libDaisy//build\libdaisy.a(daisy_seed.o) (daisy::SaiHandle::Init(daisy::SaiHandle::Config const&))
../../libDaisy//build\libdaisy.a(tim.o)
                              build/MyNewProject.o (daisy::TimerHandle::Init(daisy::TimerHandle::Config const&))
../../libDaisy//build\libdaisy.a(system.o)
                              ../../libDaisy//build\libdaisy.a(daisy_seed.o) (daisy::System::DeInit())
../../libDaisy//build\libdaisy.a(system_stm32h7xx.o)
                              build/startup_stm32h750xx.o (SystemInit)
../../libDaisy//build\libdaisy.a(usbd_cdc_if.o)
                              ../../libDaisy//build\libdaisy.a(usb.o) (CDC_Transmit_FS)
../../libDaisy//build\libdaisy.a(usbd_conf.o)
                              ../../libDaisy//build\libdaisy.a(system.o) (hpcd_USB_OTG_HS)
../../libDaisy//build\libdaisy.a(usbd_desc.o)
                              ../../libDaisy//build\libdaisy.a(usb.o) (HS_Desc)
../../libDaisy//build\libdaisy.a(usbh_conf.o)
                              ../../libDaisy//build\libdaisy.a(system.o) (hhcd_USB_OTG_HS)
../../libDaisy//build\libdaisy.a(hal_map.o)
                              ../../libDaisy//build\libdaisy.a(gpio.o) (dsy_hal_map_get_port)
../../libDaisy//build\libdaisy.a(stm32h7xx_hal.o)
                              ../../libDaisy//build\libdaisy.a(system.o) (HAL_Init)
../../libDaisy//build\libdaisy.a(stm32h7xx_hal_adc.o)
                              ../../libDaisy//build\libdaisy.a(adc.o) (HAL_ADC_ConfigChannel)
../../libDaisy//build\libdaisy.a(stm32h7xx_hal_adc_ex.o)
                              ../../libDaisy//build\libdaisy.a(adc.o) (HAL_ADCEx_Calibration_Start)
../../libDaisy//build\libdaisy.a(stm32h7xx_hal_cortex.o)
                              ../../libDaisy//build\libdaisy.a(stm32h7xx_hal.o) (HAL_NVIC_SetPriorityGrouping)
../../libDaisy//build\libdaisy.a(stm32h7xx_hal_dma.o)
                              ../../libDaisy//build\libdaisy.a(adc.o) (HAL_DMA_Init)
../../libDaisy//build\libdaisy.a(stm32h7xx_hal_gpio.o)
                              ../../libDaisy//build\libdaisy.a(sdram.o) (HAL_GPIO_Init)
../../libDaisy//build\libdaisy.a(stm32h7xx_hal_hcd.o)
                              ../../libDaisy//build\libdaisy.a(usbh_conf.o) (HAL_HCD_HC_Init)
../../libDaisy//build\libdaisy.a(stm32h7xx_hal_i2c.o)
                              ../../libDaisy//build\libdaisy.a(i2c.o) (HAL_I2C_Init)
../../libDaisy//build\libdaisy.a(stm32h7xx_hal_i2c_ex.o)
                              ../../libDaisy//build\libdaisy.a(i2c.o) (HAL_I2CEx_ConfigAnalogFilter)
[...]
Memory Configuration

Name             Origin             Length             Attributes
FLASH            0x08000000         0x00020000         xr
DTCMRAM          0x20000000         0x00020000         xrw
SRAM             0x24000000         0x00080000         xrw
RAM_D2           0x30000000         0x00048000         xrw
RAM_D3           0x38000000         0x00010000         xrw
ITCMRAM          0x00000000         0x00010000         xrw
SDRAM            0xc0000000         0x04000000         xrw
QSPIFLASH        0x90000000         0x00800000         xr
*default*        0x00000000         0xffffffff

Linker script and memory map

LOAD c:/program files/daisytoolchain/bin/../lib/gcc/arm-none-eabi/10.2.1/thumb/v7e-m+dp/hard/crti.o
LOAD c:/program files/daisytoolchain/bin/../lib/gcc/arm-none-eabi/10.2.1/thumb/v7e-m+dp/hard/crtbegin.o
LOAD c:/program files/daisytoolchain/bin/../lib/gcc/arm-none-eabi/10.2.1/../../../../arm-none-eabi/lib/thumb/v7e-m+dp/hard/crt0.o
LOAD build/startup_stm32h750xx.o
LOAD build/MyNewProject.o
LOAD build/Delay.o
LOAD build/ToneFilter.o
LOAD ../../libDaisy//build\libdaisy.a
LOAD c:/program files/daisytoolchain/bin/../lib/gcc/arm-none-eabi/10.2.1/../../../../arm-none-eabi/lib/thumb/v7e-m+dp/hard\libnosys.a
LOAD ../../DaisySP//build\libdaisysp.a
LOAD c:/program files/daisytoolchain/bin/../lib/gcc/arm-none-eabi/10.2.1/../../../../arm-none-eabi/lib/thumb/v7e-m+dp/hard\libstdc++_nano.a
LOAD c:/program files/daisytoolchain/bin/../lib/gcc/arm-none-eabi/10.2.1/../../../../arm-none-eabi/lib/thumb/v7e-m+dp/hard\libm.a
LOAD c:/program files/daisytoolchain/bin/../lib/gcc/arm-none-eabi/10.2.1/../../../../arm-none-eabi/lib/thumb/v7e-m+dp/hard\libc_nano.a
START GROUP
LOAD c:/program files/daisytoolchain/bin/../lib/gcc/arm-none-eabi/10.2.1/thumb/v7e-m+dp/hard\libgcc.a
LOAD c:/program files/daisytoolchain/bin/../lib/gcc/arm-none-eabi/10.2.1/../../../../arm-none-eabi/lib/thumb/v7e-m+dp/hard\libc_nano.a
END GROUP
START GROUP
LOAD c:/program files/daisytoolchain/bin/../lib/gcc/arm-none-eabi/10.2.1/thumb/v7e-m+dp/hard\libgcc.a
LOAD c:/program files/daisytoolchain/bin/../lib/gcc/arm-none-eabi/10.2.1/../../../../arm-none-eabi/lib/thumb/v7e-m+dp/hard\libc_nano.a
LOAD c:/program files/daisytoolchain/bin/../lib/gcc/arm-none-eabi/10.2.1/../../../../arm-none-eabi/lib/thumb/v7e-m+dp/hard\libnosys.a
END GROUP
START GROUP
LOAD c:/program files/daisytoolchain/bin/../lib/gcc/arm-none-eabi/10.2.1/thumb/v7e-m+dp/hard\libgcc.a
LOAD c:/program files/daisytoolchain/bin/../lib/gcc/arm-none-eabi/10.2.1/../../../../arm-none-eabi/lib/thumb/v7e-m+dp/hard\libc_nano.a
LOAD c:/program files/daisytoolchain/bin/../lib/gcc/arm-none-eabi/10.2.1/../../../../arm-none-eabi/lib/thumb/v7e-m+dp/hard\libnosys.a
END GROUP
LOAD c:/program files/daisytoolchain/bin/../lib/gcc/arm-none-eabi/10.2.1/thumb/v7e-m+dp/hard/crtend.o
LOAD c:/program files/daisytoolchain/bin/../lib/gcc/arm-none-eabi/10.2.1/thumb/v7e-m+dp/hard/crtn.o
                0x20020000                _estack = 0x20020000

.isr_vector     0x08000000      0x298
                0x08000000                . = ALIGN (0x4)
 *(.isr_vector)
 .isr_vector    0x08000000      0x298 build/startup_stm32h750xx.o
                0x08000000                g_pfnVectors
                0x08000298                . = ALIGN (0x4)

.text           0x080002a0    0x16bcc
                0x080002a0                . = ALIGN (0x4)
                0x080002a0                _stext = .
 *(.text)
 .text          0x080002a0       0x40 c:/program files/daisytoolchain/bin/../lib/gcc/arm-none-eabi/10.2.1/thumb/v7e-m+dp/hard/crtbegin.o
 .text          0x080002e0       0x10 c:/program files/daisytoolchain/bin/../lib/gcc/arm-none-eabi/10.2.1/../../../../arm-none-eabi/lib/thumb/v7e-m+dp/hard\libc_nano.a(lib_a-strlen.o)
                0x080002e0                strlen
 .text          0x080002f0       0xa0 c:/program files/daisytoolchain/bin/../lib/gcc/arm-none-eabi/10.2.1/../../../../arm-none-eabi/lib/thumb/v7e-m+dp/hard\libc_nano.a(lib_a-memchr.o)
                0x080002f0                memchr
 .text          0x08000390      0x378 c:/program files/daisytoolchain/bin/../lib/gcc/arm-none-eabi/10.2.1/thumb/v7e-m+dp/hard\libgcc.a(_arm_addsubdf3.o)
                0x08000390                __aeabi_drsub
                0x08000398                __aeabi_dsub
                0x08000398                __subdf3
                0x0800039c                __aeabi_dadd
                0x0800039c                __adddf3
                0x08000614                __floatunsidf
                0x08000614                __aeabi_ui2d
                0x08000634                __floatsidf
                0x08000634                __aeabi_i2d
                0x08000658                __aeabi_f2d
                0x08000658                __extendsfdf2
                0x0800069c                __floatundidf
                0x0800069c                __aeabi_ul2d
                0x080006ac                __floatdidf
                0x080006ac                __aeabi_l2d
 .text          0x08000708       0x30 c:/program files/daisytoolchain/bin/../lib/gcc/arm-none-eabi/10.2.1/thumb/v7e-m+dp/hard\libgcc.a(_aeabi_uldivmod.o)
                0x08000708                __aeabi_uldivmod
 .text          0x08000738      0x2d0 c:/program files/daisytoolchain/bin/../lib/gcc/arm-none-eabi/10.2.1/thumb/v7e-m+dp/hard\libgcc.a(_udivmoddi4.o)
                0x08000738                __udivmoddi4
 .text          0x08000a08        0x4 c:/program files/daisytoolchain/bin/../lib/gcc/arm-none-eabi/10.2.1/thumb/v7e-m+dp/hard\libgcc.a(_dvmd_tls.o)
                0x08000a08                __aeabi_idiv0
                0x08000a08                __aeabi_ldiv0
 *(.text*)
 .text.Default_Handler
                0x08000a0c        0x4 build/startup_stm32h750xx.o
                0x08000a0c                RTC_Alarm_IRQHandler
                0x08000a0c                HASH_RNG_IRQHandler
                0x08000a0c                EXTI2_IRQHandler
                0x08000a0c                TIM8_CC_IRQHandler
                0x08000a0c                HRTIM1_Master_IRQHandler
                0x08000a0c                DebugMon_Handler
                0x08000a0c                TIM1_CC_IRQHandler
                0x08000a0c                BDMA_Channel6_IRQHandler
                0x08000a0c                DMA2_Stream5_IRQHandler
                0x08000a0c                HRTIM1_FLT_IRQHandler
                0x08000a0c                JPEG_IRQHandler
                0x08000a0c                BDMA_Channel1_IRQHandler
                0x08000a0c                HRTIM1_TIMD_IRQHandler
                0x08000a0c                TAMP_STAMP_IRQHandler
                0x08000a0c                PendSV_Handler
                0x08000a0c                NMI_Handler
                0x08000a0c                EXTI3_IRQHandler
                0x08000a0c                LPTIM4_IRQHandler
                0x08000a0c                TIM8_TRG_COM_TIM14_IRQHandler
                0x08000a0c                LPTIM2_IRQHandler
                0x08000a0c                DFSDM1_FLT1_IRQHandler
                0x08000a0c                DMAMUX2_OVR_IRQHandler
                0x08000a0c                TIM8_UP_TIM13_IRQHandler
                0x08000a0c                I2C3_ER_IRQHandler
                0x08000a0c                DFSDM1_FLT2_IRQHandler
                0x08000a0c                MDMA_IRQHandler
                0x08000a0c                LPTIM3_IRQHandler
                0x08000a0c                HSEM1_IRQHandler
                0x08000a0c                EXTI0_IRQHandler
                0x08000a0c                FPU_IRQHandler
                0x08000a0c                OTG_HS_WKUP_IRQHandler
                0x08000a0c                FDCAN1_IT1_IRQHandler
                0x08000a0c                UsageFault_Handler
                0x08000a0c                LTDC_ER_IRQHandler
                0x08000a0c                HRTIM1_TIME_IRQHandler
                0x08000a0c                TIM6_DAC_IRQHandler
                0x08000a0c                DCMI_IRQHandler
                0x08000a0c                HRTIM1_TIMC_IRQHandler
                0x08000a0c                SAI2_IRQHandler
                0x08000a0c                DFSDM1_FLT3_IRQHandler
                0x08000a0c                TIM17_IRQHandler
                0x08000a0c                CRYP_IRQHandler
                0x08000a0c                BDMA_Channel7_IRQHandler
                0x08000a0c                LPTIM5_IRQHandler
                0x08000a0c                ADC3_IRQHandler
                0x08000a0c                DMA2_Stream0_IRQHandler
                0x08000a0c                BDMA_Channel2_IRQHandler
                0x08000a0c                DMAMUX1_OVR_IRQHandler
                0x08000a0c                TIM16_IRQHandler
                0x08000a0c                BDMA_Channel5_IRQHandler
                0x08000a0c                RCC_IRQHandler
                0x08000a0c                TIM8_BRK_TIM12_IRQHandler
                0x08000a0c                TIM1_TRG_COM_IRQHandler
                0x08000a0c                Default_Handler
                0x08000a0c                ECC_IRQHandler
                0x08000a0c                CEC_IRQHandler
                0x08000a0c                EXTI15_10_IRQHandler
                0x08000a0c                BDMA_Channel0_IRQHandler
                0x08000a0c                ADC_IRQHandler
                0x08000a0c                DMA1_Stream7_IRQHandler
                0x08000a0c                HRTIM1_TIMA_IRQHandler
                0x08000a0c                TIM7_IRQHandler
                0x08000a0c                SDMMC1_IRQHandler
                0x08000a0c                DMA2_Stream7_IRQHandler
                0x08000a0c                TIM15_IRQHandler
                0x08000a0c                PVD_AVD_IRQHandler
                0x08000a0c                EXTI9_5_IRQHandler
                0x08000a0c                RTC_WKUP_IRQHandler
                0x08000a0c                LTDC_IRQHandler
                0x08000a0c                SAI3_IRQHandler
                0x08000a0c                ETH_WKUP_IRQHandler
                0x08000a0c                SPDIF_RX_IRQHandler
                0x08000a0c                MemManage_Handler
                0x08000a0c                SVC_Handler
                0x08000a0c                CRS_IRQHandler
                0x08000a0c                EXTI4_IRQHandler
                0x08000a0c                HRTIM1_TIMB_IRQHandler
                0x08000a0c                FDCAN2_IT1_IRQHandler
                0x08000a0c                ETH_IRQHandler
                0x08000a0c                TIM1_UP_IRQHandler
                0x08000a0c                BDMA_Channel4_IRQHandler
                0x08000a0c                WWDG_IRQHandler
                0x08000a0c                SPI6_IRQHandler
                0x08000a0c                I2C4_EV_IRQHandler
                0x08000a0c                MDIOS_IRQHandler
                0x08000a0c                FDCAN2_IT0_IRQHandler
                0x08000a0c                FDCAN1_IT0_IRQHandler
                0x08000a0c                OTG_FS_WKUP_IRQHandler
                0x08000a0c                DMA2D_IRQHandler
                0x08000a0c                TIM1_BRK_IRQHandler
                0x08000a0c                EXTI1_IRQHandler
                0x08000a0c                SDMMC2_IRQHandler
                0x08000a0c                BDMA_Channel3_IRQHandler
                0x08000a0c                MDIOS_WKUP_IRQHandler
                0x08000a0c                DFSDM1_FLT0_IRQHandler
                0x08000a0c                SAI4_IRQHandler
                0x08000a0c                I2C2_ER_IRQHandler
                0x08000a0c                DMA2_Stream1_IRQHandler
                0x08000a0c                FLASH_IRQHandler
                0x08000a0c                BusFault_Handler
                0x08000a0c                WAKEUP_PIN_IRQHandler
                0x08000a0c                I2C1_ER_IRQHandler
                0x08000a0c                FMC_IRQHandler
                0x08000a0c                FDCAN_CAL_IRQHandler
                0x08000a0c                SWPMI1_IRQHandler
                0x08000a0c                COMP1_IRQHandler
                0x08000a0c                LPTIM1_IRQHandler
                0x08000a0c                I2C4_ER_IRQHandler
                0x08000a0c                DMA2_Stream6_IRQHandler
                0x08000a0c                SAI1_IRQHandler
 .text.Reset_Handler
                0x08000a10       0x44 build/startup_stm32h750xx.o
                0x08000a10                Reset_Handler
 .text._ZN7daisysp7BalanceD2Ev
                0x08000a54        0x4 build/MyNewProject.o
                0x08000a54                daisysp::Balance::~Balance()
                0x08000a54                daisysp::Balance::~Balance()
 .text._ZN7daisysp9CrossFadeD2Ev
                0x08000a58        0x4 build/MyNewProject.o
                0x08000a58                daisysp::CrossFade::~CrossFade()
                0x08000a58                daisysp::CrossFade::~CrossFade()
 .text._ZN5daisy11TimerHandleD2Ev
                0x08000a5c        0x4 build/MyNewProject.o
                0x08000a5c                daisy::TimerHandle::~TimerHandle()
                0x08000a5c                daisy::TimerHandle::~TimerHandle()
 .text._ZN5daisy6SwitchD2Ev
                0x08000a60        0x4 build/MyNewProject.o
                0x08000a60                daisy::Switch::~Switch()
                0x08000a60                daisy::Switch::~Switch()
 .text._ZN5daisy9ParameterD2Ev
                0x08000a64        0x4 build/MyNewProject.o
                0x08000a64                daisy::Parameter::~Parameter()
                0x08000a64                daisy::Parameter::~Parameter()
 .text._ZN5daisy9DaisySeedD2Ev
                0x08000a68        0x4 build/MyNewProject.o
                0x08000a68                daisy::DaisySeed::~DaisySeed()
                0x08000a68                daisy::DaisySeed::~DaisySeed()
 .text._ZN6DelayyD2Ev
                0x08000a6c        0x4 build/MyNewProject.o
                0x08000a6c                Delayy::~Delayy()
                0x08000a6c                Delayy::~Delayy()
 .text._ZN10ToneFilterD2Ev
                0x08000a70        0x4 build/MyNewProject.o
                0x08000a70                ToneFilter::~ToneFilter()
                0x08000a70                ToneFilter::~ToneFilter()
 .text.__tcf_0  0x08000a74        0x4 build/MyNewProject.o
 .text._Z10CheckTempov
                0x08000a78       0xe8 build/MyNewProject.o
                0x08000a78                CheckTempo()
 .text._Z15InitHeadButtonsv
                0x08000b60       0x38 build/MyNewProject.o
                0x08000b60                InitHeadButtons()
 .text.startup.main
                0x08000b98      0x14c build/MyNewProject.o
                0x08000b98                main
 .text._Z15ProcessControlsv
                0x08000ce4       0xc4 build/MyNewProject.o
                0x08000ce4                ProcessControls()
 .text._ZL13AudioCallbackPKPKfPPfj
                0x08000da8      0x108 build/MyNewProject.o
 .text.startup._GLOBAL__sub_I_delay
                0x08000eb0       0xdc build/MyNewProject.o
 .text._ZN6DelayyC2Ev
                0x08000f8c       0x60 build/Delay.o
                0x08000f8c                Delayy::Delayy()
                0x08000f8c                Delayy::Delayy()
 .text._ZN6Delayy7stopAllEv
                0x08000fec        0xc build/Delay.o
                0x08000fec                Delayy::stopAll()
 .text._ZN6Delayy6setBPMERKi
                0x08000ff8       0x5c build/Delay.o
                0x08000ff8                Delayy::setBPM(int const&)
 .text._ZN6Delayy7processEf
                0x08001054       0xe4 build/Delay.o
                0x08001054                Delayy::process(float)
 .text._ZN6Delayy10toggleHeadERKi
                0x08001138       0x18 build/Delay.o
                0x08001138                Delayy::toggleHead(int const&)
 .text._ZN10ToneFilterC2Ef
                0x08001150       0x24 build/ToneFilter.o
                0x08001150                ToneFilter::ToneFilter(float)
                0x08001150                ToneFilter::ToneFilter(float)
 .text._ZN10ToneFilter7setFreqEf
                0x08001174        0x8 build/ToneFilter.o
                0x08001174                ToneFilter::setFreq(float)
 .text._ZN10ToneFilter7processEf
                0x0800117c       0x14 build/ToneFilter.o
                0x0800117c                ToneFilter::process(float)
 .text._ZN5daisy9DaisySeed6GetPinEh
                0x08001190       0x2c ../../libDaisy//build\libdaisy.a(daisy_seed.o)
                0x08001190                daisy::DaisySeed::GetPin(unsigned char)
 .text._ZN5daisy9DaisySeed10StartAudioEPFvPKPKfPPfjE
                0x080011bc        0x8 ../../libDaisy//build\libdaisy.a(daisy_seed.o)
                0x080011bc                daisy::DaisySeed::StartAudio(void (*)(float const* const*, float**, unsigned int))
 .text._ZN5daisy9DaisySeed18SetAudioSampleRateENS_9SaiHandle6Config10SampleRateE
                0x080011c4       0x38 ../../libDaisy//build\libdaisy.a(daisy_seed.o)
                0x080011c4                daisy::DaisySeed::SetAudioSampleRate(daisy::SaiHandle::Config::SampleRate)
 .text._ZN5daisy9DaisySeed15AudioSampleRateEv
                0x080011fc        0x8 ../../libDaisy//build\libdaisy.a(daisy_seed.o)
                0x080011fc                daisy::DaisySeed::AudioSampleRate()
 .text._ZN5daisy9DaisySeed17SetAudioBlockSizeEj
                0x08001204       0x38 ../../libDaisy//build\libdaisy.a(daisy_seed.o)
                0x08001204                daisy::DaisySeed::SetAudioBlockSize(unsigned int)
 .text._ZN5daisy9DaisySeed14ConfigureAudioEv
                0x0800123c       0xd0 ../../libDaisy//build\libdaisy.a(daisy_seed.o)
                0x0800123c                daisy::DaisySeed::ConfigureAudio()
 .text._ZN5daisy9DaisySeed4InitEb
                0x0800130c       0xf0 ../../libDaisy//build\libdaisy.a(daisy_seed.o)
                0x0800130c                daisy::DaisySeed::Init(bool)
 .text._ZN5daisy6Ak45564InitE12dsy_gpio_pin
                0x080013fc       0x44 ../../libDaisy//build\libdaisy.a(codec_ak4556.o)
                0x080013fc                daisy::Ak4556::Init(dsy_gpio_pin)
 .text._ZN5daisy6Wm873120WriteControlRegisterEht
                0x08001440       0x3c ../../libDaisy//build\libdaisy.a(codec_wm8731.o)
                0x08001440                daisy::Wm8731::WriteControlRegister(unsigned char, unsigned short)
 .text._ZN5daisy6Wm87314InitERKNS0_6ConfigENS_9I2CHandleE
                0x0800147c      0x1bc ../../libDaisy//build\libdaisy.a(codec_wm8731.o)
                0x0800147c                daisy::Wm8731::Init(daisy::Wm8731::Config const&, daisy::I2CHandle)
 .text._ZN11SdramHandle10DeviceInitEv
                0x08001638       0x98 ../../libDaisy//build\libdaisy.a(sdram.o)
                0x08001638                SdramHandle::DeviceInit()
 .text._ZN11SdramHandle4InitEv
                0x080016d0       0x7c ../../libDaisy//build\libdaisy.a(sdram.o)
                0x080016d0                SdramHandle::Init()
 .text.HAL_SDRAM_MspInit
                0x0800174c      0x1a8 ../../libDaisy//build\libdaisy.a(sdram.o)
                0x0800174c                HAL_SDRAM_MspInit
 .text._ZN5daisy11AudioHandle4Impl16InternalCallbackEPlS2_j
                0x080018f4      0xbbc ../../libDaisy//build\libdaisy.a(audio.o)
                0x080018f4                daisy::AudioHandle::Impl::InternalCallback(long*, long*, unsigned int)
 .text._ZN5daisy11AudioHandle4InitERKNS0_6ConfigENS_9SaiHandleE
                0x080024b0       0x70 ../../libDaisy//build\libdaisy.a(audio.o)
                0x080024b0                daisy::AudioHandle::Init(daisy::AudioHandle::Config const&, daisy::SaiHandle)
 .text._ZNK5daisy11AudioHandle9GetConfigEv
                0x08002520        0x8 ../../libDaisy//build\libdaisy.a(audio.o)
                0x08002520                daisy::AudioHandle::GetConfig() const
 .text._ZN5daisy11AudioHandle12SetBlockSizeEj
                0x08002528       0x1c ../../libDaisy//build\libdaisy.a(audio.o)
                0x08002528                daisy::AudioHandle::SetBlockSize(unsigned int)
 .text._ZN5daisy11AudioHandle13GetSampleRateEv
                0x08002544        0x8 ../../libDaisy//build\libdaisy.a(audio.o)
                0x08002544                daisy::AudioHandle::GetSampleRate()
 .text._ZN5daisy11AudioHandle13SetSampleRateENS_9SaiHandle6Config10SampleRateE
                0x0800254c       0x88 ../../libDaisy//build\libdaisy.a(audio.o)
                0x0800254c                daisy::AudioHandle::SetSampleRate(daisy::SaiHandle::Config::SampleRate)
 .text._ZN5daisy11AudioHandle5StartEPFvPKPKfPPfjE
                0x080025d4       0x44 ../../libDaisy//build\libdaisy.a(audio.o)
                0x080025d4                daisy::AudioHandle::Start(void (*)(float const* const*, float**, unsigned int))
 .text.startup._GLOBAL__sub_I__ZN5daisy11AudioHandle4Impl4InitENS0_6ConfigENS_9SaiHandleE
                0x08002618       0x24 ../../libDaisy//build\libdaisy.a(audio.o)
 .text._ZN5daisy13AnalogControl4InitEPtfbbf
                0x0800263c       0x64 ../../libDaisy//build\libdaisy.a(ctrl.o)
                0x0800263c                daisy::AnalogControl::Init(unsigned short*, float, bool, bool, float)
 .text._ZN5daisy13AnalogControl7ProcessEv
                0x080026a0       0x48 ../../libDaisy//build\libdaisy.a(ctrl.o)
                0x080026a0                daisy::AnalogControl::Process()
 .text._ZN5daisy9UsbHandleD2Ev
                0x080026e8        0x4 ../../libDaisy//build\libdaisy.a(logger.o)
                0x080026e8                daisy::UsbHandle::~UsbHandle()
                0x080026e8                daisy::UsbHandle::~UsbHandle()
 .text._ZN5daisy6LoggerILNS_17LoggerDestinationE1EE11TransmitBufEv
                0x080026ec       0x60 ../../libDaisy//build\libdaisy.a(logger.o)
                0x080026ec                daisy::Logger<(daisy::LoggerDestination)1>::TransmitBuf()
 .text._ZN5daisy6LoggerILNS_17LoggerDestinationE1EE13AppendNewLineEv
                0x0800274c       0x60 ../../libDaisy//build\libdaisy.a(logger.o)
                0x0800274c                daisy::Logger<(daisy::LoggerDestination)1>::AppendNewLine()
 .text._ZN5daisy6LoggerILNS_17LoggerDestinationE1EE10PrintLineVEPKcSt9__va_list
                0x080027ac       0x30 ../../libDaisy//build\libdaisy.a(logger.o)
                0x080027ac                daisy::Logger<(daisy::LoggerDestination)1>::PrintLineV(char const*, std::__va_list)
 .text._ZN5daisy6LoggerILNS_17LoggerDestinationE1EE9PrintLineEPKcz
                0x080027dc       0x1c ../../libDaisy//build\libdaisy.a(logger.o)
                0x080027dc                daisy::Logger<(daisy::LoggerDestination)1>::PrintLine(char const*, ...)
 .text._ZN5daisy6LoggerILNS_17LoggerDestinationE1EE8StartLogEb
                0x080027f8       0x40 ../../libDaisy//build\libdaisy.a(logger.o)
                0x080027f8                daisy::Logger<(daisy::LoggerDestination)1>::StartLog(bool)
 .text.startup._GLOBAL__sub_I__ZN5daisy10LoggerImplILNS_17LoggerDestinationE1EE11usb_handle_E
                0x08002838       0x2c ../../libDaisy//build\libdaisy.a(logger.o)
 .text._ZN5daisy9Parameter4InitENS_13AnalogControlEffNS0_5CurveE
                0x08002864       0x60 ../../libDaisy//build\libdaisy.a(parameter.o)
                0x08002864                daisy::Parameter::Init(daisy::AnalogControl, float, float, daisy::Parameter::Curve)
 .text._ZN5daisy9Parameter7ProcessEv
                0x080028c4       0xac ../../libDaisy//build\libdaisy.a(parameter.o)
                0x080028c4                daisy::Parameter::Process()
 .text._ZN5daisy6Switch4InitE12dsy_gpio_pinf
                0x08002970       0x34 ../../libDaisy//build\libdaisy.a(switch.o)
                0x08002970                daisy::Switch::Init(dsy_gpio_pin, float)
 .text._ZN5daisy6Switch8DebounceEv
                0x080029a4       0x5c ../../libDaisy//build\libdaisy.a(switch.o)
                0x080029a4                daisy::Switch::Debounce()
 .text.DummyRxCallback
                0x08002a00        0x4 ../../libDaisy//build\libdaisy.a(usb.o)
                0x08002a00                DummyRxCallback
 .text._ZN5daisy9UsbHandle4InitENS0_9UsbPeriphE
                0x08002a04      0x10c ../../libDaisy//build\libdaisy.a(usb.o)
                0x08002a04                daisy::UsbHandle::Init(daisy::UsbHandle::UsbPeriph)
 .text._ZN5daisy9UsbHandle16TransmitInternalEPhj
                0x08002b10       0x14 ../../libDaisy//build\libdaisy.a(usb.o)
                0x08002b10                daisy::UsbHandle::TransmitInternal(unsigned char*, unsigned int)
 .text.OTG_FS_EP1_OUT_IRQHandler
                0x08002b24        0xc ../../libDaisy//build\libdaisy.a(usb.o)
                0x08002b24                OTG_FS_EP1_OUT_IRQHandler
 .text.OTG_FS_EP1_IN_IRQHandler
                0x08002b30        0xc ../../libDaisy//build\libdaisy.a(usb.o)
                0x08002b30                OTG_FS_EP1_IN_IRQHandler
 .text.OTG_FS_IRQHandler
                0x08002b3c        0xc ../../libDaisy//build\libdaisy.a(usb.o)
                0x08002b3c                OTG_FS_IRQHandler
 .text._ZN5daisy16AdcChannelConfig10InitSingleE12dsy_gpio_pin
                0x08002b48       0x1c ../../libDaisy//build\libdaisy.a(adc.o)
                0x08002b48                daisy::AdcChannelConfig::InitSingle(dsy_gpio_pin)
 .text._ZN5daisy9AdcHandle4InitEPNS_16AdcChannelConfigEjNS0_12OverSamplingE
                0x08002b64      0x3c8 ../../libDaisy//build\libdaisy.a(adc.o)
                0x08002b64                daisy::AdcHandle::Init(daisy::AdcChannelConfig*, unsigned int, daisy::AdcHandle::OverSampling)
 .text._ZN5daisy9AdcHandle5StartEv
                0x08002f2c       0x2c ../../libDaisy//build\libdaisy.a(adc.o)
                0x08002f2c                daisy::AdcHandle::Start()
 .text._ZNK5daisy9AdcHandle6GetPtrEh
                0x08002f58       0x14 ../../libDaisy//build\libdaisy.a(adc.o)
                0x08002f58                daisy::AdcHandle::GetPtr(unsigned char) const
 .text.HAL_ADC_MspInit
                0x08002f6c       0x98 ../../libDaisy//build\libdaisy.a(adc.o)
                0x08002f6c                HAL_ADC_MspInit
 .text.DMA1_Stream2_IRQHandler
                0x08003004        0xc ../../libDaisy//build\libdaisy.a(adc.o)
                0x08003004                DMA1_Stream2_IRQHandler
 .text.HAL_ADC_ConvCpltCallback
                0x08003010      0x148 ../../libDaisy//build\libdaisy.a(adc.o)
                0x08003010                HAL_ADC_ConvCpltCallback
 .text.HAL_ADC_ErrorCallback
                0x08003158        0x4 ../../libDaisy//build\libdaisy.a(adc.o)
                0x08003158                HAL_ADC_ErrorCallback
 .text.dsy_gpio_init
                0x0800315c      0x1b8 ../../libDaisy//build\libdaisy.a(gpio.o)
                0x0800315c                dsy_gpio_init
 .text.dsy_gpio_read
                0x08003314       0x1c ../../libDaisy//build\libdaisy.a(gpio.o)
                0x08003314                dsy_gpio_read
 .text.dsy_gpio_write
                0x08003330       0x24 ../../libDaisy//build\libdaisy.a(gpio.o)
                0x08003330                dsy_gpio_write
 .text._ZN5daisy9I2CHandle4Impl8InitPinsEv
                0x08003354       0x58 ../../libDaisy//build\libdaisy.a(i2c.o)
                0x08003354                daisy::I2CHandle::Impl::InitPins()
 .text.HAL_I2C_MspInit
                0x080033ac      0x1b4 ../../libDaisy//build\libdaisy.a(i2c.o)
                0x080033ac                HAL_I2C_MspInit
 .text.dsy_i2c_global_init
                0x08003560       0x78 ../../libDaisy//build\libdaisy.a(i2c.o)
                0x08003560                dsy_i2c_global_init
 .text.DMA1_Stream6_IRQHandler
                0x080035d8       0x34 ../../libDaisy//build\libdaisy.a(i2c.o)
                0x080035d8                DMA1_Stream6_IRQHandler
 .text.I2C1_EV_IRQHandler
                0x0800360c        0xc ../../libDaisy//build\libdaisy.a(i2c.o)
                0x0800360c                I2C1_EV_IRQHandler
 .text.I2C2_EV_IRQHandler
                0x08003618        0xc ../../libDaisy//build\libdaisy.a(i2c.o)
                0x08003618                I2C2_EV_IRQHandler
 .text.I2C3_EV_IRQHandler
                0x08003624        0xc ../../libDaisy//build\libdaisy.a(i2c.o)
                0x08003624                I2C3_EV_IRQHandler
 .text._ZN5daisy9I2CHandle4InitERKNS0_6ConfigE
                0x08003630      0x12c ../../libDaisy//build\libdaisy.a(i2c.o)
                0x08003630                daisy::I2CHandle::Init(daisy::I2CHandle::Config const&)
 .text._ZN5daisy9I2CHandle16TransmitBlockingEtPhtm
                0x0800375c       0x50 ../../libDaisy//build\libdaisy.a(i2c.o)
                0x0800375c                daisy::I2CHandle::TransmitBlocking(unsigned short, unsigned char*, unsigned short, unsigned long)
 .text.startup._GLOBAL__sub_I__ZN5daisy9I2CHandle4Impl10GlobalInitEv
                0x080037ac       0x18 ../../libDaisy//build\libdaisy.a(i2c.o)
 .text._ZN5daisy10QSPIHandle4Impl11WriteEnableEv
                0x080037c4       0x8c ../../libDaisy//build\libdaisy.a(qspi.o)
                0x080037c4                daisy::QSPIHandle::Impl::WriteEnable()
 .text._ZN5daisy10QSPIHandle4Impl17DummyCyclesConfigENS0_6Config6DeviceE
                0x08003850      0x118 ../../libDaisy//build\libdaisy.a(qspi.o)
                0x08003850                daisy::QSPIHandle::Impl::DummyCyclesConfig(daisy::QSPIHandle::Config::Device)
 .text._ZN5daisy10QSPIHandle4Impl10QuadEnableEv
                0x08003968      0x158 ../../libDaisy//build\libdaisy.a(qspi.o)
                0x08003968                daisy::QSPIHandle::Impl::QuadEnable()
 .text._ZN5daisy10QSPIHandle4InitERKNS0_6ConfigE
                0x08003ac0      0x198 ../../libDaisy//build\libdaisy.a(qspi.o)
                0x08003ac0                daisy::QSPIHandle::Init(daisy::QSPIHandle::Config const&)
 .text.HAL_QSPI_MspInit
                0x08003c58      0x11c ../../libDaisy//build\libdaisy.a(qspi.o)
                0x08003c58                HAL_QSPI_MspInit
 .text.HAL_QSPI_MspDeInit
                0x08003d74       0x54 ../../libDaisy//build\libdaisy.a(qspi.o)
                0x08003d74                HAL_QSPI_MspDeInit
 .text.QUADSPI_IRQHandler
                0x08003dc8        0xc ../../libDaisy//build\libdaisy.a(qspi.o)
                0x08003dc8                QUADSPI_IRQHandler
 .text.startup._GLOBAL__sub_I__ZN5daisy10QSPIHandle4Impl4InitERKNS0_6ConfigE
                0x08003dd4       0x28 ../../libDaisy//build\libdaisy.a(qspi.o)
 .text._ZN5daisy9SaiHandle4Impl7InitDmaENS1_15PeripheralBlockE
                0x08003dfc       0xa0 ../../libDaisy//build\libdaisy.a(sai.o)
                0x08003dfc                daisy::SaiHandle::Impl::InitDma(daisy::SaiHandle::Impl::PeripheralBlock)
 .text._ZN5daisy9SaiHandle4Impl8InitPinsEv
                0x08003e9c       0xa8 ../../libDaisy//build\libdaisy.a(sai.o)
                0x08003e9c                daisy::SaiHandle::Impl::InitPins()
 .text.HAL_SAI_MspInit
                0x08003f44      0x164 ../../libDaisy//build\libdaisy.a(sai.o)
                0x08003f44                HAL_SAI_MspInit
 .text.DMA1_Stream0_IRQHandler
                0x080040a8        0xc ../../libDaisy//build\libdaisy.a(sai.o)
                0x080040a8                DMA1_Stream0_IRQHandler
 .text.DMA1_Stream1_IRQHandler
                0x080040b4        0xc ../../libDaisy//build\libdaisy.a(sai.o)
                0x080040b4                DMA1_Stream1_IRQHandler
 .text.DMA1_Stream3_IRQHandler
                0x080040c0        0xc ../../libDaisy//build\libdaisy.a(sai.o)
                0x080040c0                DMA1_Stream3_IRQHandler
 .text.DMA1_Stream4_IRQHandler
                0x080040cc        0xc ../../libDaisy//build\libdaisy.a(sai.o)
                0x080040cc                DMA1_Stream4_IRQHandler
 .text.HAL_SAI_RxHalfCpltCallback
                0x080040d8       0x78 ../../libDaisy//build\libdaisy.a(sai.o)
                0x080040d8                HAL_SAI_RxHalfCpltCallback
 .text.HAL_SAI_RxCpltCallback
                0x08004150       0x70 ../../libDaisy//build\libdaisy.a(sai.o)
                0x08004150                HAL_SAI_RxCpltCallback
 .text._ZN5daisy9SaiHandle4InitERKNS0_6ConfigE
                0x080041c0      0x1f0 ../../libDaisy//build\libdaisy.a(sai.o)
                0x080041c0                daisy::SaiHandle::Init(daisy::SaiHandle::Config const&)
 .text._ZNK5daisy9SaiHandle9GetConfigEv
                0x080043b0        0x4 ../../libDaisy//build\libdaisy.a(sai.o)
                0x080043b0                daisy::SaiHandle::GetConfig() const
 .text._ZN5daisy9SaiHandle8StartDmaEPlS1_jPFvS1_S1_jE
                0x080043b4       0xbc ../../libDaisy//build\libdaisy.a(sai.o)
                0x080043b4                daisy::SaiHandle::StartDma(long*, long*, unsigned int, void (*)(long*, long*, unsigned int))
 .text._ZN5daisy9SaiHandle13GetSampleRateEv
                0x08004470       0x24 ../../libDaisy//build\libdaisy.a(sai.o)
                0x08004470                daisy::SaiHandle::GetSampleRate()
 .text._ZNK5daisy9SaiHandle9GetOffsetEv
                0x08004494        0x8 ../../libDaisy//build\libdaisy.a(sai.o)
                0x08004494                daisy::SaiHandle::GetOffset() const
 .text.HAL_TIM_Base_MspInit
                0x0800449c      0x1e0 ../../libDaisy//build\libdaisy.a(tim.o)
                0x0800449c                HAL_TIM_Base_MspInit
 .text.HAL_TIM_Base_MspDeInit
                0x0800467c       0x98 ../../libDaisy//build\libdaisy.a(tim.o)
                0x0800467c                HAL_TIM_Base_MspDeInit
 .text.HAL_TIM_PeriodElapsedCallback
                0x08004714       0x44 ../../libDaisy//build\libdaisy.a(tim.o)
                0x08004714                HAL_TIM_PeriodElapsedCallback
 .text.TIM2_IRQHandler
                0x08004758        0xc ../../libDaisy//build\libdaisy.a(tim.o)
                0x08004758                TIM2_IRQHandler
 .text.TIM3_IRQHandler
                0x08004764        0xc ../../libDaisy//build\libdaisy.a(tim.o)
                0x08004764                TIM3_IRQHandler
 .text.TIM4_IRQHandler
                0x08004770        0xc ../../libDaisy//build\libdaisy.a(tim.o)
                0x08004770                TIM4_IRQHandler
 .text.TIM5_IRQHandler
                0x0800477c        0xc ../../libDaisy//build\libdaisy.a(tim.o)
                0x0800477c                TIM5_IRQHandler
 .text._ZN5daisy11TimerHandle4InitERKNS0_6ConfigE
                0x08004788       0xd0 ../../libDaisy//build\libdaisy.a(tim.o)
                0x08004788                daisy::TimerHandle::Init(daisy::TimerHandle::Config const&)
 .text._ZN5daisy11TimerHandle6DeInitEv
                0x08004858       0x1c ../../libDaisy//build\libdaisy.a(tim.o)
                0x08004858                daisy::TimerHandle::DeInit()
 .text._ZN5daisy11TimerHandle5StartEv
                0x08004874       0x24 ../../libDaisy//build\libdaisy.a(tim.o)
                0x08004874                daisy::TimerHandle::Start()
 .text._ZN5daisy11TimerHandle4StopEv
                0x08004898       0x14 ../../libDaisy//build\libdaisy.a(tim.o)
                0x08004898                daisy::TimerHandle::Stop()
 .text._ZN5daisy11TimerHandle7GetFreqEv
                0x080048ac       0x18 ../../libDaisy//build\libdaisy.a(tim.o)
                0x080048ac                daisy::TimerHandle::GetFreq()
 .text._ZN5daisy11TimerHandle7GetTickEv
                0x080048c4        0x8 ../../libDaisy//build\libdaisy.a(tim.o)
                0x080048c4                daisy::TimerHandle::GetTick()
 .text.startup._GLOBAL__sub_I__ZN5daisy11TimerHandle4Impl4InitERKNS0_6ConfigE
                0x080048cc       0x38 ../../libDaisy//build\libdaisy.a(tim.o)
 .text.SysTick_Handler
                0x08004904       0x10 ../../libDaisy//build\libdaisy.a(system.o)
                0x08004904                SysTick_Handler
 .text.OTG_HS_EP1_OUT_IRQHandler
                0x08004914       0x24 ../../libDaisy//build\libdaisy.a(system.o)
                0x08004914                OTG_HS_EP1_OUT_IRQHandler
 .text.OTG_HS_EP1_IN_IRQHandler
                0x08004938       0x24 ../../libDaisy//build\libdaisy.a(system.o)
                0x08004938                OTG_HS_EP1_IN_IRQHandler
 .text.OTG_HS_IRQHandler
                0x0800495c       0x24 ../../libDaisy//build\libdaisy.a(system.o)
                0x0800495c                OTG_HS_IRQHandler
 .text.HardFault_Handler
                0x08004980       0xe0 ../../libDaisy//build\libdaisy.a(system.o)
                0x08004980                HardFault_Handler
 .text._ZN5daisy6System6GetNowEv
                0x08004a60        0x4 ../../libDaisy//build\libdaisy.a(system.o)
                0x08004a60                daisy::System::GetNow()
 .text._ZN5daisy6System5DelayEm
                0x08004a64        0x4 ../../libDaisy//build\libdaisy.a(system.o)
                0x08004a64                daisy::System::Delay(unsigned long)
 .text._ZN5daisy6System15ConfigureClocksEv
                0x08004a68      0x194 ../../libDaisy//build\libdaisy.a(system.o)
                0x08004a68                daisy::System::ConfigureClocks()
 .text._ZN5daisy6System4InitERKNS0_6ConfigE
                0x08004bfc      0x140 ../../libDaisy//build\libdaisy.a(system.o)
                0x08004bfc                daisy::System::Init(daisy::System::Config const&)
 .text._ZN5daisy6System12GetPClk1FreqEv
                0x08004d3c        0x4 ../../libDaisy//build\libdaisy.a(system.o)
                0x08004d3c                daisy::System::GetPClk1Freq()
 .text._ZN5daisy6System22GetProgramMemoryRegionEv
                0x08004d40       0x78 ../../libDaisy//build\libdaisy.a(system.o)
                0x08004d40                daisy::System::GetProgramMemoryRegion()
 .text.startup._GLOBAL__sub_I_SysTick_Handler
                0x08004db8       0x1c ../../libDaisy//build\libdaisy.a(system.o)
 .text.SystemInit
                0x08004dd4       0x9c ../../libDaisy//build\libdaisy.a(system_stm32h7xx.o)
                0x08004dd4                SystemInit
 .text.dummy_rx_callback
                0x08004e70        0x4 ../../libDaisy//build\libdaisy.a(usbd_cdc_if.o)
                0x08004e70                dummy_rx_callback
 .text.CDC_DeInit_FS
                0x08004e74        0x4 ../../libDaisy//build\libdaisy.a(usbd_cdc_if.o)
 .text.CDC_Receive_FS
                0x08004e78       0x2c ../../libDaisy//build\libdaisy.a(usbd_cdc_if.o)
 .text.CDC_Receive_HS
                0x08004ea4       0x2c ../../libDaisy//build\libdaisy.a(usbd_cdc_if.o)
 .text.CDC_Init_FS
                0x08004ed0       0x3c ../../libDaisy//build\libdaisy.a(usbd_cdc_if.o)
 .text.CDC_Init_HS
                0x08004f0c       0x3c ../../libDaisy//build\libdaisy.a(usbd_cdc_if.o)
 .text.CDC_Control_FS
                0x08004f48       0x34 ../../libDaisy//build\libdaisy.a(usbd_cdc_if.o)
 .text.CDC_Control_HS
                0x08004f7c       0x34 ../../libDaisy//build\libdaisy.a(usbd_cdc_if.o)
 .text.CDC_DeInit_HS
                0x08004fb0        0x4 ../../libDaisy//build\libdaisy.a(usbd_cdc_if.o)
 .text.CDC_Transmit_FS
                0x08004fb4       0x2c ../../libDaisy//build\libdaisy.a(usbd_cdc_if.o)
                0x08004fb4                CDC_Transmit_FS
 .text.HAL_PCD_MspInit
                0x08004fe0      0x144 ../../libDaisy//build\libdaisy.a(usbd_conf.o)
                0x08004fe0                HAL_PCD_MspInit
 .text.HAL_PCD_SetupStageCallback
                0x08005124        0xc ../../libDaisy//build\libdaisy.a(usbd_conf.o)
                0x08005124                HAL_PCD_SetupStageCallback
 .text.HAL_PCD_DataOutStageCallback
                0x08005130       0x14 ../../libDaisy//build\libdaisy.a(usbd_conf.o)
                0x08005130                HAL_PCD_DataOutStageCallback
 .text.HAL_PCD_DataInStageCallback
                0x08005144       0x14 ../../libDaisy//build\libdaisy.a(usbd_conf.o)
                0x08005144                HAL_PCD_DataInStageCallback
 .text.HAL_PCD_SOFCallback
                0x08005158        0x8 ../../libDaisy//build\libdaisy.a(usbd_conf.o)
                0x08005158                HAL_PCD_SOFCallback
 .text.HAL_PCD_ResetCallback
                0x08005160       0x24 ../../libDaisy//build\libdaisy.a(usbd_conf.o)
                0x08005160                HAL_PCD_ResetCallback
 .text.HAL_PCD_SuspendCallback
                0x08005184       0x30 ../../libDaisy//build\libdaisy.a(usbd_conf.o)
                0x08005184                HAL_PCD_SuspendCallback
 .text.HAL_PCD_ResumeCallback
                0x080051b4        0x8 ../../libDaisy//build\libdaisy.a(usbd_conf.o)
                0x080051b4                HAL_PCD_ResumeCallback
 .text.HAL_PCD_ISOOUTIncompleteCallback
                0x080051bc        0x8 ../../libDaisy//build\libdaisy.a(usbd_conf.o)
                0x080051bc                HAL_PCD_ISOOUTIncompleteCallback
 .text.HAL_PCD_ISOINIncompleteCallback
                0x080051c4        0x8 ../../libDaisy//build\libdaisy.a(usbd_conf.o)
                0x080051c4                HAL_PCD_ISOINIncompleteCallback
 .text.HAL_PCD_ConnectCallback
                0x080051cc        0x8 ../../libDaisy//build\libdaisy.a(usbd_conf.o)
                0x080051cc                HAL_PCD_ConnectCallback
 .text.HAL_PCD_DisconnectCallback
                0x080051d4        0x8 ../../libDaisy//build\libdaisy.a(usbd_conf.o)
                0x080051d4                HAL_PCD_DisconnectCallback
 .text.USBD_LL_Init
                0x080051dc       0xe4 ../../libDaisy//build\libdaisy.a(usbd_conf.o)
                0x080051dc                USBD_LL_Init
 .text.USBD_LL_Start
                0x080052c0       0x1c ../../libDaisy//build\libdaisy.a(usbd_conf.o)
                0x080052c0                USBD_LL_Start
 .text.USBD_LL_OpenEP
                0x080052dc       0x24 ../../libDaisy//build\libdaisy.a(usbd_conf.o)
                0x080052dc                USBD_LL_OpenEP
 .text.USBD_LL_CloseEP
                0x08005300       0x1c ../../libDaisy//build\libdaisy.a(usbd_conf.o)
                0x08005300                USBD_LL_CloseEP
 .text.USBD_LL_StallEP
                0x0800531c       0x1c ../../libDaisy//build\libdaisy.a(usbd_conf.o)
                0x0800531c                USBD_LL_StallEP
 .text.USBD_LL_ClearStallEP
                0x08005338       0x1c ../../libDaisy//build\libdaisy.a(usbd_conf.o)
                0x08005338                USBD_LL_ClearStallEP
 .text.USBD_LL_IsStallEP
                0x08005354       0x28 ../../libDaisy//build\libdaisy.a(usbd_conf.o)
                0x08005354                USBD_LL_IsStallEP
 .text.USBD_LL_SetUSBAddress
                0x0800537c       0x1c ../../libDaisy//build\libdaisy.a(usbd_conf.o)
                0x0800537c                USBD_LL_SetUSBAddress
 .text.USBD_LL_Transmit
                0x08005398       0x1c ../../libDaisy//build\libdaisy.a(usbd_conf.o)
                0x08005398                USBD_LL_Transmit
 .text.USBD_LL_PrepareReceive
                0x080053b4       0x1c ../../libDaisy//build\libdaisy.a(usbd_conf.o)
                0x080053b4                USBD_LL_PrepareReceive
 .text.USBD_LL_GetRxDataSize
                0x080053d0        0x8 ../../libDaisy//build\libdaisy.a(usbd_conf.o)
                0x080053d0                USBD_LL_GetRxDataSize
 .text.USBD_HS_DeviceDescriptor
                0x080053d8        0xc ../../libDaisy//build\libdaisy.a(usbd_desc.o)
                0x080053d8                USBD_HS_DeviceDescriptor
 .text.USBD_FS_DeviceDescriptor
                0x080053e4        0xc ../../libDaisy//build\libdaisy.a(usbd_desc.o)
                0x080053e4                USBD_FS_DeviceDescriptor
 .text.USBD_FS_LangIDStrDescriptor
                0x080053f0        0xc ../../libDaisy//build\libdaisy.a(usbd_desc.o)
                0x080053f0                USBD_FS_LangIDStrDescriptor
 .text.USBD_FS_ManufacturerStrDescriptor
                0x080053fc       0x1c ../../libDaisy//build\libdaisy.a(usbd_desc.o)
                0x080053fc                USBD_FS_ManufacturerStrDescriptor
 .text.USBD_HS_ProductStrDescriptor
                0x08005418       0x1c ../../libDaisy//build\libdaisy.a(usbd_desc.o)
                0x08005418                USBD_HS_ProductStrDescriptor
 .text.USBD_FS_ConfigStrDescriptor
                0x08005434       0x1c ../../libDaisy//build\libdaisy.a(usbd_desc.o)
                0x08005434                USBD_FS_ConfigStrDescriptor
 .text.USBD_FS_InterfaceStrDescriptor
                0x08005450       0x1c ../../libDaisy//build\libdaisy.a(usbd_desc.o)
                0x08005450                USBD_FS_InterfaceStrDescriptor
 .text.USBD_FS_ProductStrDescriptor
                0x0800546c       0x1c ../../libDaisy//build\libdaisy.a(usbd_desc.o)
                0x0800546c                USBD_FS_ProductStrDescriptor
 .text.USBD_HS_LangIDStrDescriptor
                0x08005488        0xc ../../libDaisy//build\libdaisy.a(usbd_desc.o)
                0x08005488                USBD_HS_LangIDStrDescriptor
 .text.USBD_HS_ManufacturerStrDescriptor
                0x08005494       0x1c ../../libDaisy//build\libdaisy.a(usbd_desc.o)
                0x08005494                USBD_HS_ManufacturerStrDescriptor
 .text.USBD_FS_SerialStrDescriptor
                0x080054b0      0x124 ../../libDaisy//build\libdaisy.a(usbd_desc.o)
                0x080054b0                USBD_FS_SerialStrDescriptor
 .text.USBD_HS_SerialStrDescriptor
                0x080055d4      0x124 ../../libDaisy//build\libdaisy.a(usbd_desc.o)
                0x080055d4                USBD_HS_SerialStrDescriptor
 .text.USBD_HS_InterfaceStrDescriptor
                0x080056f8       0x1c ../../libDaisy//build\libdaisy.a(usbd_desc.o)
                0x080056f8                USBD_HS_InterfaceStrDescriptor
 .text.USBD_HS_ConfigStrDescriptor
                0x08005714       0x1c ../../libDaisy//build\libdaisy.a(usbd_desc.o)
                0x08005714                USBD_HS_ConfigStrDescriptor
 .text.HAL_HCD_SOF_Callback
                0x08005730        0x8 ../../libDaisy//build\libdaisy.a(usbh_conf.o)
                0x08005730                HAL_HCD_SOF_Callback
 .text.HAL_HCD_Connect_Callback
                0x08005738        0x8 ../../libDaisy//build\libdaisy.a(usbh_conf.o)
                0x08005738                HAL_HCD_Connect_Callback
 .text.HAL_HCD_Disconnect_Callback
                0x08005740        0x8 ../../libDaisy//build\libdaisy.a(usbh_conf.o)
                0x08005740                HAL_HCD_Disconnect_Callback
 .text.HAL_HCD_HC_NotifyURBChange_Callback
                0x08005748        0x4 ../../libDaisy//build\libdaisy.a(usbh_conf.o)
                0x08005748                HAL_HCD_HC_NotifyURBChange_Callback
 .text.HAL_HCD_PortEnabled_Callback
                0x0800574c        0x8 ../../libDaisy//build\libdaisy.a(usbh_conf.o)
                0x0800574c                HAL_HCD_PortEnabled_Callback
 .text.HAL_HCD_PortDisabled_Callback
                0x08005754        0x8 ../../libDaisy//build\libdaisy.a(usbh_conf.o)
                0x08005754                HAL_HCD_PortDisabled_Callback
 .text.USBH_LL_Stop
                0x0800575c       0x1c ../../libDaisy//build\libdaisy.a(usbh_conf.o)
                0x0800575c                USBH_LL_Stop
 .text.dsy_hal_map_get_port
                0x08005778       0x10 ../../libDaisy//build\libdaisy.a(hal_map.o)
                0x08005778                dsy_hal_map_get_port
 .text.dsy_hal_map_get_pin
                0x08005788       0x10 ../../libDaisy//build\libdaisy.a(hal_map.o)
                0x08005788                dsy_hal_map_get_pin
 .text.dsy_hal_map_gpio_clk_enable
                0x08005798      0x150 ../../libDaisy//build\libdaisy.a(hal_map.o)
                0x08005798                dsy_hal_map_gpio_clk_enable
 .text.HAL_MspInit
                0x080058e8        0x4 ../../libDaisy//build\libdaisy.a(stm32h7xx_hal.o)
                0x080058e8                HAL_MspInit
 .text.HAL_InitTick
                0x080058ec       0x4c ../../libDaisy//build\libdaisy.a(stm32h7xx_hal.o)
                0x080058ec                HAL_InitTick
 .text.HAL_Init
                0x08005938       0x60 ../../libDaisy//build\libdaisy.a(stm32h7xx_hal.o)
                0x08005938                HAL_Init
 .text.HAL_IncTick
                0x08005998       0x18 ../../libDaisy//build\libdaisy.a(stm32h7xx_hal.o)
                0x08005998                HAL_IncTick
 .text.HAL_GetTick
                0x080059b0        0xc ../../libDaisy//build\libdaisy.a(stm32h7xx_hal.o)
                0x080059b0                HAL_GetTick
 .text.HAL_Delay
                0x080059bc       0x24 ../../libDaisy//build\libdaisy.a(stm32h7xx_hal.o)
                0x080059bc                HAL_Delay
 .text.HAL_GetREVID
                0x080059e0        0xc ../../libDaisy//build\libdaisy.a(stm32h7xx_hal.o)
                0x080059e0                HAL_GetREVID
 .text.HAL_ADC_ConvHalfCpltCallback
                0x080059ec        0x4 ../../libDaisy//build\libdaisy.a(stm32h7xx_hal_adc.o)
                0x080059ec                HAL_ADC_ConvHalfCpltCallback
 .text.ADC_DMAHalfConvCplt
                0x080059f0        0xc ../../libDaisy//build\libdaisy.a(stm32h7xx_hal_adc.o)
                0x080059f0                ADC_DMAHalfConvCplt
 .text.ADC_DMAConvCplt
                0x080059fc       0x6c ../../libDaisy//build\libdaisy.a(stm32h7xx_hal_adc.o)
                0x080059fc                ADC_DMAConvCplt
 .text.ADC_DMAError
                0x08005a68       0x1c ../../libDaisy//build\libdaisy.a(stm32h7xx_hal_adc.o)
                0x08005a68                ADC_DMAError
 .text.HAL_ADC_ConfigChannel
                0x08005a84      0x3fc ../../libDaisy//build\libdaisy.a(stm32h7xx_hal_adc.o)
                0x08005a84                HAL_ADC_ConfigChannel
 .text.ADC_Enable
                0x08005e80       0xac ../../libDaisy//build\libdaisy.a(stm32h7xx_hal_adc.o)
                0x08005e80                ADC_Enable
 .text.HAL_ADC_Start_DMA
                0x08005f2c      0x114 ../../libDaisy//build\libdaisy.a(stm32h7xx_hal_adc.o)
                0x08005f2c                HAL_ADC_Start_DMA
 .text.ADC_Disable
                0x08006040       0x68 ../../libDaisy//build\libdaisy.a(stm32h7xx_hal_adc.o)
                0x08006040                ADC_Disable
 .text.ADC_ConfigureBoostMode
                0x080060a8      0x184 ../../libDaisy//build\libdaisy.a(stm32h7xx_hal_adc.o)
                0x080060a8                ADC_ConfigureBoostMode
 .text.HAL_ADC_Init
                0x0800622c      0x218 ../../libDaisy//build\libdaisy.a(stm32h7xx_hal_adc.o)
                0x0800622c                HAL_ADC_Init
 .text.HAL_ADCEx_Calibration_Start
                0x08006444       0xa4 ../../libDaisy//build\libdaisy.a(stm32h7xx_hal_adc_ex.o)
                0x08006444                HAL_ADCEx_Calibration_Start
 .text.HAL_ADCEx_MultiModeConfigChannel
                0x080064e8       0xc4 ../../libDaisy//build\libdaisy.a(stm32h7xx_hal_adc_ex.o)
                0x080064e8                HAL_ADCEx_MultiModeConfigChannel
 .text.HAL_NVIC_SetPriorityGrouping
                0x080065ac       0x24 ../../libDaisy//build\libdaisy.a(stm32h7xx_hal_cortex.o)
                0x080065ac                HAL_NVIC_SetPriorityGrouping
 .text.HAL_NVIC_SetPriority
                0x080065d0       0x7c ../../libDaisy//build\libdaisy.a(stm32h7xx_hal_cortex.o)
                0x080065d0                HAL_NVIC_SetPriority
 .text.HAL_NVIC_EnableIRQ
                0x0800664c       0x1c ../../libDaisy//build\libdaisy.a(stm32h7xx_hal_cortex.o)
                0x0800664c                HAL_NVIC_EnableIRQ
 .text.HAL_NVIC_DisableIRQ
                0x08006668       0x28 ../../libDaisy//build\libdaisy.a(stm32h7xx_hal_cortex.o)
                0x08006668                HAL_NVIC_DisableIRQ
 .text.HAL_SYSTICK_Config
                0x08006690       0x2c ../../libDaisy//build\libdaisy.a(stm32h7xx_hal_cortex.o)
                0x08006690                HAL_SYSTICK_Config
 .text.HAL_MPU_Disable
                0x080066bc       0x1c ../../libDaisy//build\libdaisy.a(stm32h7xx_hal_cortex.o)
                0x080066bc                HAL_MPU_Disable
 .text.HAL_MPU_Enable
                0x080066d8       0x20 ../../libDaisy//build\libdaisy.a(stm32h7xx_hal_cortex.o)
                0x080066d8                HAL_MPU_Enable
 .text.HAL_MPU_ConfigRegion
                0x080066f8       0x64 ../../libDaisy//build\libdaisy.a(stm32h7xx_hal_cortex.o)
                0x080066f8                HAL_MPU_ConfigRegion
 .text.HAL_SYSTICK_Callback
                0x0800675c        0x4 ../../libDaisy//build\libdaisy.a(stm32h7xx_hal_cortex.o)
                0x0800675c                HAL_SYSTICK_Callback
 .text.HAL_SYSTICK_IRQHandler
                0x08006760        0x8 ../../libDaisy//build\libdaisy.a(stm32h7xx_hal_cortex.o)
                0x08006760                HAL_SYSTICK_IRQHandler
 .text.DMA_CalcBaseAndBitshift
                0x08006768       0xf4 ../../libDaisy//build\libdaisy.a(stm32h7xx_hal_dma.o)
 .text.DMA_CalcDMAMUXChannelBaseAndMask
                0x0800685c       0xd8 ../../libDaisy//build\libdaisy.a(stm32h7xx_hal_dma.o)
 .text.HAL_DMA_Init
                0x08006934      0x37c ../../libDaisy//build\libdaisy.a(stm32h7xx_hal_dma.o)
                0x08006934                HAL_DMA_Init
 .text.HAL_DMA_Start_IT
                0x08006cb0      0x240 ../../libDaisy//build\libdaisy.a(stm32h7xx_hal_dma.o)
                0x08006cb0                HAL_DMA_Start_IT
 .text.HAL_DMA_Abort_IT
                0x08006ef0      0x134 ../../libDaisy//build\libdaisy.a(stm32h7xx_hal_dma.o)
                0x08006ef0                HAL_DMA_Abort_IT
 .text.HAL_DMA_IRQHandler
                0x08007024      0x6a0 ../../libDaisy//build\libdaisy.a(stm32h7xx_hal_dma.o)
                0x08007024                HAL_DMA_IRQHandler
 .text.HAL_DMA_GetError
                0x080076c4        0x4 ../../libDaisy//build\libdaisy.a(stm32h7xx_hal_dma.o)
                0x080076c4                HAL_DMA_GetError
 .text.HAL_GPIO_Init
                0x080076c8      0x280 ../../libDaisy//build\libdaisy.a(stm32h7xx_hal_gpio.o)
                0x080076c8                HAL_GPIO_Init
 .text.HAL_GPIO_DeInit
                0x08007948      0x190 ../../libDaisy//build\libdaisy.a(stm32h7xx_hal_gpio.o)
                0x08007948                HAL_GPIO_DeInit
 .text.HAL_GPIO_ReadPin
                0x08007ad8        0xc ../../libDaisy//build\libdaisy.a(stm32h7xx_hal_gpio.o)
                0x08007ad8                HAL_GPIO_ReadPin
 .text.HAL_GPIO_WritePin
                0x08007ae4        0x8 ../../libDaisy//build\libdaisy.a(stm32h7xx_hal_gpio.o)
                0x08007ae4                HAL_GPIO_WritePin
 .text.HAL_HCD_IRQHandler
                0x08007aec      0x780 ../../libDaisy//build\libdaisy.a(stm32h7xx_hal_hcd.o)
                0x08007aec                HAL_HCD_IRQHandler
 .text.HAL_HCD_Stop
                0x0800826c       0x28 ../../libDaisy//build\libdaisy.a(stm32h7xx_hal_hcd.o)
                0x0800826c                HAL_HCD_Stop
 .text.I2C_WaitOnTXISFlagUntilTimeout
                0x08008294       0xb8 ../../libDaisy//build\libdaisy.a(stm32h7xx_hal_i2c.o)
 .text.I2C_WaitOnSTOPFlagUntilTimeout
                0x0800834c       0xac ../../libDaisy//build\libdaisy.a(stm32h7xx_hal_i2c.o)
 .text.HAL_I2C_Init
                0x080083f8       0xac ../../libDaisy//build\libdaisy.a(stm32h7xx_hal_i2c.o)
                0x080083f8                HAL_I2C_Init
 .text.HAL_I2C_Master_Transmit
                0x080084a4      0x1a8 ../../libDaisy//build\libdaisy.a(stm32h7xx_hal_i2c.o)
                0x080084a4                HAL_I2C_Master_Transmit
 .text.HAL_I2C_Slave_Transmit
                0x0800864c      0x1c8 ../../libDaisy//build\libdaisy.a(stm32h7xx_hal_i2c.o)
                0x0800864c                HAL_I2C_Slave_Transmit
 .text.HAL_I2C_EV_IRQHandler
                0x08008814       0x10 ../../libDaisy//build\libdaisy.a(stm32h7xx_hal_i2c.o)
                0x08008814                HAL_I2C_EV_IRQHandler
 .text.HAL_I2C_GetState
                0x08008824        0x8 ../../libDaisy//build\libdaisy.a(stm32h7xx_hal_i2c.o)
                0x08008824                HAL_I2C_GetState
 .text.HAL_I2CEx_ConfigAnalogFilter
                0x0800882c       0x54 ../../libDaisy//build\libdaisy.a(stm32h7xx_hal_i2c_ex.o)
                0x0800882c                HAL_I2CEx_ConfigAnalogFilter
 .text.HAL_I2CEx_ConfigDigitalFilter
                0x08008880       0x58 ../../libDaisy//build\libdaisy.a(stm32h7xx_hal_i2c_ex.o)
                0x08008880                HAL_I2CEx_ConfigDigitalFilter
 .text.HAL_PCD_Init
                0x080088d8      0x12c ../../libDaisy//build\libdaisy.a(stm32h7xx_hal_pcd.o)
                0x080088d8                HAL_PCD_Init
 .text.HAL_PCD_Start
                0x08008a04       0x44 ../../libDaisy//build\libdaisy.a(stm32h7xx_hal_pcd.o)
                0x08008a04                HAL_PCD_Start
 .text.HAL_PCD_IRQHandler
                0x08008a48      0x69c ../../libDaisy//build\libdaisy.a(stm32h7xx_hal_pcd.o)
                0x08008a48                HAL_PCD_IRQHandler
 .text.HAL_PCD_SetAddress
                0x080090e4       0x2c ../../libDaisy//build\libdaisy.a(stm32h7xx_hal_pcd.o)
                0x080090e4                HAL_PCD_SetAddress
 .text.HAL_PCD_EP_Open
                0x08009110       0x7c ../../libDaisy//build\libdaisy.a(stm32h7xx_hal_pcd.o)
                0x08009110                HAL_PCD_EP_Open
 .text.HAL_PCD_EP_Close
                0x0800918c       0x6c ../../libDaisy//build\libdaisy.a(stm32h7xx_hal_pcd.o)
                0x0800918c                HAL_PCD_EP_Close
 .text.HAL_PCD_EP_Receive
                0x080091f8       0x50 ../../libDaisy//build\libdaisy.a(stm32h7xx_hal_pcd.o)
                0x080091f8                HAL_PCD_EP_Receive
 .text.HAL_PCD_EP_GetRxCount
                0x08009248       0x14 ../../libDaisy//build\libdaisy.a(stm32h7xx_hal_pcd.o)
                0x08009248                HAL_PCD_EP_GetRxCount
 .text.HAL_PCD_EP_Transmit
                0x0800925c       0x50 ../../libDaisy//build\libdaisy.a(stm32h7xx_hal_pcd.o)
                0x0800925c                HAL_PCD_EP_Transmit
 .text.HAL_PCD_EP_SetStall
                0x080092ac       0x88 ../../libDaisy//build\libdaisy.a(stm32h7xx_hal_pcd.o)
                0x080092ac                HAL_PCD_EP_SetStall
 .text.HAL_PCD_EP_ClrStall
                0x08009334       0x78 ../../libDaisy//build\libdaisy.a(stm32h7xx_hal_pcd.o)
                0x08009334                HAL_PCD_EP_ClrStall
 .text.HAL_PCDEx_SetTxFiFo
                0x080093ac       0x54 ../../libDaisy//build\libdaisy.a(stm32h7xx_hal_pcd_ex.o)
                0x080093ac                HAL_PCDEx_SetTxFiFo
 .text.HAL_PCDEx_SetRxFiFo
                0x08009400        0xc ../../libDaisy//build\libdaisy.a(stm32h7xx_hal_pcd_ex.o)
                0x08009400                HAL_PCDEx_SetRxFiFo
 .text.HAL_PCDEx_ActivateLPM
                0x0800940c       0x30 ../../libDaisy//build\libdaisy.a(stm32h7xx_hal_pcd_ex.o)
                0x0800940c                HAL_PCDEx_ActivateLPM
 .text.HAL_PCDEx_LPM_Callback
                0x0800943c        0x4 ../../libDaisy//build\libdaisy.a(stm32h7xx_hal_pcd_ex.o)
                0x0800943c                HAL_PCDEx_LPM_Callback
 .text.HAL_PWREx_ConfigSupply
                0x08009440       0x4c ../../libDaisy//build\libdaisy.a(stm32h7xx_hal_pwr_ex.o)
                0x08009440                HAL_PWREx_ConfigSupply
 .text.HAL_PWREx_EnableUSBVoltageDetector
                0x0800948c       0x10 ../../libDaisy//build\libdaisy.a(stm32h7xx_hal_pwr_ex.o)
                0x0800948c                HAL_PWREx_EnableUSBVoltageDetector
 .text.QSPI_Config
                0x0800949c      0x174 ../../libDaisy//build\libdaisy.a(stm32h7xx_hal_qspi.o)
 .text.HAL_QSPI_Init
                0x08009610       0xd8 ../../libDaisy//build\libdaisy.a(stm32h7xx_hal_qspi.o)
                0x08009610                HAL_QSPI_Init
 .text.HAL_QSPI_DeInit
                0x080096e8       0x3c ../../libDaisy//build\libdaisy.a(stm32h7xx_hal_qspi.o)
                0x080096e8                HAL_QSPI_DeInit
 .text.HAL_QSPI_Command
                0x08009724       0xd4 ../../libDaisy//build\libdaisy.a(stm32h7xx_hal_qspi.o)
                0x08009724                HAL_QSPI_Command
 .text.HAL_QSPI_Transmit
                0x080097f8       0xfc ../../libDaisy//build\libdaisy.a(stm32h7xx_hal_qspi.o)
                0x080097f8                HAL_QSPI_Transmit
 .text.HAL_QSPI_Receive
                0x080098f4      0x108 ../../libDaisy//build\libdaisy.a(stm32h7xx_hal_qspi.o)
                0x080098f4                HAL_QSPI_Receive
 .text.HAL_QSPI_AutoPolling
                0x080099fc       0xf0 ../../libDaisy//build\libdaisy.a(stm32h7xx_hal_qspi.o)
                0x080099fc                HAL_QSPI_AutoPolling
 .text.HAL_QSPI_MemoryMapped
                0x08009aec       0xc0 ../../libDaisy//build\libdaisy.a(stm32h7xx_hal_qspi.o)
                0x08009aec                HAL_QSPI_MemoryMapped
 .text.HAL_QSPI_ErrorCallback
                0x08009bac        0x4 ../../libDaisy//build\libdaisy.a(stm32h7xx_hal_qspi.o)
                0x08009bac                HAL_QSPI_ErrorCallback
 .text.QSPI_DMAAbortCplt
                0x08009bb0       0x38 ../../libDaisy//build\libdaisy.a(stm32h7xx_hal_qspi.o)
 .text.HAL_QSPI_AbortCpltCallback
                0x08009be8        0x4 ../../libDaisy//build\libdaisy.a(stm32h7xx_hal_qspi.o)
                0x08009be8                HAL_QSPI_AbortCpltCallback
 .text.HAL_QSPI_CmdCpltCallback
                0x08009bec        0x4 ../../libDaisy//build\libdaisy.a(stm32h7xx_hal_qspi.o)
                0x08009bec                HAL_QSPI_CmdCpltCallback
 .text.HAL_QSPI_RxCpltCallback
                0x08009bf0        0x4 ../../libDaisy//build\libdaisy.a(stm32h7xx_hal_qspi.o)
                0x08009bf0                HAL_QSPI_RxCpltCallback
 .text.HAL_QSPI_TxCpltCallback
                0x08009bf4        0x4 ../../libDaisy//build\libdaisy.a(stm32h7xx_hal_qspi.o)
                0x08009bf4                HAL_QSPI_TxCpltCallback
 .text.HAL_QSPI_FifoThresholdCallback
                0x08009bf8        0x4 ../../libDaisy//build\libdaisy.a(stm32h7xx_hal_qspi.o)
                0x08009bf8                HAL_QSPI_FifoThresholdCallback
 .text.HAL_QSPI_StatusMatchCallback
                0x08009bfc        0x4 ../../libDaisy//build\libdaisy.a(stm32h7xx_hal_qspi.o)
                0x08009bfc                HAL_QSPI_StatusMatchCallback
 .text.HAL_QSPI_TimeOutCallback
                0x08009c00        0x4 ../../libDaisy//build\libdaisy.a(stm32h7xx_hal_qspi.o)
                0x08009c00                HAL_QSPI_TimeOutCallback
 .text.HAL_QSPI_IRQHandler
                0x08009c04      0x210 ../../libDaisy//build\libdaisy.a(stm32h7xx_hal_qspi.o)
                0x08009c04                HAL_QSPI_IRQHandler
 .text.HAL_RCC_OscConfig
                0x08009e14      0x51c ../../libDaisy//build\libdaisy.a(stm32h7xx_hal_rcc.o)
                0x08009e14                HAL_RCC_OscConfig
 .text.HAL_RCC_GetSysClockFreq
                0x0800a330      0x140 ../../libDaisy//build\libdaisy.a(stm32h7xx_hal_rcc.o)
                0x0800a330                HAL_RCC_GetSysClockFreq
 .text.HAL_RCC_ClockConfig
                0x0800a470      0x234 ../../libDaisy//build\libdaisy.a(stm32h7xx_hal_rcc.o)
                0x0800a470                HAL_RCC_ClockConfig
 .text.HAL_RCC_GetHCLKFreq
                0x0800a6a4       0x2c ../../libDaisy//build\libdaisy.a(stm32h7xx_hal_rcc.o)
                0x0800a6a4                HAL_RCC_GetHCLKFreq
 .text.HAL_RCC_GetPCLK1Freq
                0x0800a6d0       0x38 ../../libDaisy//build\libdaisy.a(stm32h7xx_hal_rcc.o)
                0x0800a6d0                HAL_RCC_GetPCLK1Freq
 .text.HAL_RCC_GetPCLK2Freq
                0x0800a708       0x38 ../../libDaisy//build\libdaisy.a(stm32h7xx_hal_rcc.o)
                0x0800a708                HAL_RCC_GetPCLK2Freq
 .text.RCCEx_PLL2_Config
                0x0800a740       0xf4 ../../libDaisy//build\libdaisy.a(stm32h7xx_hal_rcc_ex.o)
 .text.RCCEx_PLL3_Config
                0x0800a834       0xf4 ../../libDaisy//build\libdaisy.a(stm32h7xx_hal_rcc_ex.o)
 .text.HAL_RCCEx_PeriphCLKConfig
                0x0800a928      0xa7c ../../libDaisy//build\libdaisy.a(stm32h7xx_hal_rcc_ex.o)
                0x0800a928                HAL_RCCEx_PeriphCLKConfig
 .text.HAL_RCCEx_GetD3PCLK1Freq
                0x0800b3a4       0x24 ../../libDaisy//build\libdaisy.a(stm32h7xx_hal_rcc_ex.o)
                0x0800b3a4                HAL_RCCEx_GetD3PCLK1Freq
 .text.HAL_RCCEx_GetPLL2ClockFreq
                0x0800b3c8      0x17c ../../libDaisy//build\libdaisy.a(stm32h7xx_hal_rcc_ex.o)
                0x0800b3c8                HAL_RCCEx_GetPLL2ClockFreq
 .text.HAL_RCCEx_GetPLL3ClockFreq
                0x0800b544      0x17c ../../libDaisy//build\libdaisy.a(stm32h7xx_hal_rcc_ex.o)
                0x0800b544                HAL_RCCEx_GetPLL3ClockFreq
 .text.HAL_RCCEx_GetPLL1ClockFreq
                0x0800b6c0      0x17c ../../libDaisy//build\libdaisy.a(stm32h7xx_hal_rcc_ex.o)
                0x0800b6c0                HAL_RCCEx_GetPLL1ClockFreq
 .text.HAL_RCCEx_GetPeriphCLKFreq
                0x0800b83c      0x198 ../../libDaisy//build\libdaisy.a(stm32h7xx_hal_rcc_ex.o)
                0x0800b83c                HAL_RCCEx_GetPeriphCLKFreq
 .text.HAL_RCCEx_GetD1SysClockFreq
                0x0800b9d4       0x2c ../../libDaisy//build\libdaisy.a(stm32h7xx_hal_rcc_ex.o)
                0x0800b9d4                HAL_RCCEx_GetD1SysClockFreq
 .text.HAL_SAI_Init.part.0
                0x0800ba00      0x348 ../../libDaisy//build\libdaisy.a(stm32h7xx_hal_sai.o)
 .text.HAL_SAI_InitProtocol
                0x0800bd48      0x178 ../../libDaisy//build\libdaisy.a(stm32h7xx_hal_sai.o)
                0x0800bd48                HAL_SAI_InitProtocol
 .text.HAL_SAI_Transmit_DMA
                0x0800bec0      0x124 ../../libDaisy//build\libdaisy.a(stm32h7xx_hal_sai.o)
                0x0800bec0                HAL_SAI_Transmit_DMA
 .text.HAL_SAI_Receive_DMA
                0x0800bfe4       0xd0 ../../libDaisy//build\libdaisy.a(stm32h7xx_hal_sai.o)
                0x0800bfe4                HAL_SAI_Receive_DMA
 .text.HAL_SAI_TxCpltCallback
                0x0800c0b4        0x4 ../../libDaisy//build\libdaisy.a(stm32h7xx_hal_sai.o)
                0x0800c0b4                HAL_SAI_TxCpltCallback
 .text.SAI_DMATxCplt
                0x0800c0b8       0x64 ../../libDaisy//build\libdaisy.a(stm32h7xx_hal_sai.o)
 .text.HAL_SAI_TxHalfCpltCallback
                0x0800c11c        0x4 ../../libDaisy//build\libdaisy.a(stm32h7xx_hal_sai.o)
                0x0800c11c                HAL_SAI_TxHalfCpltCallback
 .text.SAI_DMATxHalfCplt
                0x0800c120        0xc ../../libDaisy//build\libdaisy.a(stm32h7xx_hal_sai.o)
 .text.SAI_DMARxCplt
                0x0800c12c       0x64 ../../libDaisy//build\libdaisy.a(stm32h7xx_hal_sai.o)
 .text.SAI_DMARxHalfCplt
                0x0800c190        0xc ../../libDaisy//build\libdaisy.a(stm32h7xx_hal_sai.o)
 .text.HAL_SAI_ErrorCallback
                0x0800c19c        0x4 ../../libDaisy//build\libdaisy.a(stm32h7xx_hal_sai.o)
                0x0800c19c                HAL_SAI_ErrorCallback
 .text.SAI_DMAError
                0x0800c1a0       0x6c ../../libDaisy//build\libdaisy.a(stm32h7xx_hal_sai.o)
 .text.HAL_SDRAM_Init
                0x0800c20c       0x54 ../../libDaisy//build\libdaisy.a(stm32h7xx_hal_sdram.o)
                0x0800c20c                HAL_SDRAM_Init
 .text.HAL_SDRAM_SendCommand
                0x0800c260       0x40 ../../libDaisy//build\libdaisy.a(stm32h7xx_hal_sdram.o)
                0x0800c260                HAL_SDRAM_SendCommand
 .text.HAL_SDRAM_ProgramRefreshRate
                0x0800c2a0       0x30 ../../libDaisy//build\libdaisy.a(stm32h7xx_hal_sdram.o)
                0x0800c2a0                HAL_SDRAM_ProgramRefreshRate
 .text.HAL_TIM_Base_Init
                0x0800c2d0      0x140 ../../libDaisy//build\libdaisy.a(stm32h7xx_hal_tim.o)
                0x0800c2d0                HAL_TIM_Base_Init
 .text.HAL_TIM_Base_DeInit
                0x0800c410       0x3c ../../libDaisy//build\libdaisy.a(stm32h7xx_hal_tim.o)
                0x0800c410                HAL_TIM_Base_DeInit
 .text.HAL_TIM_Base_Start
                0x0800c44c       0x34 ../../libDaisy//build\libdaisy.a(stm32h7xx_hal_tim.o)
                0x0800c44c                HAL_TIM_Base_Start
 .text.HAL_TIM_Base_Stop
                0x0800c480       0x34 ../../libDaisy//build\libdaisy.a(stm32h7xx_hal_tim.o)
                0x0800c480                HAL_TIM_Base_Stop
 .text.HAL_TIM_Base_Start_IT
                0x0800c4b4       0x2c ../../libDaisy//build\libdaisy.a(stm32h7xx_hal_tim.o)
                0x0800c4b4                HAL_TIM_Base_Start_IT
 .text.HAL_TIM_ConfigClockSource
                0x0800c4e0      0x17c ../../libDaisy//build\libdaisy.a(stm32h7xx_hal_tim.o)
                0x0800c4e0                HAL_TIM_ConfigClockSource
 .text.HAL_TIM_OC_DelayElapsedCallback
                0x0800c65c        0x4 ../../libDaisy//build\libdaisy.a(stm32h7xx_hal_tim.o)
                0x0800c65c                HAL_TIM_OC_DelayElapsedCallback
 .text.HAL_TIM_IC_CaptureCallback
                0x0800c660        0x4 ../../libDaisy//build\libdaisy.a(stm32h7xx_hal_tim.o)
                0x0800c660                HAL_TIM_IC_CaptureCallback
 .text.HAL_TIM_PWM_PulseFinishedCallback
                0x0800c664        0x4 ../../libDaisy//build\libdaisy.a(stm32h7xx_hal_tim.o)
                0x0800c664                HAL_TIM_PWM_PulseFinishedCallback
 .text.HAL_TIM_TriggerCallback
                0x0800c668        0x4 ../../libDaisy//build\libdaisy.a(stm32h7xx_hal_tim.o)
                0x0800c668                HAL_TIM_TriggerCallback
 .text.HAL_TIM_IRQHandler
                0x0800c66c      0x170 ../../libDaisy//build\libdaisy.a(stm32h7xx_hal_tim.o)
                0x0800c66c                HAL_TIM_IRQHandler
 .text.HAL_TIMEx_MasterConfigSynchronization
                0x0800c7dc       0x64 ../../libDaisy//build\libdaisy.a(stm32h7xx_hal_tim_ex.o)
                0x0800c7dc                HAL_TIMEx_MasterConfigSynchronization
 .text.HAL_TIMEx_CommutCallback
                0x0800c840        0x4 ../../libDaisy//build\libdaisy.a(stm32h7xx_hal_tim_ex.o)
                0x0800c840                HAL_TIMEx_CommutCallback
 .text.HAL_TIMEx_BreakCallback
                0x0800c844        0x4 ../../libDaisy//build\libdaisy.a(stm32h7xx_hal_tim_ex.o)
                0x0800c844                HAL_TIMEx_BreakCallback
 .text.HAL_TIMEx_Break2Callback
                0x0800c848        0x4 ../../libDaisy//build\libdaisy.a(stm32h7xx_hal_tim_ex.o)
                0x0800c848                HAL_TIMEx_Break2Callback
 .text.FMC_SDRAM_Init
                0x0800c84c       0x7c ../../libDaisy//build\libdaisy.a(stm32h7xx_ll_fmc.o)
                0x0800c84c                FMC_SDRAM_Init
 .text.FMC_SDRAM_Timing_Init
                0x0800c8c8       0x98 ../../libDaisy//build\libdaisy.a(stm32h7xx_ll_fmc.o)
                0x0800c8c8                FMC_SDRAM_Timing_Init
 .text.FMC_SDRAM_SendCommand
                0x0800c960       0x28 ../../libDaisy//build\libdaisy.a(stm32h7xx_ll_fmc.o)
                0x0800c960                FMC_SDRAM_SendCommand
 .text.FMC_SDRAM_ProgramRefreshRate
                0x0800c988       0x1c ../../libDaisy//build\libdaisy.a(stm32h7xx_ll_fmc.o)
                0x0800c988                FMC_SDRAM_ProgramRefreshRate
 .text.USB_CoreInit
                0x0800c9a4      0x124 ../../libDaisy//build\libdaisy.a(stm32h7xx_ll_usb.o)
                0x0800c9a4                USB_CoreInit
 .text.USB_SetTurnaroundTime
                0x0800cac8      0x104 ../../libDaisy//build\libdaisy.a(stm32h7xx_ll_usb.o)
                0x0800cac8                USB_SetTurnaroundTime
 .text.USB_EnableGlobalInt
                0x0800cbcc       0x10 ../../libDaisy//build\libdaisy.a(stm32h7xx_ll_usb.o)
                0x0800cbcc                USB_EnableGlobalInt
 .text.USB_DisableGlobalInt
                0x0800cbdc       0x10 ../../libDaisy//build\libdaisy.a(stm32h7xx_ll_usb.o)
                0x0800cbdc                USB_DisableGlobalInt
 .text.USB_SetCurrentMode
                0x0800cbec       0x30 ../../libDaisy//build\libdaisy.a(stm32h7xx_ll_usb.o)
                0x0800cbec                USB_SetCurrentMode
 .text.USB_DevInit
                0x0800cc1c      0x20c ../../libDaisy//build\libdaisy.a(stm32h7xx_ll_usb.o)
                0x0800cc1c                USB_DevInit
 .text.USB_FlushTxFifo
                0x0800ce28       0x34 ../../libDaisy//build\libdaisy.a(stm32h7xx_ll_usb.o)
                0x0800ce28                USB_FlushTxFifo
 .text.USB_GetDevSpeed
                0x0800ce5c       0x24 ../../libDaisy//build\libdaisy.a(stm32h7xx_ll_usb.o)
                0x0800ce5c                USB_GetDevSpeed
 .text.USB_ActivateEndpoint
                0x0800ce80       0x90 ../../libDaisy//build\libdaisy.a(stm32h7xx_ll_usb.o)
                0x0800ce80                USB_ActivateEndpoint
 .text.USB_DeactivateEndpoint
                0x0800cf10       0x84 ../../libDaisy//build\libdaisy.a(stm32h7xx_ll_usb.o)
                0x0800cf10                USB_DeactivateEndpoint
 .text.USB_EPStartXfer
                0x0800cf94      0x230 ../../libDaisy//build\libdaisy.a(stm32h7xx_ll_usb.o)
                0x0800cf94                USB_EPStartXfer
 .text.USB_EP0StartXfer
                0x0800d1c4      0x174 ../../libDaisy//build\libdaisy.a(stm32h7xx_ll_usb.o)
                0x0800d1c4                USB_EP0StartXfer
 .text.USB_WritePacket
                0x0800d338       0x2c ../../libDaisy//build\libdaisy.a(stm32h7xx_ll_usb.o)
                0x0800d338                USB_WritePacket
 .text.USB_ReadPacket
                0x0800d364       0x20 ../../libDaisy//build\libdaisy.a(stm32h7xx_ll_usb.o)
                0x0800d364                USB_ReadPacket
 .text.USB_EPSetStall
                0x0800d384       0x68 ../../libDaisy//build\libdaisy.a(stm32h7xx_ll_usb.o)
                0x0800d384                USB_EPSetStall
 .text.USB_EPClearStall
                0x0800d3ec       0x58 ../../libDaisy//build\libdaisy.a(stm32h7xx_ll_usb.o)
                0x0800d3ec                USB_EPClearStall
 .text.USB_SetDevAddress
                0x0800d444       0x24 ../../libDaisy//build\libdaisy.a(stm32h7xx_ll_usb.o)
                0x0800d444                USB_SetDevAddress
 .text.USB_DevConnect
                0x0800d468       0x1c ../../libDaisy//build\libdaisy.a(stm32h7xx_ll_usb.o)
                0x0800d468                USB_DevConnect
 .text.USB_DevDisconnect
                0x0800d484       0x1c ../../libDaisy//build\libdaisy.a(stm32h7xx_ll_usb.o)
                0x0800d484                USB_DevDisconnect
 .text.USB_ReadInterrupts
                0x0800d4a0       0x14 ../../libDaisy//build\libdaisy.a(stm32h7xx_ll_usb.o)
                0x0800d4a0                USB_ReadInterrupts
 .text.USB_ReadDevAllOutEpInterrupt
                0x0800d4b4       0x1c ../../libDaisy//build\libdaisy.a(stm32h7xx_ll_usb.o)
                0x0800d4b4                USB_ReadDevAllOutEpInterrupt
 .text.USB_ReadDevAllInEpInterrupt
                0x0800d4d0       0x1c ../../libDaisy//build\libdaisy.a(stm32h7xx_ll_usb.o)
                0x0800d4d0                USB_ReadDevAllInEpInterrupt
 .text.USB_ReadDevOutEPInterrupt
                0x0800d4ec       0x1c ../../libDaisy//build\libdaisy.a(stm32h7xx_ll_usb.o)
                0x0800d4ec                USB_ReadDevOutEPInterrupt
 .text.USB_ReadDevInEPInterrupt
                0x0800d508       0x38 ../../libDaisy//build\libdaisy.a(stm32h7xx_ll_usb.o)
                0x0800d508                USB_ReadDevInEPInterrupt
 .text.USB_GetMode
                0x0800d540        0x8 ../../libDaisy//build\libdaisy.a(stm32h7xx_ll_usb.o)
                0x0800d540                USB_GetMode
 .text.USB_ActivateSetup
                0x0800d548       0x38 ../../libDaisy//build\libdaisy.a(stm32h7xx_ll_usb.o)
                0x0800d548                USB_ActivateSetup
 .text.USB_EP0_OutStart
                0x0800d580       0x58 ../../libDaisy//build\libdaisy.a(stm32h7xx_ll_usb.o)
                0x0800d580                USB_EP0_OutStart
 .text.USB_InitFSLSPClkSel
                0x0800d5d8       0x44 ../../libDaisy//build\libdaisy.a(stm32h7xx_ll_usb.o)
                0x0800d5d8                USB_InitFSLSPClkSel
 .text.USB_HC_ReadInterrupt
                0x0800d61c        0x8 ../../libDaisy//build\libdaisy.a(stm32h7xx_ll_usb.o)
                0x0800d61c                USB_HC_ReadInterrupt
 .text.USB_HC_Halt
                0x0800d624       0xc0 ../../libDaisy//build\libdaisy.a(stm32h7xx_ll_usb.o)
                0x0800d624                USB_HC_Halt
 .text.USB_StopHost
                0x0800d6e4      0x2ec ../../libDaisy//build\libdaisy.a(stm32h7xx_ll_usb.o)
                0x0800d6e4                USB_StopHost
 .text.USBD_CDC_EP0_RxReady
                0x0800d9d0       0x2c ../../libDaisy//build\libdaisy.a(usbd_cdc.o)
 .text.USBD_CDC_GetFSCfgDesc
                0x0800d9fc       0x24 ../../libDaisy//build\libdaisy.a(usbd_cdc.o)
 .text.USBD_CDC_GetHSCfgDesc
                0x0800da20       0x24 ../../libDaisy//build\libdaisy.a(usbd_cdc.o)
 .text.USBD_CDC_GetOtherSpeedCfgDesc
                0x0800da44       0x24 ../../libDaisy//build\libdaisy.a(usbd_cdc.o)
 .text.USBD_CDC_GetDeviceQualifierDescriptor
                0x0800da68       0x10 ../../libDaisy//build\libdaisy.a(usbd_cdc.o)
                0x0800da68                USBD_CDC_GetDeviceQualifierDescriptor
 .text.USBD_CDC_DataOut
                0x0800da78       0x30 ../../libDaisy//build\libdaisy.a(usbd_cdc.o)
 .text.USBD_CDC_DataIn
                0x0800daa8       0x50 ../../libDaisy//build\libdaisy.a(usbd_cdc.o)
 .text.USBD_CDC_Setup
                0x0800daf8       0xcc ../../libDaisy//build\libdaisy.a(usbd_cdc.o)
 .text.USBD_CDC_DeInit
                0x0800dbc4       0x44 ../../libDaisy//build\libdaisy.a(usbd_cdc.o)
 .text.USBD_CDC_Init
                0x0800dc08       0x94 ../../libDaisy//build\libdaisy.a(usbd_cdc.o)
 .text.USBD_CDC_RegisterInterface
                0x0800dc9c       0x10 ../../libDaisy//build\libdaisy.a(usbd_cdc.o)
                0x0800dc9c                USBD_CDC_RegisterInterface
 .text.USBD_CDC_SetTxBuffer
                0x0800dcac       0x14 ../../libDaisy//build\libdaisy.a(usbd_cdc.o)
                0x0800dcac                USBD_CDC_SetTxBuffer
 .text.USBD_CDC_SetRxBuffer
                0x0800dcc0       0x10 ../../libDaisy//build\libdaisy.a(usbd_cdc.o)
                0x0800dcc0                USBD_CDC_SetRxBuffer
 .text.USBD_CDC_TransmitPacket
                0x0800dcd0       0x34 ../../libDaisy//build\libdaisy.a(usbd_cdc.o)
                0x0800dcd0                USBD_CDC_TransmitPacket
 .text.USBD_CDC_ReceivePacket
                0x0800dd04       0x38 ../../libDaisy//build\libdaisy.a(usbd_cdc.o)
                0x0800dd04                USBD_CDC_ReceivePacket
 .text.USBD_Init
                0x0800dd3c       0x44 ../../libDaisy//build\libdaisy.a(usbd_core.o)
                0x0800dd3c                USBD_Init
 .text.USBD_RegisterClass
                0x0800dd80       0x2c ../../libDaisy//build\libdaisy.a(usbd_core.o)
                0x0800dd80                USBD_RegisterClass
 .text.USBD_Start
                0x0800ddac        0xc ../../libDaisy//build\libdaisy.a(usbd_core.o)
                0x0800ddac                USBD_Start
 .text.USBD_SetClassConfig
                0x0800ddb8       0x14 ../../libDaisy//build\libdaisy.a(usbd_core.o)
                0x0800ddb8                USBD_SetClassConfig
 .text.USBD_ClrClassConfig
                0x0800ddcc       0x10 ../../libDaisy//build\libdaisy.a(usbd_core.o)
                0x0800ddcc                USBD_ClrClassConfig
 .text.USBD_LL_SetupStage
                0x0800dddc       0x5c ../../libDaisy//build\libdaisy.a(usbd_core.o)
                0x0800dddc                USBD_LL_SetupStage
 .text.USBD_LL_DataOutStage
                0x0800de38       0x7c ../../libDaisy//build\libdaisy.a(usbd_core.o)
                0x0800de38                USBD_LL_DataOutStage
 .text.USBD_LL_DataInStage
                0x0800deb4       0xcc ../../libDaisy//build\libdaisy.a(usbd_core.o)
                0x0800deb4                USBD_LL_DataInStage
 .text.USBD_LL_Reset
                0x0800df80       0x50 ../../libDaisy//build\libdaisy.a(usbd_core.o)
                0x0800df80                USBD_LL_Reset
 .text.USBD_LL_SetSpeed
                0x0800dfd0        0x8 ../../libDaisy//build\libdaisy.a(usbd_core.o)
                0x0800dfd0                USBD_LL_SetSpeed
 .text.USBD_LL_Suspend
                0x0800dfd8       0x14 ../../libDaisy//build\libdaisy.a(usbd_core.o)
                0x0800dfd8                USBD_LL_Suspend
 .text.USBD_LL_Resume
                0x0800dfec       0x10 ../../libDaisy//build\libdaisy.a(usbd_core.o)
                0x0800dfec                USBD_LL_Resume
 .text.USBD_LL_SOF
                0x0800dffc       0x1c ../../libDaisy//build\libdaisy.a(usbd_core.o)
                0x0800dffc                USBD_LL_SOF
 .text.USBD_LL_IsoINIncomplete
                0x0800e018        0x4 ../../libDaisy//build\libdaisy.a(usbd_core.o)
                0x0800e018                USBD_LL_IsoINIncomplete
 .text.USBD_LL_IsoOUTIncomplete
                0x0800e01c        0x4 ../../libDaisy//build\libdaisy.a(usbd_core.o)
                0x0800e01c                USBD_LL_IsoOUTIncomplete
 .text.USBD_LL_DevConnected
                0x0800e020        0x4 ../../libDaisy//build\libdaisy.a(usbd_core.o)
                0x0800e020                USBD_LL_DevConnected
 .text.USBD_LL_DevDisconnected
                0x0800e024       0x18 ../../libDaisy//build\libdaisy.a(usbd_core.o)
                0x0800e024                USBD_LL_DevDisconnected
 .text.USBD_StdDevReq
                0x0800e03c      0x304 ../../libDaisy//build\libdaisy.a(usbd_ctlreq.o)
                0x0800e03c                USBD_StdDevReq
 .text.USBD_StdItfReq
                0x0800e340       0x68 ../../libDaisy//build\libdaisy.a(usbd_ctlreq.o)
                0x0800e340                USBD_StdItfReq
 .text.USBD_StdEPReq
                0x0800e3a8      0x13c ../../libDaisy//build\libdaisy.a(usbd_ctlreq.o)
                0x0800e3a8                USBD_StdEPReq
 .text.USBD_ParseSetupRequest
                0x0800e4e4       0x28 ../../libDaisy//build\libdaisy.a(usbd_ctlreq.o)
                0x0800e4e4                USBD_ParseSetupRequest
 .text.USBD_CtlError
                0x0800e50c       0x18 ../../libDaisy//build\libdaisy.a(usbd_ctlreq.o)
                0x0800e50c                USBD_CtlError
 .text.USBD_GetString
                0x0800e524       0x54 ../../libDaisy//build\libdaisy.a(usbd_ctlreq.o)
                0x0800e524                USBD_GetString
 .text.USBD_CtlSendData
                0x0800e578       0x1c ../../libDaisy//build\libdaisy.a(usbd_ioreq.o)
                0x0800e578                USBD_CtlSendData
 .text.USBD_CtlContinueSendData
                0x0800e594       0x14 ../../libDaisy//build\libdaisy.a(usbd_ioreq.o)
                0x0800e594                USBD_CtlContinueSendData
 .text.USBD_CtlPrepareRx
                0x0800e5a8       0x1c ../../libDaisy//build\libdaisy.a(usbd_ioreq.o)
                0x0800e5a8                USBD_CtlPrepareRx
 .text.USBD_CtlContinueRx
                0x0800e5c4       0x14 ../../libDaisy//build\libdaisy.a(usbd_ioreq.o)
                0x0800e5c4                USBD_CtlContinueRx
 .text.USBD_CtlSendStatus
                0x0800e5d8       0x18 ../../libDaisy//build\libdaisy.a(usbd_ioreq.o)
                0x0800e5d8                USBD_CtlSendStatus
 .text.USBD_CtlReceiveStatus
                0x0800e5f0       0x18 ../../libDaisy//build\libdaisy.a(usbd_ioreq.o)
                0x0800e5f0                USBD_CtlReceiveStatus
 .text.USBH_LL_IncTimer
                0x0800e608       0x20 ../../libDaisy//build\libdaisy.a(usbh_core.o)
                0x0800e608                USBH_LL_IncTimer
 .text.USBH_LL_PortEnabled
                0x0800e628        0x8 ../../libDaisy//build\libdaisy.a(usbh_core.o)
                0x0800e628                USBH_LL_PortEnabled
 .text.USBH_LL_PortDisabled
                0x0800e630        0x8 ../../libDaisy//build\libdaisy.a(usbh_core.o)
                0x0800e630                USBH_LL_PortDisabled
 .text.USBH_LL_Connect
                0x0800e638       0x18 ../../libDaisy//build\libdaisy.a(usbh_core.o)
                0x0800e638                USBH_LL_Connect
 .text.USBH_LL_Disconnect
                0x0800e650       0x2c ../../libDaisy//build\libdaisy.a(usbh_core.o)
                0x0800e650                USBH_LL_Disconnect
 .text.USBH_FreePipe
                0x0800e67c       0x18 ../../libDaisy//build\libdaisy.a(usbh_pipes.o)
                0x0800e67c                USBH_FreePipe
 .text._ZN5daisy6Random4InitEv
                0x0800e694       0x3c ../../libDaisy//build\libdaisy.a(rng.o)
                0x0800e694                daisy::Random::Init()
 .text._ZN5daisy9SpiHandle4Impl7InitDmaEv
                0x0800e6d0       0xec ../../libDaisy//build\libdaisy.a(spi.o)
                0x0800e6d0                daisy::SpiHandle::Impl::InitDma()
 .text._ZN5daisy9SpiHandle4Impl10StartDmaTxEPhjPFvPvEPFvS3_NS0_6ResultEES3_
                0x0800e7bc       0xc8 ../../libDaisy//build\libdaisy.a(spi.o)
                0x0800e7bc                daisy::SpiHandle::Impl::StartDmaTx(unsigned char*, unsigned int, void (*)(void*), void (*)(void*, daisy::SpiHandle::Result), void*)
 .text._ZN5daisy9SpiHandle4Impl10StartDmaRxEPhjPFvPvEPFvS3_NS0_6ResultEES3_
                0x0800e884       0xc8 ../../libDaisy//build\libdaisy.a(spi.o)
                0x0800e884                daisy::SpiHandle::Impl::StartDmaRx(unsigned char*, unsigned int, void (*)(void*), void (*)(void*, daisy::SpiHandle::Result), void*)
 .text._ZN5daisy9SpiHandle4Impl12StartDmaRxTxEPhS2_jPFvPvEPFvS3_NS0_6ResultEES3_
                0x0800e94c       0xcc ../../libDaisy//build\libdaisy.a(spi.o)
                0x0800e94c                daisy::SpiHandle::Impl::StartDmaRxTx(unsigned char*, unsigned char*, unsigned int, void (*)(void*), void (*)(void*, daisy::SpiHandle::Result), void*)
 .text._ZN5daisy9SpiHandle4Impl8InitPinsEv
                0x0800ea18      0x274 ../../libDaisy//build\libdaisy.a(spi.o)
                0x0800ea18                daisy::SpiHandle::Impl::InitPins()
 .text.HAL_SPI_MspInit
                0x0800ec8c      0x1a8 ../../libDaisy//build\libdaisy.a(spi.o)
                0x0800ec8c                HAL_SPI_MspInit
 .text.dsy_spi_global_init
                0x0800ee34       0x80 ../../libDaisy//build\libdaisy.a(spi.o)
                0x0800ee34                dsy_spi_global_init
 .text.SPI1_IRQHandler
                0x0800eeb4        0xc ../../libDaisy//build\libdaisy.a(spi.o)
                0x0800eeb4                SPI1_IRQHandler
 .text.SPI2_IRQHandler
                0x0800eec0        0xc ../../libDaisy//build\libdaisy.a(spi.o)
                0x0800eec0                SPI2_IRQHandler
 .text.SPI3_IRQHandler
                0x0800eecc        0xc ../../libDaisy//build\libdaisy.a(spi.o)
                0x0800eecc                SPI3_IRQHandler
 .text.SPI4_IRQHandler
                0x0800eed8        0xc ../../libDaisy//build\libdaisy.a(spi.o)
                0x0800eed8                SPI4_IRQHandler
 .text.SPI5_IRQHandler
                0x0800eee4        0xc ../../libDaisy//build\libdaisy.a(spi.o)
                0x0800eee4                SPI5_IRQHandler
 .text.DMA2_Stream2_IRQHandler
                0x0800eef0       0x34 ../../libDaisy//build\libdaisy.a(spi.o)
                0x0800eef0                DMA2_Stream2_IRQHandler
 .text.DMA2_Stream3_IRQHandler
                0x0800ef24       0x38 ../../libDaisy//build\libdaisy.a(spi.o)
                0x0800ef24                DMA2_Stream3_IRQHandler
 .text.HAL_SPI_TxCpltCallback
                0x0800ef5c       0xc4 ../../libDaisy//build\libdaisy.a(spi.o)
                0x0800ef5c                HAL_SPI_TxCpltCallback
 .text.HAL_SPI_RxCpltCallback
                0x0800f020       0xc4 ../../libDaisy//build\libdaisy.a(spi.o)
                0x0800f020                HAL_SPI_RxCpltCallback
 .text.HAL_SPI_TxRxCpltCallback
                0x0800f0e4       0xc4 ../../libDaisy//build\libdaisy.a(spi.o)
                0x0800f0e4                HAL_SPI_TxRxCpltCallback
 .text.HAL_SPI_ErrorCallback
                0x0800f1a8       0xc8 ../../libDaisy//build\libdaisy.a(spi.o)
                0x0800f1a8                HAL_SPI_ErrorCallback
 .text.startup._GLOBAL__sub_I__Z19MapInstanceToHandleP11SPI_TypeDef
                0x0800f270      0x1b0 ../../libDaisy//build\libdaisy.a(spi.o)
 .text._ZN5daisy11UartHandler4Impl7InitDmaEbb
                0x0800f420      0x164 ../../libDaisy//build\libdaisy.a(uart.o)
                0x0800f420                daisy::UartHandler::Impl::InitDma(bool, bool)
 .text._ZN5daisy11UartHandler4Impl10HandleFifoEv
                0x0800f584       0xec ../../libDaisy//build\libdaisy.a(uart.o)
                0x0800f584                daisy::UartHandler::Impl::HandleFifo()
 .text._ZN5daisy11UartHandler4Impl10StartDmaTxEPhjPFvPvEPFvS3_NS0_6ResultEES3_
                0x0800f670       0xcc ../../libDaisy//build\libdaisy.a(uart.o)
                0x0800f670                daisy::UartHandler::Impl::StartDmaTx(unsigned char*, unsigned int, void (*)(void*), void (*)(void*, daisy::UartHandler::Result), void*)
 .text._ZN5daisy11UartHandler4Impl10StartDmaRxEPhjPFvPvEPFvS3_NS0_6ResultEES3_
                0x0800f73c       0xcc ../../libDaisy//build\libdaisy.a(uart.o)
                0x0800f73c                daisy::UartHandler::Impl::StartDmaRx(unsigned char*, unsigned int, void (*)(void*), void (*)(void*, daisy::UartHandler::Result), void*)
 .text._ZN5daisy11UartHandler4Impl19DmaTransferFinishedEP20__UART_HandleTypeDefNS0_6ResultE
                0x0800f808       0xc0 ../../libDaisy//build\libdaisy.a(uart.o)
                0x0800f808                daisy::UartHandler::Impl::DmaTransferFinished(__UART_HandleTypeDef*, daisy::UartHandler::Result)
 .text._ZN5daisy11UartHandler4Impl8InitPinsEv
                0x0800f8c8      0x150 ../../libDaisy//build\libdaisy.a(uart.o)
                0x0800f8c8                daisy::UartHandler::Impl::InitPins()
 .text.HAL_UART_MspInit
                0x0800fa18      0x210 ../../libDaisy//build\libdaisy.a(uart.o)
                0x0800fa18                HAL_UART_MspInit
 .text.dsy_uart_global_init
                0x0800fc28      0x110 ../../libDaisy//build\libdaisy.a(uart.o)
                0x0800fc28                dsy_uart_global_init
 .text.USART1_IRQHandler
                0x0800fd38       0x30 ../../libDaisy//build\libdaisy.a(uart.o)
                0x0800fd38                USART1_IRQHandler
 .text.USART2_IRQHandler
                0x0800fd68       0x34 ../../libDaisy//build\libdaisy.a(uart.o)
                0x0800fd68                USART2_IRQHandler
 .text.USART3_IRQHandler
                0x0800fd9c       0x34 ../../libDaisy//build\libdaisy.a(uart.o)
                0x0800fd9c                USART3_IRQHandler
 .text.UART4_IRQHandler
                0x0800fdd0       0x34 ../../libDaisy//build\libdaisy.a(uart.o)
                0x0800fdd0                UART4_IRQHandler
 .text.UART5_IRQHandler
                0x0800fe04       0x34 ../../libDaisy//build\libdaisy.a(uart.o)
                0x0800fe04                UART5_IRQHandler
 .text.USART6_IRQHandler
                0x0800fe38       0x34 ../../libDaisy//build\libdaisy.a(uart.o)
                0x0800fe38                USART6_IRQHandler
 .text.UART7_IRQHandler
                0x0800fe6c       0x30 ../../libDaisy//build\libdaisy.a(uart.o)
                0x0800fe6c                UART7_IRQHandler
 .text.UART8_IRQHandler
                0x0800fe9c       0x34 ../../libDaisy//build\libdaisy.a(uart.o)
                0x0800fe9c                UART8_IRQHandler
 .text.LPUART1_IRQHandler
                0x0800fed0       0x34 ../../libDaisy//build\libdaisy.a(uart.o)
                0x0800fed0                LPUART1_IRQHandler
 .text.DMA1_Stream5_IRQHandler
                0x0800ff04       0x34 ../../libDaisy//build\libdaisy.a(uart.o)
                0x0800ff04                DMA1_Stream5_IRQHandler
 .text.DMA2_Stream4_IRQHandler
                0x0800ff38       0x34 ../../libDaisy//build\libdaisy.a(uart.o)
                0x0800ff38                DMA2_Stream4_IRQHandler
 .text.HAL_UART_TxCpltCallback
                0x0800ff6c        0x8 ../../libDaisy//build\libdaisy.a(uart.o)
                0x0800ff6c                HAL_UART_TxCpltCallback
 .text.HAL_UART_RxCpltCallback
                0x0800ff74        0x8 ../../libDaisy//build\libdaisy.a(uart.o)
                0x0800ff74                HAL_UART_RxCpltCallback
 .text.HAL_UART_ErrorCallback
                0x0800ff7c        0x8 ../../libDaisy//build\libdaisy.a(uart.o)
                0x0800ff7c                HAL_UART_ErrorCallback
 .text.startup._GLOBAL__sub_I__Z19MapInstanceToHandleP13USART_TypeDef
                0x0800ff84      0x190 ../../libDaisy//build\libdaisy.a(uart.o)
 .text.dsy_dma_init
                0x08010114      0x100 ../../libDaisy//build\libdaisy.a(dma.o)
                0x08010114                dsy_dma_init
 .text.HAL_MDMA_Abort_IT
                0x08010214       0x2c ../../libDaisy//build\libdaisy.a(stm32h7xx_hal_mdma.o)
                0x08010214                HAL_MDMA_Abort_IT
 .text.SPI_CloseTransfer
                0x08010240       0xb8 ../../libDaisy//build\libdaisy.a(stm32h7xx_hal_spi.o)
 .text.HAL_SPI_Init
                0x080102f8      0x15c ../../libDaisy//build\libdaisy.a(stm32h7xx_hal_spi.o)
                0x080102f8                HAL_SPI_Init
 .text.HAL_SPI_Transmit_DMA
                0x08010454      0x170 ../../libDaisy//build\libdaisy.a(stm32h7xx_hal_spi.o)
                0x08010454                HAL_SPI_Transmit_DMA
 .text.HAL_SPI_TransmitReceive_DMA
                0x080105c4      0x218 ../../libDaisy//build\libdaisy.a(stm32h7xx_hal_spi.o)
                0x080105c4                HAL_SPI_TransmitReceive_DMA
 .text.HAL_SPI_Receive_DMA